Component: ARM Compiler 5.06 update 5 (build 528) Tool: armlink [4d35e2]

==============================================================================

Section Cross References

    startup_stm32f411xe.o(RESET) refers to startup_stm32f411xe.o(STACK) for __initial_sp
    startup_stm32f411xe.o(RESET) refers to startup_stm32f411xe.o(.text) for Reset_Handler
    startup_stm32f411xe.o(RESET) refers to stm32f4xx_it.o(i.NMI_Handler) for NMI_Handler
    startup_stm32f411xe.o(RESET) refers to stm32f4xx_it.o(i.HardFault_Handler) for HardFault_Handler
    startup_stm32f411xe.o(RESET) refers to stm32f4xx_it.o(i.MemManage_Handler) for MemManage_Handler
    startup_stm32f411xe.o(RESET) refers to stm32f4xx_it.o(i.BusFault_Handler) for BusFault_Handler
    startup_stm32f411xe.o(RESET) refers to stm32f4xx_it.o(i.UsageFault_Handler) for UsageFault_Handler
    startup_stm32f411xe.o(RESET) refers to stm32f4xx_it.o(i.SVC_Handler) for SVC_Handler
    startup_stm32f411xe.o(RESET) refers to stm32f4xx_it.o(i.DebugMon_Handler) for DebugMon_Handler
    startup_stm32f411xe.o(RESET) refers to stm32f4xx_it.o(i.PendSV_Handler) for PendSV_Handler
    startup_stm32f411xe.o(RESET) refers to stm32f4xx_it.o(i.SysTick_Handler) for SysTick_Handler
    startup_stm32f411xe.o(RESET) refers to stm32f4xx_it.o(i.DMA1_Stream5_IRQHandler) for DMA1_Stream5_IRQHandler
    startup_stm32f411xe.o(RESET) refers to stm32f4xx_it.o(i.DMA1_Stream6_IRQHandler) for DMA1_Stream6_IRQHandler
    startup_stm32f411xe.o(RESET) refers to stm32f4xx_it.o(i.TIM1_UP_TIM10_IRQHandler) for TIM1_UP_TIM10_IRQHandler
    startup_stm32f411xe.o(RESET) refers to stm32f4xx_it.o(i.USART2_IRQHandler) for USART2_IRQHandler
    startup_stm32f411xe.o(RESET) refers to stm32f4xx_it.o(i.USART6_IRQHandler) for USART6_IRQHandler
    startup_stm32f411xe.o(.text) refers to system_stm32f4xx.o(i.SystemInit) for SystemInit
    startup_stm32f411xe.o(.text) refers to entry.o(.ARM.Collect$$$$00000000) for __main
    system_stm32f4xx.o(i.SystemCoreClockUpdate) refers to system_stm32f4xx.o(.data) for .data
    system_stm32f4xx.o(i.SystemCoreClockUpdate) refers to system_stm32f4xx.o(.constdata) for .constdata
    stm32f4xx_hal_spi.o(i.HAL_SPI_Abort) refers to stm32f4xx_hal_dma.o(i.HAL_DMA_Abort) for HAL_DMA_Abort
    stm32f4xx_hal_spi.o(i.HAL_SPI_Abort) refers to system_stm32f4xx.o(.data) for SystemCoreClock
    stm32f4xx_hal_spi.o(i.HAL_SPI_Abort) refers to stm32f4xx_hal_spi.o(i.SPI_AbortTx_ISR) for SPI_AbortTx_ISR
    stm32f4xx_hal_spi.o(i.HAL_SPI_Abort) refers to stm32f4xx_hal_spi.o(i.SPI_AbortRx_ISR) for SPI_AbortRx_ISR
    stm32f4xx_hal_spi.o(i.HAL_SPI_Abort_IT) refers to stm32f4xx_hal_dma.o(i.HAL_DMA_Abort_IT) for HAL_DMA_Abort_IT
    stm32f4xx_hal_spi.o(i.HAL_SPI_Abort_IT) refers to stm32f4xx_hal_spi.o(i.HAL_SPI_AbortCpltCallback) for HAL_SPI_AbortCpltCallback
    stm32f4xx_hal_spi.o(i.HAL_SPI_Abort_IT) refers to system_stm32f4xx.o(.data) for SystemCoreClock
    stm32f4xx_hal_spi.o(i.HAL_SPI_Abort_IT) refers to stm32f4xx_hal_spi.o(i.SPI_AbortTx_ISR) for SPI_AbortTx_ISR
    stm32f4xx_hal_spi.o(i.HAL_SPI_Abort_IT) refers to stm32f4xx_hal_spi.o(i.SPI_AbortRx_ISR) for SPI_AbortRx_ISR
    stm32f4xx_hal_spi.o(i.HAL_SPI_Abort_IT) refers to stm32f4xx_hal_spi.o(i.SPI_DMATxAbortCallback) for SPI_DMATxAbortCallback
    stm32f4xx_hal_spi.o(i.HAL_SPI_Abort_IT) refers to stm32f4xx_hal_spi.o(i.SPI_DMARxAbortCallback) for SPI_DMARxAbortCallback
    stm32f4xx_hal_spi.o(i.HAL_SPI_DMAStop) refers to stm32f4xx_hal_dma.o(i.HAL_DMA_Abort) for HAL_DMA_Abort
    stm32f4xx_hal_spi.o(i.HAL_SPI_DeInit) refers to spi.o(i.HAL_SPI_MspDeInit) for HAL_SPI_MspDeInit
    stm32f4xx_hal_spi.o(i.HAL_SPI_IRQHandler) refers to stm32f4xx_hal_dma.o(i.HAL_DMA_Abort_IT) for HAL_DMA_Abort_IT
    stm32f4xx_hal_spi.o(i.HAL_SPI_IRQHandler) refers to stm32f4xx_hal_spi.o(i.HAL_SPI_ErrorCallback) for HAL_SPI_ErrorCallback
    stm32f4xx_hal_spi.o(i.HAL_SPI_IRQHandler) refers to stm32f4xx_hal_spi.o(i.SPI_DMAAbortOnError) for SPI_DMAAbortOnError
    stm32f4xx_hal_spi.o(i.HAL_SPI_Init) refers to spi.o(i.HAL_SPI_MspInit) for HAL_SPI_MspInit
    stm32f4xx_hal_spi.o(i.HAL_SPI_Receive) refers to stm32f4xx_hal.o(i.HAL_GetTick) for HAL_GetTick
    stm32f4xx_hal_spi.o(i.HAL_SPI_Receive) refers to stm32f4xx_hal_spi.o(i.HAL_SPI_TransmitReceive) for HAL_SPI_TransmitReceive
    stm32f4xx_hal_spi.o(i.HAL_SPI_Receive) refers to stm32f4xx_hal_spi.o(i.SPI_EndRxTransaction) for SPI_EndRxTransaction
    stm32f4xx_hal_spi.o(i.HAL_SPI_Receive_DMA) refers to stm32f4xx_hal_spi.o(i.HAL_SPI_TransmitReceive_DMA) for HAL_SPI_TransmitReceive_DMA
    stm32f4xx_hal_spi.o(i.HAL_SPI_Receive_DMA) refers to stm32f4xx_hal_dma.o(i.HAL_DMA_Start_IT) for HAL_DMA_Start_IT
    stm32f4xx_hal_spi.o(i.HAL_SPI_Receive_DMA) refers to stm32f4xx_hal_spi.o(i.SPI_DMAHalfReceiveCplt) for SPI_DMAHalfReceiveCplt
    stm32f4xx_hal_spi.o(i.HAL_SPI_Receive_DMA) refers to stm32f4xx_hal_spi.o(i.SPI_DMAReceiveCplt) for SPI_DMAReceiveCplt
[...]
    ..\Core\Src\system_stm32f4xx.c           0x00000000   Number         0  system_stm32f4xx.o ABSOLUTE
    ..\Core\Src\tim.c                        0x00000000   Number         0  tim.o ABSOLUTE
    ..\Core\Src\usart.c                      0x00000000   Number         0  usart.o ABSOLUTE
    ..\Drivers\STM32F4xx_HAL_Driver\Src\stm32f4xx_hal.c 0x00000000   Number         0  stm32f4xx_hal.o ABSOLUTE
    ..\Drivers\STM32F4xx_HAL_Driver\Src\stm32f4xx_hal_cortex.c 0x00000000   Number         0  stm32f4xx_hal_cortex.o ABSOLUTE
    ..\Drivers\STM32F4xx_HAL_Driver\Src\stm32f4xx_hal_dma.c 0x00000000   Number         0  stm32f4xx_hal_dma.o ABSOLUTE
    ..\Drivers\STM32F4xx_HAL_Driver\Src\stm32f4xx_hal_dma_ex.c 0x00000000   Number         0  stm32f4xx_hal_dma_ex.o ABSOLUTE
    ..\Drivers\STM32F4xx_HAL_Driver\Src\stm32f4xx_hal_exti.c 0x00000000   Number         0  stm32f4xx_hal_exti.o ABSOLUTE
    ..\Drivers\STM32F4xx_HAL_Driver\Src\stm32f4xx_hal_flash.c 0x00000000   Number         0  stm32f4xx_hal_flash.o ABSOLUTE
    ..\Drivers\STM32F4xx_HAL_Driver\Src\stm32f4xx_hal_flash_ex.c 0x00000000   Number         0  stm32f4xx_hal_flash_ex.o ABSOLUTE
    ..\Drivers\STM32F4xx_HAL_Driver\Src\stm32f4xx_hal_flash_ramfunc.c 0x00000000   Number         0  stm32f4xx_hal_flash_ramfunc.o ABSOLUTE
    ..\Drivers\STM32F4xx_HAL_Driver\Src\stm32f4xx_hal_gpio.c 0x00000000   Number         0  stm32f4xx_hal_gpio.o ABSOLUTE
    ..\Drivers\STM32F4xx_HAL_Driver\Src\stm32f4xx_hal_pwr.c 0x00000000   Number         0  stm32f4xx_hal_pwr.o ABSOLUTE
    ..\Drivers\STM32F4xx_HAL_Driver\Src\stm32f4xx_hal_pwr_ex.c 0x00000000   Number         0  stm32f4xx_hal_pwr_ex.o ABSOLUTE
    ..\Drivers\STM32F4xx_HAL_Driver\Src\stm32f4xx_hal_rcc.c 0x00000000   Number         0  stm32f4xx_hal_rcc.o ABSOLUTE
    ..\Drivers\STM32F4xx_HAL_Driver\Src\stm32f4xx_hal_rcc_ex.c 0x00000000   Number         0  stm32f4xx_hal_rcc_ex.o ABSOLUTE
    ..\Drivers\STM32F4xx_HAL_Driver\Src\stm32f4xx_hal_spi.c 0x00000000   Number         0  stm32f4xx_hal_spi.o ABSOLUTE
    ..\Drivers\STM32F4xx_HAL_Driver\Src\stm32f4xx_hal_tim.c 0x00000000   Number         0  stm32f4xx_hal_tim.o ABSOLUTE
    ..\Drivers\STM32F4xx_HAL_Driver\Src\stm32f4xx_hal_tim_ex.c 0x00000000   Number         0  stm32f4xx_hal_tim_ex.o ABSOLUTE
    ..\Drivers\STM32F4xx_HAL_Driver\Src\stm32f4xx_hal_uart.c 0x00000000   Number         0  stm32f4xx_hal_uart.o ABSOLUTE
    ..\\..\\Source\\MatrixFunctions\\arm_mat_add_f32.c 0x00000000   Number         0  arm_mat_add_f32.o ABSOLUTE
    ..\\..\\Source\\MatrixFunctions\\arm_mat_init_f32.c 0x00000000   Number         0  arm_mat_init_f32.o ABSOLUTE
    ..\\..\\Source\\MatrixFunctions\\arm_mat_inverse_f32.c 0x00000000   Number         0  arm_mat_inverse_f32.o ABSOLUTE
    ..\\..\\Source\\MatrixFunctions\\arm_mat_mult_f32.c 0x00000000   Number         0  arm_mat_mult_f32.o ABSOLUTE
    ..\\..\\Source\\MatrixFunctions\\arm_mat_sub_f32.c 0x00000000   Number         0  arm_mat_sub_f32.o ABSOLUTE
    ..\\..\\Source\\MatrixFunctions\\arm_mat_trans_f32.c 0x00000000   Number         0  arm_mat_trans_f32.o ABSOLUTE
    ..\\..\\Source\\StatisticsFunctions\\arm_mean_f32.c 0x00000000   Number         0  arm_mean_f32.o ABSOLUTE
    ..\\..\\Source\\StatisticsFunctions\\arm_var_f32.c 0x00000000   Number         0  arm_var_f32.o ABSOLUTE
    ..\\App\\BMI088_Read.c                   0x00000000   Number         0  bmi088_read.o ABSOLUTE
    ..\\App\\Comm_Task.c                     0x00000000   Number         0  comm_task.o ABSOLUTE
    ..\\App\\IMU_AHRSupdate.c                0x00000000   Number         0  imu_ahrsupdate.o ABSOLUTE
    ..\\App\\IST8310_Read.c                  0x00000000   Number         0  ist8310_read.o ABSOLUTE
    ..\\App\\Status_Task.c                   0x00000000   Number         0  status_task.o ABSOLUTE
    ..\\bsp\\bsp_JY901.c                     0x00000000   Number         0  bsp_jy901.o ABSOLUTE
    ..\\bsp\\bsp_bmi088.c                    0x00000000   Number         0  bsp_bmi088.o ABSOLUTE
    ..\\bsp\\bsp_delay.c                     0x00000000   Number         0  bsp_delay.o ABSOLUTE
    ..\\bsp\\bsp_dwt.c                       0x00000000   Number         0  bsp_dwt.o ABSOLUTE
    ..\\bsp\\bsp_flash.c                     0x00000000   Number         0  bsp_flash.o ABSOLUTE
    ..\\bsp\\bsp_iic.c                       0x00000000   Number         0  bsp_iic.o ABSOLUTE
    ..\\bsp\\bsp_imu.c                       0x00000000   Number         0  bsp_imu.o ABSOLUTE
    ..\\bsp\\bsp_ist8310.c                   0x00000000   Number         0  bsp_ist8310.o ABSOLUTE
    ..\\bsp\\bsp_spi.c                       0x00000000   Number         0  bsp_spi.o ABSOLUTE
    ..\\bsp\\bsp_uart.c                      0x00000000   Number         0  bsp_uart.o ABSOLUTE
    ..\\mathlib\\Algorithm\\QuaternionEKF.c  0x00000000   Number         0  quaternionekf.o ABSOLUTE
    ..\\mathlib\\Calibration.c               0x00000000   Number         0  calibration.o ABSOLUTE
    ..\\mathlib\\Filter.c                    0x00000000   Number         0  filter.o ABSOLUTE
    ..\\mathlib\\KalmanFilter.c              0x00000000   Number         0  kalmanfilter.o ABSOLUTE
    ..\\mathlib\\data_processing.c           0x00000000   Number         0  data_processing.o ABSOLUTE
    ..\\mathlib\\kalman_filter.c             0x00000000   Number         0  kalman_filter.o ABSOLUTE
    ..\\mathlib\\pid.c                       0x00000000   Number         0  pid.o ABSOLUTE
    ..\bsp\bsp_JY901.c                       0x00000000   Number         0  bsp_jy901.o ABSOLUTE
    ..\bsp\bsp_bmi088.c                      0x00000000   Number         0  bsp_bmi088.o ABSOLUTE
    ..\bsp\bsp_can.c                         0x00000000   Number         0  bsp_can.o ABSOLUTE
    ..\bsp\bsp_delay.c                       0x00000000   Number         0  bsp_delay.o ABSOLUTE
    ..\bsp\bsp_dwt.c                         0x00000000   Number         0  bsp_dwt.o ABSOLUTE
    ..\bsp\bsp_flash.c                       0x00000000   Number         0  bsp_flash.o ABSOLUTE
    ..\bsp\bsp_iic.c                         0x00000000   Number         0  bsp_iic.o ABSOLUTE
    ..\bsp\bsp_imu.c                         0x00000000   Number         0  bsp_imu.o ABSOLUTE
    ..\bsp\bsp_ist8310.c                     0x00000000   Number         0  bsp_ist8310.o ABSOLUTE
    ..\bsp\bsp_spi.c                         0x00000000   Number         0  bsp_spi.o ABSOLUTE
    ..\bsp\bsp_uart.c                        0x00000000   Number         0  bsp_uart.o ABSOLUTE
    ..\mathlib\Algorithm\QuaternionEKF.c     0x00000000   Number         0  quaternionekf.o ABSOLUTE
    ..\mathlib\Calibration.c                 0x00000000   Number         0  calibration.o ABSOLUTE
    ..\mathlib\Filter.c                      0x00000000   Number         0  filter.o ABSOLUTE
    ..\mathlib\KalmanFilter.c                0x00000000   Number         0  kalmanfilter.o ABSOLUTE
    ..\mathlib\data_processing.c             0x00000000   Number         0  data_processing.o ABSOLUTE
    ..\mathlib\kalman_filter.c               0x00000000   Number         0  kalman_filter.o ABSOLUTE
    ..\mathlib\pid.c                         0x00000000   Number         0  pid.o ABSOLUTE
    cdcmple.s                                0x00000000   Number         0  cdcmple.o ABSOLUTE
    cdrcmple.s                               0x00000000   Number         0  cdrcmple.o ABSOLUTE
    dc.s                                     0x00000000   Number         0  dc.o ABSOLUTE
    handlers.s                               0x00000000   Number         0  handlers.o ABSOLUTE
    init.s                                   0x00000000   Number         0  init.o ABSOLUTE
    startup_stm32f411xe.s                    0x00000000   Number         0  startup_stm32f411xe.o ABSOLUTE
    RESET                                    0x08000000   Section      408  startup_stm32f411xe.o(RESET)
    .ARM.Collect$$$$00000000                 0x08000198   Section        0  entry.o(.ARM.Collect$$$$00000000)
    .ARM.Collect$$$$00000001                 0x08000198   Section        4  entry2.o(.ARM.Collect$$$$00000001)
    .ARM.Collect$$$$00000004                 0x0800019c   Section        4  entry5.o(.ARM.Collect$$$$00000004)
    .ARM.Collect$$$$00000008                 0x080001a0   Section        0  entry7b.o(.ARM.Collect$$$$00000008)
    .ARM.Collect$$$$0000000A                 0x080001a0   Section        0  entry8b.o(.ARM.Collect$$$$0000000A)
    .ARM.Collect$$$$0000000B                 0x080001a0   Section        8  entry9a.o(.ARM.Collect$$$$0000000B)
    .ARM.Collect$$$$0000000D                 0x080001a8   Section        0  entry10a.o(.ARM.Collect$$$$0000000D)
    .ARM.Collect$$$$0000000F                 0x080001a8   Section        0  entry11a.o(.ARM.Collect$$$$0000000F)
    .ARM.Collect$$$$00002712                 0x080001a8   Section        4  entry2.o(.ARM.Collect$$$$00002712)
    __lit__00000000                          0x080001a8   Data           4  entry2.o(.ARM.Collect$$$$00002712)
    .text                                    0x080001ac   Section       36  startup_stm32f411xe.o(.text)
    $v0                                      0x080001ac   Number         0  startup_stm32f411xe.o(.text)
    .text                                    0x080001d0   Section        0  uldiv.o(.text)
    .text                                    0x08000232   Section        0  memseta.o(.text)
    .text                                    0x08000256   Section        0  dadd.o(.text)
    .text                                    0x080003a4   Section        0  dmul.o(.text)
    .text                                    0x08000488   Section        0  ddiv.o(.text)
    .text                                    0x08000566   Section        0  dflti.o(.text)
    .text                                    0x08000588   Section        0  f2d.o(.text)
    .text                                    0x080005ae   Section        0  d2f.o(.text)
    .text                                    0x080005e6   Section        0  uidiv.o(.text)
    .text                                    0x08000612   Section        0  llshl.o(.text)
    .text                                    0x08000630   Section        0  llushr.o(.text)
    .text                                    0x08000650   Section        0  llsshr.o(.text)
    .text                                    0x08000674   Section        0  fepilogue.o(.text)
    .text                                    0x08000674   Section        0  iusefp.o(.text)
    .text                                    0x080006e2   Section        0  depilogue.o(.text)
    .text                                    0x0800079c   Section        0  dfixul.o(.text)
    .text                                    0x080007cc   Section       48  cdrcmple.o(.text)
    .text                                    0x080007fc   Section       36  init.o(.text)
    i.BMI088_Calibration_Write               0x08000820   Section        0  calibration.o(i.BMI088_Calibration_Write)
    i.BMI088_Filter                          0x08000a28   Section        0  filter.o(i.BMI088_Filter)
    i.BMI088_Init                            0x08000bc4   Section        0  bsp_bmi088.o(i.BMI088_Init)
    i.BMI088_Read_Reg                        0x08000ce8   Section        0  bsp_spi.o(i.BMI088_Read_Reg)
    i.BMI088_Write_Reg                       0x08000d4c   Section        0  bsp_spi.o(i.BMI088_Write_Reg)
    i.BMI088_original_data_read              0x08000d98   Section        0  bsp_bmi088.o(i.BMI088_original_data_read)
    i.BMI088_temp_data_read                  0x08000e74   Section        0  bsp_bmi088.o(i.BMI088_temp_data_read)
    i.BusFault_Handler                       0x08000f34   Section        0  stm32f4xx_it.o(i.BusFault_Handler)
    i.Butterworth_Parameter_Init             0x08000f38   Section        0  filter.o(i.Butterworth_Parameter_Init)
    i.DMA1_Stream5_IRQHandler                0x08000f74   Section        0  stm32f4xx_it.o(i.DMA1_Stream5_IRQHandler)
    i.DMA1_Stream6_IRQHandler                0x08000f80   Section        0  stm32f4xx_it.o(i.DMA1_Stream6_IRQHandler)
    i.DMA_CalcBaseAndBitshift                0x08000f8c   Section        0  stm32f4xx_hal_dma.o(i.DMA_CalcBaseAndBitshift)
    DMA_CalcBaseAndBitshift                  0x08000f8d   Thumb Code    34  stm32f4xx_hal_dma.o(i.DMA_CalcBaseAndBitshift)
    i.DMA_CheckFifoParam                     0x08000fb4   Section        0  stm32f4xx_hal_dma.o(i.DMA_CheckFifoParam)
    DMA_CheckFifoParam                       0x08000fb5   Thumb Code    84  stm32f4xx_hal_dma.o(i.DMA_CheckFifoParam)
    i.Data_Not_Ready                         0x08001008   Section        0  status_task.o(i.Data_Not_Ready)
    i.Data_Ready                             0x08001020   Section        0  status_task.o(i.Data_Ready)
    i.DebugMon_Handler                       0x08001050   Section        0  stm32f4xx_it.o(i.DebugMon_Handler)
    i.Error_Handler                          0x08001052   Section        0  main.o(i.Error_Handler)
    i.FLASH_Erase_Sector                     0x08001058   Section        0  stm32f4xx_hal_flash_ex.o(i.FLASH_Erase_Sector)
    i.FLASH_FlushCaches                      0x080010a8   Section        0  stm32f4xx_hal_flash_ex.o(i.FLASH_FlushCaches)
    i.FLASH_MassErase                        0x080010fc   Section        0  stm32f4xx_hal_flash_ex.o(i.FLASH_MassErase)
    FLASH_MassErase                          0x080010fd   Thumb Code    34  stm32f4xx_hal_flash_ex.o(i.FLASH_MassErase)
    i.FLASH_Program_Byte                     0x08001124   Section        0  stm32f4xx_hal_flash.o(i.FLASH_Program_Byte)
    FLASH_Program_Byte                       0x08001125   Thumb Code    26  stm32f4xx_hal_flash.o(i.FLASH_Program_Byte)
    i.FLASH_Program_DoubleWord               0x08001144   Section        0  stm32f4xx_hal_flash.o(i.FLASH_Program_DoubleWord)
    FLASH_Program_DoubleWord                 0x08001145   Thumb Code    38  stm32f4xx_hal_flash.o(i.FLASH_Program_DoubleWord)
    i.FLASH_Program_HalfWord                 0x08001170   Section        0  stm32f4xx_hal_flash.o(i.FLASH_Program_HalfWord)
    FLASH_Program_HalfWord                   0x08001171   Thumb Code    30  stm32f4xx_hal_flash.o(i.FLASH_Program_HalfWord)
    i.FLASH_Program_Word                     0x08001194   Section        0  stm32f4xx_hal_flash.o(i.FLASH_Program_Word)
    FLASH_Program_Word                       0x08001195   Thumb Code    30  stm32f4xx_hal_flash.o(i.FLASH_Program_Word)
    i.FLASH_SetErrorCode                     0x080011b8   Section        0  stm32f4xx_hal_flash.o(i.FLASH_SetErrorCode)
    FLASH_SetErrorCode                       0x080011b9   Thumb Code   116  stm32f4xx_hal_flash.o(i.FLASH_SetErrorCode)
    i.FLASH_WaitForLastOperation             0x08001234   Section        0  stm32f4xx_hal_flash.o(i.FLASH_WaitForLastOperation)
    i.Flash_Read_BmiVal                      0x08001284   Section        0  calibration.o(i.Flash_Read_BmiVal)
    i.Flash_Write_Float1                     0x0800128c   Section        0  calibration.o(i.Flash_Write_Float1)
    i.HAL_DMA_Abort                          0x080012b6   Section        0  stm32f4xx_hal_dma.o(i.HAL_DMA_Abort)
    i.HAL_DMA_Abort_IT                       0x08001348   Section        0  stm32f4xx_hal_dma.o(i.HAL_DMA_Abort_IT)
    i.HAL_DMA_IRQHandler                     0x0800136c   Section        0  stm32f4xx_hal_dma.o(i.HAL_DMA_IRQHandler)
    i.HAL_DMA_Init                           0x0800150c   Section        0  stm32f4xx_hal_dma.o(i.HAL_DMA_Init)
    i.HAL_Delay                              0x080015e0   Section        0  stm32f4xx_hal.o(i.HAL_Delay)
    i.HAL_FLASHEx_Erase                      0x08001604   Section        0  stm32f4xx_hal_flash_ex.o(i.HAL_FLASHEx_Erase)
    i.HAL_FLASH_Lock                         0x0800169c   Section        0  stm32f4xx_hal_flash.o(i.HAL_FLASH_Lock)
    i.HAL_FLASH_Program                      0x080016b0   Section        0  stm32f4xx_hal_flash.o(i.HAL_FLASH_Program)
    i.HAL_FLASH_Unlock                       0x0800172c   Section        0  stm32f4xx_hal_flash.o(i.HAL_FLASH_Unlock)
    i.HAL_GPIO_Init                          0x08001758   Section        0  stm32f4xx_hal_gpio.o(i.HAL_GPIO_Init)
    i.HAL_GPIO_WritePin                      0x08001938   Section        0  stm32f4xx_hal_gpio.o(i.HAL_GPIO_WritePin)
    i.HAL_GetTick                            0x08001944   Section        0  stm32f4xx_hal.o(i.HAL_GetTick)
    i.HAL_IncTick                            0x08001950   Section        0  stm32f4xx_hal.o(i.HAL_IncTick)
    i.HAL_Init                               0x08001960   Section        0  stm32f4xx_hal.o(i.HAL_Init)
    i.HAL_InitTick                           0x08001994   Section        0  stm32f4xx_hal.o(i.HAL_InitTick)
    i.HAL_MspInit                            0x080019d4   Section        0  stm32f4xx_hal_msp.o(i.HAL_MspInit)
    i.HAL_NVIC_EnableIRQ                     0x08001a04   Section        0  stm32f4xx_hal_cortex.o(i.HAL_NVIC_EnableIRQ)
    i.HAL_NVIC_SetPriority                   0x08001a20   Section        0  stm32f4xx_hal_cortex.o(i.HAL_NVIC_SetPriority)
    i.HAL_NVIC_SetPriorityGrouping           0x08001a60   Section        0  stm32f4xx_hal_cortex.o(i.HAL_NVIC_SetPriorityGrouping)
    i.HAL_RCC_ClockConfig                    0x08001a84   Section        0  stm32f4xx_hal_rcc.o(i.HAL_RCC_ClockConfig)
    i.HAL_RCC_GetPCLK1Freq                   0x08001bb8   Section        0  stm32f4xx_hal_rcc.o(i.HAL_RCC_GetPCLK1Freq)
    i.HAL_RCC_GetPCLK2Freq                   0x08001bd8   Section        0  stm32f4xx_hal_rcc.o(i.HAL_RCC_GetPCLK2Freq)
    i.HAL_RCC_GetSysClockFreq                0x08001bf8   Section        0  stm32f4xx_hal_rcc.o(i.HAL_RCC_GetSysClockFreq)
    i.HAL_RCC_OscConfig                      0x08001c44   Section        0  stm32f4xx_hal_rcc.o(i.HAL_RCC_OscConfig)
    i.HAL_SPI_Init                           0x08001fb0   Section        0  stm32f4xx_hal_spi.o(i.HAL_SPI_Init)
    i.HAL_SPI_MspInit                        0x0800206c   Section        0  spi.o(i.HAL_SPI_MspInit)
    i.HAL_SPI_TransmitReceive                0x080020f0   Section        0  stm32f4xx_hal_spi.o(i.HAL_SPI_TransmitReceive)
    i.HAL_SYSTICK_Config                     0x080022e0   Section        0  stm32f4xx_hal_cortex.o(i.HAL_SYSTICK_Config)
    i.HAL_TIMEx_BreakCallback                0x08002308   Section        0  stm32f4xx_hal_tim_ex.o(i.HAL_TIMEx_BreakCallback)
    i.HAL_TIMEx_CommutCallback               0x0800230a   Section        0  stm32f4xx_hal_tim_ex.o(i.HAL_TIMEx_CommutCallback)
    i.HAL_TIMEx_MasterConfigSynchronization  0x0800230c   Section        0  stm32f4xx_hal_tim_ex.o(i.HAL_TIMEx_MasterConfigSynchronization)
    i.HAL_TIM_Base_Start_IT                  0x08002388   Section        0  stm32f4xx_hal_tim.o(i.HAL_TIM_Base_Start_IT)
    i.HAL_TIM_IC_CaptureCallback             0x080023f4   Section        0  stm32f4xx_hal_tim.o(i.HAL_TIM_IC_CaptureCallback)
    i.HAL_TIM_IRQHandler                     0x080023f6   Section        0  stm32f4xx_hal_tim.o(i.HAL_TIM_IRQHandler)
    i.HAL_TIM_MspPostInit                    0x08002528   Section        0  tim.o(i.HAL_TIM_MspPostInit)
    i.HAL_TIM_OC_DelayElapsedCallback        0x08002578   Section        0  stm32f4xx_hal_tim.o(i.HAL_TIM_OC_DelayElapsedCallback)
    i.HAL_TIM_PWM_ConfigChannel              0x0800257a   Section        0  stm32f4xx_hal_tim.o(i.HAL_TIM_PWM_ConfigChannel)
    i.HAL_TIM_PWM_Init                       0x08002646   Section        0  stm32f4xx_hal_tim.o(i.HAL_TIM_PWM_Init)
    i.HAL_TIM_PWM_MspInit                    0x080026a0   Section        0  tim.o(i.HAL_TIM_PWM_MspInit)
    i.HAL_TIM_PWM_PulseFinishedCallback      0x080026c8   Section        0  stm32f4xx_hal_tim.o(i.HAL_TIM_PWM_PulseFinishedCallback)
    i.HAL_TIM_PWM_Start                      0x080026cc   Section        0  stm32f4xx_hal_tim.o(i.HAL_TIM_PWM_Start)
    i.HAL_TIM_PeriodElapsedCallback          0x0800277c   Section        0  main.o(i.HAL_TIM_PeriodElapsedCallback)
    i.HAL_TIM_TriggerCallback                0x0800277e   Section        0  stm32f4xx_hal_tim.o(i.HAL_TIM_TriggerCallback)
    i.HAL_UARTEx_RxEventCallback             0x08002780   Section        0  stm32f4xx_hal_uart.o(i.HAL_UARTEx_RxEventCallback)
    i.HAL_UART_ErrorCallback                 0x08002784   Section        0  main.o(i.HAL_UART_ErrorCallback)
    i.HAL_UART_IRQHandler                    0x0800279c   Section        0  stm32f4xx_hal_uart.o(i.HAL_UART_IRQHandler)
    i.HAL_UART_Init                          0x08002a0c   Section        0  stm32f4xx_hal_uart.o(i.HAL_UART_Init)
    i.HAL_UART_MspInit                       0x08002a70   Section        0  usart.o(i.HAL_UART_MspInit)
    i.HAL_UART_RxCpltCallback                0x08002bec   Section        0  stm32f4xx_hal_uart.o(i.HAL_UART_RxCpltCallback)
    i.HAL_UART_Transmit                      0x08002bee   Section        0  stm32f4xx_hal_uart.o(i.HAL_UART_Transmit)
    i.HAL_UART_TxCpltCallback                0x08002c90   Section        0  main.o(i.HAL_UART_TxCpltCallback)
    i.HardFault_Handler                      0x08002ca8   Section        0  stm32f4xx_it.o(i.HardFault_Handler)
    i.InsertMax                              0x08002cac   Section        0  calibration.o(i.InsertMax)
    i.InsertMin                              0x08002cd4   Section        0  calibration.o(i.InsertMin)
    i.LPButterworth                          0x08002cfc   Section        0  filter.o(i.LPButterworth)
    i.MX_GPIO_Init                           0x08002d54   Section        0  gpio.o(i.MX_GPIO_Init)
    i.MX_SPI3_Init                           0x08002dec   Section        0  spi.o(i.MX_SPI3_Init)
    i.MX_TIM3_Init                           0x08002e34   Section        0  tim.o(i.MX_TIM3_Init)
    i.MX_USART2_UART_Init                    0x08002eb4   Section        0  usart.o(i.MX_USART2_UART_Init)
    i.MemManage_Handler                      0x08002eec   Section        0  stm32f4xx_it.o(i.MemManage_Handler)
    i.NMI_Handler                            0x08002eee   Section        0  stm32f4xx_it.o(i.NMI_Handler)
    i.PID_struct_init                        0x08002ef0   Section        0  pid.o(i.PID_struct_init)
    i.PendSV_Handler                         0x08002f08   Section        0  stm32f4xx_it.o(i.PendSV_Handler)
    i.SPI_EndRxTxTransaction                 0x08002f0c   Section        0  stm32f4xx_hal_spi.o(i.SPI_EndRxTxTransaction)
    SPI_EndRxTxTransaction                   0x08002f0d   Thumb Code    98  stm32f4xx_hal_spi.o(i.SPI_EndRxTxTransaction)
    i.SPI_Read_Write_Byte                    0x08002f78   Section        0  bsp_spi.o(i.SPI_Read_Write_Byte)
    i.SPI_WaitFlagStateUntilTimeout          0x08002f98   Section        0  stm32f4xx_hal_spi.o(i.SPI_WaitFlagStateUntilTimeout)
    SPI_WaitFlagStateUntilTimeout            0x08002f99   Thumb Code   180  stm32f4xx_hal_spi.o(i.SPI_WaitFlagStateUntilTimeout)
    i.SVC_Handler                            0x08003050   Section        0  stm32f4xx_it.o(i.SVC_Handler)
    i.Set_Cutoff_Frequency                   0x08003054   Section        0  filter.o(i.Set_Cutoff_Frequency)
    i.SysTick_Handler                        0x080030fc   Section        0  stm32f4xx_it.o(i.SysTick_Handler)
    i.SystemClock_Config                     0x08003100   Section        0  main.o(i.SystemClock_Config)
    i.SystemInit                             0x08003190   Section        0  system_stm32f4xx.o(i.SystemInit)
    i.TIM1_UP_TIM10_IRQHandler               0x080031a0   Section        0  stm32f4xx_it.o(i.TIM1_UP_TIM10_IRQHandler)
    i.TIM_Base_SetConfig                     0x080031bc   Section        0  stm32f4xx_hal_tim.o(i.TIM_Base_SetConfig)
    i.TIM_CCxChannelCmd                      0x08003260   Section        0  stm32f4xx_hal_tim.o(i.TIM_CCxChannelCmd)
    i.TIM_OC1_SetConfig                      0x0800327c   Section        0  stm32f4xx_hal_tim.o(i.TIM_OC1_SetConfig)
    TIM_OC1_SetConfig                        0x0800327d   Thumb Code    74  stm32f4xx_hal_tim.o(i.TIM_OC1_SetConfig)
    i.TIM_OC2_SetConfig                      0x080032cc   Section        0  stm32f4xx_hal_tim.o(i.TIM_OC2_SetConfig)
    i.TIM_OC3_SetConfig                      0x08003324   Section        0  stm32f4xx_hal_tim.o(i.TIM_OC3_SetConfig)
    TIM_OC3_SetConfig                        0x08003325   Thumb Code    82  stm32f4xx_hal_tim.o(i.TIM_OC3_SetConfig)
    i.TIM_OC4_SetConfig                      0x0800337c   Section        0  stm32f4xx_hal_tim.o(i.TIM_OC4_SetConfig)
    TIM_OC4_SetConfig                        0x0800337d   Thumb Code    64  stm32f4xx_hal_tim.o(i.TIM_OC4_SetConfig)
    i.UART_DMAAbortOnError                   0x080033c0   Section        0  stm32f4xx_hal_uart.o(i.UART_DMAAbortOnError)
    UART_DMAAbortOnError                     0x080033c1   Thumb Code    16  stm32f4xx_hal_uart.o(i.UART_DMAAbortOnError)
    i.UART_EndRxTransfer                     0x080033d0   Section        0  stm32f4xx_hal_uart.o(i.UART_EndRxTransfer)
    UART_EndRxTransfer                       0x080033d1   Thumb Code    78  stm32f4xx_hal_uart.o(i.UART_EndRxTransfer)
    i.UART_Receive_IT                        0x0800341e   Section        0  stm32f4xx_hal_uart.o(i.UART_Receive_IT)
    UART_Receive_IT                          0x0800341f   Thumb Code   194  stm32f4xx_hal_uart.o(i.UART_Receive_IT)
    i.UART_SetConfig                         0x080034e0   Section        0  stm32f4xx_hal_uart.o(i.UART_SetConfig)
    UART_SetConfig                           0x080034e1   Thumb Code   258  stm32f4xx_hal_uart.o(i.UART_SetConfig)
    i.UART_WaitOnFlagUntilTimeout            0x080035ec   Section        0  stm32f4xx_hal_uart.o(i.UART_WaitOnFlagUntilTimeout)
    UART_WaitOnFlagUntilTimeout              0x080035ed   Thumb Code   114  stm32f4xx_hal_uart.o(i.UART_WaitOnFlagUntilTimeout)
    i.USART2_IRQHandler                      0x08003660   Section        0  stm32f4xx_it.o(i.USART2_IRQHandler)
    i.USART6_IRQHandler                      0x0800366c   Section        0  stm32f4xx_it.o(i.USART6_IRQHandler)
    i.UsageFault_Handler                     0x08003678   Section        0  stm32f4xx_it.o(i.UsageFault_Handler)
    i.__0printf                              0x0800367c   Section        0  printfa.o(i.__0printf)
    i.__ARM_fpclassifyf                      0x0800369c   Section        0  fpclassifyf.o(i.__ARM_fpclassifyf)
    i.__NVIC_SetPriority                     0x080036c2   Section        0  stm32f4xx_hal_cortex.o(i.__NVIC_SetPriority)
    __NVIC_SetPriority                       0x080036c3   Thumb Code    32  stm32f4xx_hal_cortex.o(i.__NVIC_SetPriority)
    i.__hardfp_cosf                          0x080036e4   Section        0  cosf.o(i.__hardfp_cosf)
    i.__hardfp_tanf                          0x08003834   Section        0  tanf.o(i.__hardfp_tanf)
    i.__mathlib_flt_infnan                   0x080039b0   Section        0  funder.o(i.__mathlib_flt_infnan)
    i.__mathlib_flt_invalid                  0x080039b8   Section        0  funder.o(i.__mathlib_flt_invalid)
    i.__mathlib_flt_underflow                0x080039c8   Section        0  funder.o(i.__mathlib_flt_underflow)
    i.__mathlib_rredf2                       0x080039d8   Section        0  rredf.o(i.__mathlib_rredf2)
    i.__scatterload_copy                     0x08003b2c   Section       14  handlers.o(i.__scatterload_copy)
    i.__scatterload_null                     0x08003b3a   Section        2  handlers.o(i.__scatterload_null)
    i.__scatterload_zeroinit                 0x08003b3c   Section       14  handlers.o(i.__scatterload_zeroinit)
    i.__set_errno                            0x08003b4c   Section        0  errno.o(i.__set_errno)
    i._fp_digits                             0x08003b58   Section        0  printfa.o(i._fp_digits)
    _fp_digits                               0x08003b59   Thumb Code   366  printfa.o(i._fp_digits)
    i._printf_core                           0x08003cdc   Section        0  printfa.o(i._printf_core)
    _printf_core                             0x08003cdd   Thumb Code  1744  printfa.o(i._printf_core)
    i._printf_post_padding                   0x080043b8   Section        0  printfa.o(i._printf_post_padding)
    _printf_post_padding                     0x080043b9   Thumb Code    36  printfa.o(i._printf_post_padding)
    i._printf_pre_padding                    0x080043dc   Section        0  printfa.o(i._printf_pre_padding)
    _printf_pre_padding                      0x080043dd   Thumb Code    46  printfa.o(i._printf_pre_padding)
    i.abs_limit                              0x0800440a   Section        0  pid.o(i.abs_limit)
    i.finish_LED                             0x0800443c   Section        0  status_task.o(i.finish_LED)
    i.flash_erase_sector7                    0x0800448c   Section        0  calibration.o(i.flash_erase_sector7)
    i.fputc                                  0x080044b8   Section        0  main.o(i.fputc)
    i.main                                   0x080044d0   Section        0  main.o(i.main)
    i.pid_calc                               0x080045ec   Section        0  pid.o(i.pid_calc)
    i.pid_param_init                         0x080047d4   Section        0  pid.o(i.pid_param_init)
    pid_param_init                           0x080047d5   Thumb Code    14  pid.o(i.pid_param_init)
    i.pid_reset                              0x080047e2   Section        0  pid.o(i.pid_reset)
    pid_reset                                0x080047e3   Thumb Code     6  pid.o(i.pid_reset)
    i.status_task                            0x080047e8   Section        0  status_task.o(i.status_task)
    .constdata                               0x080048c4   Section       16  system_stm32f4xx.o(.constdata)
    .constdata                               0x080048d4   Section        8  system_stm32f4xx.o(.constdata)
    .constdata                               0x080048dc   Section        8  stm32f4xx_hal_dma.o(.constdata)
    flagBitshiftOffset                       0x080048dc   Data           8  stm32f4xx_hal_dma.o(.constdata)
    .constdata                               0x080048e4   Section       12  bsp_bmi088.o(.constdata)
    .constdata                               0x080048f0   Section       32  rredf.o(.constdata)
    twooverpi                                0x080048f0   Data          32  rredf.o(.constdata)
    .data                                    0x20000000   Section        4  system_stm32f4xx.o(.data)
    .data                                    0x20000004   Section       12  stm32f4xx_hal.o(.data)
    .data                                    0x20000010   Section       12  bsp_bmi088.o(.data)
    .data                                    0x2000001c   Section        4  bsp_bmi088.o(.data)
    .data                                    0x20000020   Section        1  bsp_imu.o(.data)
    .data                                    0x20000024   Section        8  bsp_uart.o(.data)
    .data                                    0x2000002c   Section        4  status_task.o(.data)
    .data                                    0x20000030   Section       24  filter.o(.data)
    .data                                    0x20000048   Section        4  stdout.o(.data)
    .data                                    0x2000004c   Section        4  errno.o(.data)
    _errno                                   0x2000004c   Data           4  errno.o(.data)
    .bss                                     0x20000050   Section       32  stm32f4xx_hal_flash.o(.bss)
    .bss                                     0x20000070   Section       88  spi.o(.bss)
    .bss                                     0x200000c8   Section      216  tim.o(.bss)
    .bss                                     0x200001a0   Section      408  usart.o(.bss)
    .bss                                     0x20000338   Section       18  bsp_bmi088.o(.bss)
    .bss                                     0x2000034c   Section       92  bmi088_read.o(.bss)
    .bss                                     0x200003a8   Section       80  calibration.o(.bss)
    .bss                                     0x200003f8   Section      364  filter.o(.bss)
    .bss                                     0x20000564   Section      112  pid.o(.bss)
    STACK                                    0x200005d8   Section     4096  startup_stm32f411xe.o(STACK)

    Global Symbols

    Symbol Name                              Value     Ov Type        Size  Object(Section)

    BuildAttributes$$THM_ISAv4$E$P$D$K$B$S$7EM$VFPi3$EXTD16$VFPS$VFMA$PE$A:L22UL41UL21$X:L11$S22US41US21$IEEE1$IW$USESV6$~STKCKD$USESV7$~SHL$OTIME$ROPI$IEEEX$EBA8$MICROLIB$REQ8$PRES8$EABIv2 0x00000000   Number         0  anon$$obj.o ABSOLUTE
    __ARM_use_no_argv                        0x00000000   Number         0  main.o ABSOLUTE
    _printf_a                                0x00000000   Number         0  stubs.o ABSOLUTE
    _printf_c                                0x00000000   Number         0  stubs.o ABSOLUTE
    _printf_charcount                        0x00000000   Number         0  stubs.o ABSOLUTE
    _printf_d                                0x00000000   Number         0  stubs.o ABSOLUTE
    _printf_e                                0x00000000   Number         0  stubs.o ABSOLUTE
    _printf_f                                0x00000000   Number         0  stubs.o ABSOLUTE
    _printf_flags                            0x00000000   Number         0  stubs.o ABSOLUTE
    _printf_fp_dec                           0x00000000   Number         0  stubs.o ABSOLUTE
    _printf_fp_hex                           0x00000000   Number         0  stubs.o ABSOLUTE
    _printf_g                                0x00000000   Number         0  stubs.o ABSOLUTE
    _printf_i                                0x00000000   Number         0  stubs.o ABSOLUTE
    _printf_int_dec                          0x00000000   Number         0  stubs.o ABSOLUTE
    _printf_l                                0x00000000   Number         0  stubs.o ABSOLUTE
    _printf_lc                               0x00000000   Number         0  stubs.o ABSOLUTE
    _printf_ll                               0x00000000   Number         0  stubs.o ABSOLUTE
    _printf_lld                              0x00000000   Number         0  stubs.o ABSOLUTE
    _printf_lli                              0x00000000   Number         0  stubs.o ABSOLUTE
    _printf_llo                              0x00000000   Number         0  stubs.o ABSOLUTE
    _printf_llu                              0x00000000   Number         0  stubs.o ABSOLUTE
    _printf_llx                              0x00000000   Number         0  stubs.o ABSOLUTE
    _printf_longlong_dec                     0x00000000   Number         0  stubs.o ABSOLUTE
    _printf_longlong_hex                     0x00000000   Number         0  stubs.o ABSOLUTE
    _printf_longlong_oct                     0x00000000   Number         0  stubs.o ABSOLUTE
    _printf_ls                               0x00000000   Number         0  stubs.o ABSOLUTE
    _printf_mbtowc                           0x00000000   Number         0  stubs.o ABSOLUTE
    _printf_n                                0x00000000   Number         0  stubs.o ABSOLUTE
    _printf_o                                0x00000000   Number         0  stubs.o ABSOLUTE
    _printf_p                                0x00000000   Number         0  stubs.o ABSOLUTE
    _printf_percent                          0x00000000   Number         0  stubs.o ABSOLUTE
    _printf_pre_padding                      0x00000000   Number         0  stubs.o ABSOLUTE
    _printf_return_value                     0x00000000   Number         0  stubs.o ABSOLUTE
    _printf_s                                0x00000000   Number         0  stubs.o ABSOLUTE
    _printf_sizespec                         0x00000000   Number         0  stubs.o ABSOLUTE
    _printf_str                              0x00000000   Number         0  stubs.o ABSOLUTE
    _printf_truncate_signed                  0x00000000   Number         0  stubs.o ABSOLUTE
    _printf_truncate_unsigned                0x00000000   Number         0  stubs.o ABSOLUTE
    _printf_u                                0x00000000   Number         0  stubs.o ABSOLUTE
    _printf_wc                               0x00000000   Number         0  stubs.o ABSOLUTE
    _printf_wctomb                           0x00000000   Number         0  stubs.o ABSOLUTE
    _printf_widthprec                        0x00000000   Number         0  stubs.o ABSOLUTE
    _printf_x                                0x00000000   Number         0  stubs.o ABSOLUTE
    __cpp_initialize__aeabi_                  - Undefined Weak Reference
    __cxa_finalize                            - Undefined Weak Reference
    __decompress                              - Undefined Weak Reference
    _clock_init                               - Undefined Weak Reference
    _microlib_exit                            - Undefined Weak Reference
    __Vectors_Size                           0x00000198   Number         0  startup_stm32f411xe.o ABSOLUTE
    __Vectors                                0x08000000   Data           4  startup_stm32f411xe.o(RESET)
    __Vectors_End                            0x08000198   Data           0  startup_stm32f411xe.o(RESET)
    __main                                   0x08000199   Thumb Code     0  entry.o(.ARM.Collect$$$$00000000)
    _main_stk                                0x08000199   Thumb Code     0  entry2.o(.ARM.Collect$$$$00000001)
    _main_scatterload                        0x0800019d   Thumb Code     0  entry5.o(.ARM.Collect$$$$00000004)
    __main_after_scatterload                 0x080001a1   Thumb Code     0  entry5.o(.ARM.Collect$$$$00000004)
    _main_clock                              0x080001a1   Thumb Code     0  entry7b.o(.ARM.Collect$$$$00000008)
    _main_cpp_init                           0x080001a1   Thumb Code     0  entry8b.o(.ARM.Collect$$$$0000000A)
    _main_init                               0x080001a1   Thumb Code     0  entry9a.o(.ARM.Collect$$$$0000000B)
    __rt_final_cpp                           0x080001a9   Thumb Code     0  entry10a.o(.ARM.Collect$$$$0000000D)
    __rt_final_exit                          0x080001a9   Thumb Code     0  entry11a.o(.ARM.Collect$$$$0000000F)
    Reset_Handler                            0x080001ad   Thumb Code     8  startup_stm32f411xe.o(.text)
    ADC_IRQHandler                           0x080001c7   Thumb Code     0  startup_stm32f411xe.o(.text)
    DMA1_Stream0_IRQHandler                  0x080001c7   Thumb Code     0  startup_stm32f411xe.o(.text)
    DMA1_Stream1_IRQHandler                  0x080001c7   Thumb Code     0  startup_stm32f411xe.o(.text)
    DMA1_Stream2_IRQHandler                  0x080001c7   Thumb Code     0  startup_stm32f411xe.o(.text)
    DMA1_Stream3_IRQHandler                  0x080001c7   Thumb Code     0  startup_stm32f411xe.o(.text)
    DMA1_Stream4_IRQHandler                  0x080001c7   Thumb Code     0  startup_stm32f411xe.o(.text)
    DMA1_Stream7_IRQHandler                  0x080001c7   Thumb Code     0  startup_stm32f411xe.o(.text)
    DMA2_Stream0_IRQHandler                  0x080001c7   Thumb Code     0  startup_stm32f411xe.o(.text)
    DMA2_Stream1_IRQHandler                  0x080001c7   Thumb Code     0  startup_stm32f411xe.o(.text)
    DMA2_Stream2_IRQHandler                  0x080001c7   Thumb Code     0  startup_stm32f411xe.o(.text)
    DMA2_Stream3_IRQHandler                  0x080001c7   Thumb Code     0  startup_stm32f411xe.o(.text)
    DMA2_Stream4_IRQHandler                  0x080001c7   Thumb Code     0  startup_stm32f411xe.o(.text)
    DMA2_Stream5_IRQHandler                  0x080001c7   Thumb Code     0  startup_stm32f411xe.o(.text)
    DMA2_Stream6_IRQHandler                  0x080001c7   Thumb Code     0  startup_stm32f411xe.o(.text)
    DMA2_Stream7_IRQHandler                  0x080001c7   Thumb Code     0  startup_stm32f411xe.o(.text)
    EXTI0_IRQHandler                         0x080001c7   Thumb Code     0  startup_stm32f411xe.o(.text)
    EXTI15_10_IRQHandler                     0x080001c7   Thumb Code     0  startup_stm32f411xe.o(.text)
    EXTI1_IRQHandler                         0x080001c7   Thumb Code     0  startup_stm32f411xe.o(.text)
    EXTI2_IRQHandler                         0x080001c7   Thumb Code     0  startup_stm32f411xe.o(.text)
    EXTI3_IRQHandler                         0x080001c7   Thumb Code     0  startup_stm32f411xe.o(.text)
    EXTI4_IRQHandler                         0x080001c7   Thumb Code     0  startup_stm32f411xe.o(.text)
    EXTI9_5_IRQHandler                       0x080001c7   Thumb Code     0  startup_stm32f411xe.o(.text)
    FLASH_IRQHandler                         0x080001c7   Thumb Code     0  startup_stm32f411xe.o(.text)
    FPU_IRQHandler                           0x080001c7   Thumb Code     0  startup_stm32f411xe.o(.text)
    I2C1_ER_IRQHandler                       0x080001c7   Thumb Code     0  startup_stm32f411xe.o(.text)
    I2C1_EV_IRQHandler                       0x080001c7   Thumb Code     0  startup_stm32f411xe.o(.text)
    I2C2_ER_IRQHandler                       0x080001c7   Thumb Code     0  startup_stm32f411xe.o(.text)
    I2C2_EV_IRQHandler                       0x080001c7   Thumb Code     0  startup_stm32f411xe.o(.text)
    I2C3_ER_IRQHandler                       0x080001c7   Thumb Code     0  startup_stm32f411xe.o(.text)
    I2C3_EV_IRQHandler                       0x080001c7   Thumb Code     0  startup_stm32f411xe.o(.text)
    OTG_FS_IRQHandler                        0x080001c7   Thumb Code     0  startup_stm32f411xe.o(.text)
    OTG_FS_WKUP_IRQHandler                   0x080001c7   Thumb Code     0  startup_stm32f411xe.o(.text)
    PVD_IRQHandler                           0x080001c7   Thumb Code     0  startup_stm32f411xe.o(.text)
    RCC_IRQHandler                           0x080001c7   Thumb Code     0  startup_stm32f411xe.o(.text)
    RTC_Alarm_IRQHandler                     0x080001c7   Thumb Code     0  startup_stm32f411xe.o(.text)
    RTC_WKUP_IRQHandler                      0x080001c7   Thumb Code     0  startup_stm32f411xe.o(.text)
    SDIO_IRQHandler                          0x080001c7   Thumb Code     0  startup_stm32f411xe.o(.text)
    SPI1_IRQHandler                          0x080001c7   Thumb Code     0  startup_stm32f411xe.o(.text)
    SPI2_IRQHandler                          0x080001c7   Thumb Code     0  startup_stm32f411xe.o(.text)
    SPI3_IRQHandler                          0x080001c7   Thumb Code     0  startup_stm32f411xe.o(.text)
    SPI4_IRQHandler                          0x080001c7   Thumb Code     0  startup_stm32f411xe.o(.text)
    SPI5_IRQHandler                          0x080001c7   Thumb Code     0  startup_stm32f411xe.o(.text)
    TAMP_STAMP_IRQHandler                    0x080001c7   Thumb Code     0  startup_stm32f411xe.o(.text)
    TIM1_BRK_TIM9_IRQHandler                 0x080001c7   Thumb Code     0  startup_stm32f411xe.o(.text)
    TIM1_CC_IRQHandler                       0x080001c7   Thumb Code     0  startup_stm32f411xe.o(.text)
    TIM1_TRG_COM_TIM11_IRQHandler            0x080001c7   Thumb Code     0  startup_stm32f411xe.o(.text)
    TIM2_IRQHandler                          0x080001c7   Thumb Code     0  startup_stm32f411xe.o(.text)
    TIM3_IRQHandler                          0x080001c7   Thumb Code     0  startup_stm32f411xe.o(.text)
    TIM4_IRQHandler                          0x080001c7   Thumb Code     0  startup_stm32f411xe.o(.text)
    TIM5_IRQHandler                          0x080001c7   Thumb Code     0  startup_stm32f411xe.o(.text)
    USART1_IRQHandler                        0x080001c7   Thumb Code     0  startup_stm32f411xe.o(.text)
    WWDG_IRQHandler                          0x080001c7   Thumb Code     0  startup_stm32f411xe.o(.text)
    __aeabi_uldivmod                         0x080001d1   Thumb Code    98  uldiv.o(.text)
    __aeabi_memset                           0x08000233   Thumb Code    14  memseta.o(.text)
    __aeabi_memset4                          0x08000233   Thumb Code     0  memseta.o(.text)
    __aeabi_memset8                          0x08000233   Thumb Code     0  memseta.o(.text)
    __aeabi_memclr                           0x08000241   Thumb Code     4  memseta.o(.text)
    __aeabi_memclr4                          0x08000241   Thumb Code     0  memseta.o(.text)
    __aeabi_memclr8                          0x08000241   Thumb Code     0  memseta.o(.text)
    _memset$wrapper                          0x08000245   Thumb Code    18  memseta.o(.text)
    __aeabi_dadd                             0x08000257   Thumb Code   322  dadd.o(.text)
    __aeabi_dsub                             0x08000399   Thumb Code     6  dadd.o(.text)
    __aeabi_drsub                            0x0800039f   Thumb Code     6  dadd.o(.text)
    __aeabi_dmul                             0x080003a5   Thumb Code   228  dmul.o(.text)
    __aeabi_ddiv                             0x08000489   Thumb Code   222  ddiv.o(.text)
    __aeabi_i2d                              0x08000567   Thumb Code    34  dflti.o(.text)
    __aeabi_f2d                              0x08000589   Thumb Code    38  f2d.o(.text)
    __aeabi_d2f                              0x080005af   Thumb Code    56  d2f.o(.text)
    __aeabi_uidiv                            0x080005e7   Thumb Code     0  uidiv.o(.text)
    __aeabi_uidivmod                         0x080005e7   Thumb Code    44  uidiv.o(.text)
    __aeabi_llsl                             0x08000613   Thumb Code    30  llshl.o(.text)
    _ll_shift_l                              0x08000613   Thumb Code     0  llshl.o(.text)
    __aeabi_llsr                             0x08000631   Thumb Code    32  llushr.o(.text)
    _ll_ushift_r                             0x08000631   Thumb Code     0  llushr.o(.text)
    __aeabi_lasr                             0x08000651   Thumb Code    36  llsshr.o(.text)
    _ll_sshift_r                             0x08000651   Thumb Code     0  llsshr.o(.text)
    __I$use$fp                               0x08000675   Thumb Code     0  iusefp.o(.text)
    _float_round                             0x08000675   Thumb Code    18  fepilogue.o(.text)
    _float_epilogue                          0x08000687   Thumb Code    92  fepilogue.o(.text)
    _double_round                            0x080006e3   Thumb Code    30  depilogue.o(.text)
    _double_epilogue                         0x08000701   Thumb Code   156  depilogue.o(.text)
    __aeabi_d2ulz                            0x0800079d   Thumb Code    48  dfixul.o(.text)
    __aeabi_cdrcmple                         0x080007cd   Thumb Code    48  cdrcmple.o(.text)
    __scatterload                            0x080007fd   Thumb Code    28  init.o(.text)
    __scatterload_rt2                        0x080007fd   Thumb Code     0  init.o(.text)
    BMI088_Calibration_Write                 0x08000821   Thumb Code   478  calibration.o(i.BMI088_Calibration_Write)
    BMI088_Filter                            0x08000a29   Thumb Code   374  filter.o(i.BMI088_Filter)
    BMI088_Init                              0x08000bc5   Thumb Code   256  bsp_bmi088.o(i.BMI088_Init)
    BMI088_Read_Reg                          0x08000ce9   Thumb Code    94  bsp_spi.o(i.BMI088_Read_Reg)
    BMI088_Write_Reg                         0x08000d4d   Thumb Code    72  bsp_spi.o(i.BMI088_Write_Reg)
    BMI088_original_data_read                0x08000d99   Thumb Code   210  bsp_bmi088.o(i.BMI088_original_data_read)
    BMI088_temp_data_read                    0x08000e75   Thumb Code   156  bsp_bmi088.o(i.BMI088_temp_data_read)
    BusFault_Handler                         0x08000f35   Thumb Code     2  stm32f4xx_it.o(i.BusFault_Handler)
    Butterworth_Parameter_Init               0x08000f39   Thumb Code    48  filter.o(i.Butterworth_Parameter_Init)
    DMA1_Stream5_IRQHandler                  0x08000f75   Thumb Code     6  stm32f4xx_it.o(i.DMA1_Stream5_IRQHandler)
    DMA1_Stream6_IRQHandler                  0x08000f81   Thumb Code     6  stm32f4xx_it.o(i.DMA1_Stream6_IRQHandler)
    Data_Not_Ready                           0x08001009   Thumb Code    16  status_task.o(i.Data_Not_Ready)
    Data_Ready                               0x08001021   Thumb Code    36  status_task.o(i.Data_Ready)
    DebugMon_Handler                         0x08001051   Thumb Code     2  stm32f4xx_it.o(i.DebugMon_Handler)
    Error_Handler                            0x08001053   Thumb Code     4  main.o(i.Error_Handler)
    FLASH_Erase_Sector                       0x08001059   Thumb Code    74  stm32f4xx_hal_flash_ex.o(i.FLASH_Erase_Sector)
    FLASH_FlushCaches                        0x080010a9   Thumb Code    80  stm32f4xx_hal_flash_ex.o(i.FLASH_FlushCaches)
    FLASH_WaitForLastOperation               0x08001235   Thumb Code    72  stm32f4xx_hal_flash.o(i.FLASH_WaitForLastOperation)
    Flash_Read_BmiVal                        0x08001285   Thumb Code     8  calibration.o(i.Flash_Read_BmiVal)
    Flash_Write_Float1                       0x0800128d   Thumb Code    42  calibration.o(i.Flash_Write_Float1)
    HAL_DMA_Abort                            0x080012b7   Thumb Code   146  stm32f4xx_hal_dma.o(i.HAL_DMA_Abort)
    HAL_DMA_Abort_IT                         0x08001349   Thumb Code    36  stm32f4xx_hal_dma.o(i.HAL_DMA_Abort_IT)
    HAL_DMA_IRQHandler                       0x0800136d   Thumb Code   412  stm32f4xx_hal_dma.o(i.HAL_DMA_IRQHandler)
    HAL_DMA_Init                             0x0800150d   Thumb Code   206  stm32f4xx_hal_dma.o(i.HAL_DMA_Init)
    HAL_Delay                                0x080015e1   Thumb Code    32  stm32f4xx_hal.o(i.HAL_Delay)
    HAL_FLASHEx_Erase                        0x08001605   Thumb Code   144  stm32f4xx_hal_flash_ex.o(i.HAL_FLASHEx_Erase)
    HAL_FLASH_Lock                           0x0800169d   Thumb Code    14  stm32f4xx_hal_flash.o(i.HAL_FLASH_Lock)
    HAL_FLASH_Program                        0x080016b1   Thumb Code   116  stm32f4xx_hal_flash.o(i.HAL_FLASH_Program)
    HAL_FLASH_Unlock                         0x0800172d   Thumb Code    32  stm32f4xx_hal_flash.o(i.HAL_FLASH_Unlock)
    HAL_GPIO_Init                            0x08001759   Thumb Code   446  stm32f4xx_hal_gpio.o(i.HAL_GPIO_Init)
    HAL_GPIO_WritePin                        0x08001939   Thumb Code    10  stm32f4xx_hal_gpio.o(i.HAL_GPIO_WritePin)
    HAL_GetTick                              0x08001945   Thumb Code     6  stm32f4xx_hal.o(i.HAL_GetTick)
    HAL_IncTick                              0x08001951   Thumb Code    12  stm32f4xx_hal.o(i.HAL_IncTick)
    HAL_Init                                 0x08001961   Thumb Code    48  stm32f4xx_hal.o(i.HAL_Init)
    HAL_InitTick                             0x08001995   Thumb Code    54  stm32f4xx_hal.o(i.HAL_InitTick)
    HAL_MspInit                              0x080019d5   Thumb Code    42  stm32f4xx_hal_msp.o(i.HAL_MspInit)
    HAL_NVIC_EnableIRQ                       0x08001a05   Thumb Code    26  stm32f4xx_hal_cortex.o(i.HAL_NVIC_EnableIRQ)
    HAL_NVIC_SetPriority                     0x08001a21   Thumb Code    60  stm32f4xx_hal_cortex.o(i.HAL_NVIC_SetPriority)
    HAL_NVIC_SetPriorityGrouping             0x08001a61   Thumb Code    26  stm32f4xx_hal_cortex.o(i.HAL_NVIC_SetPriorityGrouping)
    HAL_RCC_ClockConfig                      0x08001a85   Thumb Code   288  stm32f4xx_hal_rcc.o(i.HAL_RCC_ClockConfig)
    HAL_RCC_GetPCLK1Freq                     0x08001bb9   Thumb Code    20  stm32f4xx_hal_rcc.o(i.HAL_RCC_GetPCLK1Freq)
    HAL_RCC_GetPCLK2Freq                     0x08001bd9   Thumb Code    20  stm32f4xx_hal_rcc.o(i.HAL_RCC_GetPCLK2Freq)
    HAL_RCC_GetSysClockFreq                  0x08001bf9   Thumb Code    66  stm32f4xx_hal_rcc.o(i.HAL_RCC_GetSysClockFreq)
    HAL_RCC_OscConfig                        0x08001c45   Thumb Code   856  stm32f4xx_hal_rcc.o(i.HAL_RCC_OscConfig)
    HAL_SPI_Init                             0x08001fb1   Thumb Code   188  stm32f4xx_hal_spi.o(i.HAL_SPI_Init)
    HAL_SPI_MspInit                          0x0800206d   Thumb Code   118  spi.o(i.HAL_SPI_MspInit)
    HAL_SPI_TransmitReceive                  0x080020f1   Thumb Code   496  stm32f4xx_hal_spi.o(i.HAL_SPI_TransmitReceive)
    HAL_SYSTICK_Config                       0x080022e1   Thumb Code    40  stm32f4xx_hal_cortex.o(i.HAL_SYSTICK_Config)
    HAL_TIMEx_BreakCallback                  0x08002309   Thumb Code     2  stm32f4xx_hal_tim_ex.o(i.HAL_TIMEx_BreakCallback)
    HAL_TIMEx_CommutCallback                 0x0800230b   Thumb Code     2  stm32f4xx_hal_tim_ex.o(i.HAL_TIMEx_CommutCallback)
    HAL_TIMEx_MasterConfigSynchronization    0x0800230d   Thumb Code   104  stm32f4xx_hal_tim_ex.o(i.HAL_TIMEx_MasterConfigSynchronization)
    HAL_TIM_Base_Start_IT                    0x08002389   Thumb Code    88  stm32f4xx_hal_tim.o(i.HAL_TIM_Base_Start_IT)
    HAL_TIM_IC_CaptureCallback               0x080023f5   Thumb Code     2  stm32f4xx_hal_tim.o(i.HAL_TIM_IC_CaptureCallback)
    HAL_TIM_IRQHandler                       0x080023f7   Thumb Code   304  stm32f4xx_hal_tim.o(i.HAL_TIM_IRQHandler)
    HAL_TIM_MspPostInit                      0x08002529   Thumb Code    68  tim.o(i.HAL_TIM_MspPostInit)
    HAL_TIM_OC_DelayElapsedCallback          0x08002579   Thumb Code     2  stm32f4xx_hal_tim.o(i.HAL_TIM_OC_DelayElapsedCallback)
    HAL_TIM_PWM_ConfigChannel                0x0800257b   Thumb Code   204  stm32f4xx_hal_tim.o(i.HAL_TIM_PWM_ConfigChannel)
    HAL_TIM_PWM_Init                         0x08002647   Thumb Code    90  stm32f4xx_hal_tim.o(i.HAL_TIM_PWM_Init)
    HAL_TIM_PWM_MspInit                      0x080026a1   Thumb Code    30  tim.o(i.HAL_TIM_PWM_MspInit)
    HAL_TIM_PWM_PulseFinishedCallback        0x080026c9   Thumb Code     2  stm32f4xx_hal_tim.o(i.HAL_TIM_PWM_PulseFinishedCallback)
    HAL_TIM_PWM_Start                        0x080026cd   Thumb Code   156  stm32f4xx_hal_tim.o(i.HAL_TIM_PWM_Start)
    HAL_TIM_PeriodElapsedCallback            0x0800277d   Thumb Code     2  main.o(i.HAL_TIM_PeriodElapsedCallback)
    HAL_TIM_TriggerCallback                  0x0800277f   Thumb Code     2  stm32f4xx_hal_tim.o(i.HAL_TIM_TriggerCallback)
    HAL_UARTEx_RxEventCallback               0x08002781   Thumb Code     2  stm32f4xx_hal_uart.o(i.HAL_UARTEx_RxEventCallback)
    HAL_UART_ErrorCallback                   0x08002785   Thumb Code    16  main.o(i.HAL_UART_ErrorCallback)
    HAL_UART_IRQHandler                      0x0800279d   Thumb Code   618  stm32f4xx_hal_uart.o(i.HAL_UART_IRQHandler)
    HAL_UART_Init                            0x08002a0d   Thumb Code   100  stm32f4xx_hal_uart.o(i.HAL_UART_Init)
    HAL_UART_MspInit                         0x08002a71   Thumb Code   352  usart.o(i.HAL_UART_MspInit)
    HAL_UART_RxCpltCallback                  0x08002bed   Thumb Code     2  stm32f4xx_hal_uart.o(i.HAL_UART_RxCpltCallback)
    HAL_UART_Transmit                        0x08002bef   Thumb Code   160  stm32f4xx_hal_uart.o(i.HAL_UART_Transmit)
    HAL_UART_TxCpltCallback                  0x08002c91   Thumb Code    16  main.o(i.HAL_UART_TxCpltCallback)
    HardFault_Handler                        0x08002ca9   Thumb Code     2  stm32f4xx_it.o(i.HardFault_Handler)
    InsertMax                                0x08002cad   Thumb Code    40  calibration.o(i.InsertMax)
    InsertMin                                0x08002cd5   Thumb Code    40  calibration.o(i.InsertMin)
    LPButterworth                            0x08002cfd   Thumb Code    86  filter.o(i.LPButterworth)
    MX_GPIO_Init                             0x08002d55   Thumb Code   140  gpio.o(i.MX_GPIO_Init)
    MX_SPI3_Init                             0x08002ded   Thumb Code    64  spi.o(i.MX_SPI3_Init)
    MX_TIM3_Init                             0x08002e35   Thumb Code   120  tim.o(i.MX_TIM3_Init)
    MX_USART2_UART_Init                      0x08002eb5   Thumb Code    48  usart.o(i.MX_USART2_UART_Init)
    MemManage_Handler                        0x08002eed   Thumb Code     2  stm32f4xx_it.o(i.MemManage_Handler)
    NMI_Handler                              0x08002eef   Thumb Code     2  stm32f4xx_it.o(i.NMI_Handler)
    PID_struct_init                          0x08002ef1   Thumb Code    16  pid.o(i.PID_struct_init)
    PendSV_Handler                           0x08002f09   Thumb Code     2  stm32f4xx_it.o(i.PendSV_Handler)
    SPI_Read_Write_Byte                      0x08002f79   Thumb Code    28  bsp_spi.o(i.SPI_Read_Write_Byte)
    SVC_Handler                              0x08003051   Thumb Code     2  stm32f4xx_it.o(i.SVC_Handler)
    Set_Cutoff_Frequency                     0x08003055   Thumb Code   160  filter.o(i.Set_Cutoff_Frequency)
    SysTick_Handler                          0x080030fd   Thumb Code     4  stm32f4xx_it.o(i.SysTick_Handler)
    SystemClock_Config                       0x08003101   Thumb Code   136  main.o(i.SystemClock_Config)
    SystemInit                               0x08003191   Thumb Code    12  system_stm32f4xx.o(i.SystemInit)
    TIM1_UP_TIM10_IRQHandler                 0x080031a1   Thumb Code    18  stm32f4xx_it.o(i.TIM1_UP_TIM10_IRQHandler)
    TIM_Base_SetConfig                       0x080031bd   Thumb Code   136  stm32f4xx_hal_tim.o(i.TIM_Base_SetConfig)
    TIM_CCxChannelCmd                        0x08003261   Thumb Code    26  stm32f4xx_hal_tim.o(i.TIM_CCxChannelCmd)
    TIM_OC2_SetConfig                        0x080032cd   Thumb Code    84  stm32f4xx_hal_tim.o(i.TIM_OC2_SetConfig)
    USART2_IRQHandler                        0x08003661   Thumb Code     6  stm32f4xx_it.o(i.USART2_IRQHandler)
    USART6_IRQHandler                        0x0800366d   Thumb Code     6  stm32f4xx_it.o(i.USART6_IRQHandler)
    UsageFault_Handler                       0x08003679   Thumb Code     2  stm32f4xx_it.o(i.UsageFault_Handler)
    __0printf                                0x0800367d   Thumb Code    22  printfa.o(i.__0printf)
    __1printf                                0x0800367d   Thumb Code     0  printfa.o(i.__0printf)
    __2printf                                0x0800367d   Thumb Code     0  printfa.o(i.__0printf)
    __c89printf                              0x0800367d   Thumb Code     0  printfa.o(i.__0printf)
    printf                                   0x0800367d   Thumb Code     0  printfa.o(i.__0printf)
    __ARM_fpclassifyf                        0x0800369d   Thumb Code    38  fpclassifyf.o(i.__ARM_fpclassifyf)
    __hardfp_cosf                            0x080036e5   Thumb Code   280  cosf.o(i.__hardfp_cosf)
    __hardfp_tanf                            0x08003835   Thumb Code   322  tanf.o(i.__hardfp_tanf)
    __mathlib_flt_infnan                     0x080039b1   Thumb Code     6  funder.o(i.__mathlib_flt_infnan)
    __mathlib_flt_invalid                    0x080039b9   Thumb Code    10  funder.o(i.__mathlib_flt_invalid)
    __mathlib_flt_underflow                  0x080039c9   Thumb Code    10  funder.o(i.__mathlib_flt_underflow)
    __mathlib_rredf2                         0x080039d9   Thumb Code   316  rredf.o(i.__mathlib_rredf2)
    __scatterload_copy                       0x08003b2d   Thumb Code    14  handlers.o(i.__scatterload_copy)
    __scatterload_null                       0x08003b3b   Thumb Code     2  handlers.o(i.__scatterload_null)
    __scatterload_zeroinit                   0x08003b3d   Thumb Code    14  handlers.o(i.__scatterload_zeroinit)
    __set_errno                              0x08003b4d   Thumb Code     6  errno.o(i.__set_errno)
    abs_limit                                0x0800440b   Thumb Code    48  pid.o(i.abs_limit)
    finish_LED                               0x0800443d   Thumb Code    66  status_task.o(i.finish_LED)
    flash_erase_sector7                      0x0800448d   Thumb Code    42  calibration.o(i.flash_erase_sector7)
    fputc                                    0x080044b9   Thumb Code    20  main.o(i.fputc)
    main                                     0x080044d1   Thumb Code   232  main.o(i.main)
    pid_calc                                 0x080045ed   Thumb Code   482  pid.o(i.pid_calc)
    status_task                              0x080047e9   Thumb Code   184  status_task.o(i.status_task)
    AHBPrescTable                            0x080048c4   Data          16  system_stm32f4xx.o(.constdata)
    APBPrescTable                            0x080048d4   Data           8  system_stm32f4xx.o(.constdata)
    Region$$Table$$Base                      0x08004910   Number         0  anon$$obj.o(Region$$Table)
    Region$$Table$$Limit                     0x08004930   Number         0  anon$$obj.o(Region$$Table)
    SystemCoreClock                          0x20000000   Data           4  system_stm32f4xx.o(.data)
    uwTickFreq                               0x20000004   Data           1  stm32f4xx_hal.o(.data)
    uwTickPrio                               0x20000008   Data           4  stm32f4xx_hal.o(.data)
    uwTick                                   0x2000000c   Data           4  stm32f4xx_hal.o(.data)
    calibration_temperature                  0x20000010   Data           4  bsp_bmi088.o(.data)
    Temperature                              0x20000014   Data           4  bsp_bmi088.o(.data)
    current                                  0x20000018   Data           4  bsp_bmi088.o(.data)
    err                                      0x2000001c   Data           4  bsp_bmi088.o(.data)
    imu_mode                                 0x20000020   Data           1  bsp_imu.o(.data)
    dma_busy                                 0x20000024   Data           1  bsp_uart.o(.data)
    ii                                       0x20000028   Data           4  bsp_uart.o(.data)
    Data_Ready_Flag                          0x2000002c   Data           1  status_task.o(.data)
    led_dir                                  0x2000002d   Data           1  status_task.o(.data)
    led_pwm                                  0x2000002e   Data           2  status_task.o(.data)
    Bandstop_Filter_Parameter_30_98          0x20000030   Data          24  filter.o(.data)
    __stdout                                 0x20000048   Data           4  stdout.o(.data)
    pFlash                                   0x20000050   Data          32  stm32f4xx_hal_flash.o(.bss)
    hspi3                                    0x20000070   Data          88  spi.o(.bss)
    htim1                                    0x200000c8   Data          72  tim.o(.bss)
    htim3                                    0x20000110   Data          72  tim.o(.bss)
    htim10                                   0x20000158   Data          72  tim.o(.bss)
    huart1                                   0x200001a0   Data          72  usart.o(.bss)
    huart2                                   0x200001e8   Data          72  usart.o(.bss)
    huart6                                   0x20000230   Data          72  usart.o(.bss)
    hdma_usart2_tx                           0x20000278   Data          96  usart.o(.bss)
    hdma_usart2_rx                           0x200002d8   Data          96  usart.o(.bss)
    imu_org_data                             0x20000338   Data          18  bsp_bmi088.o(.bss)
    imu_output_data                          0x2000034c   Data          80  bmi088_read.o(.bss)
    palstance_tx_data                        0x2000039c   Data          12  bmi088_read.o(.bss)
    Bias                                     0x200003a8   Data          80  calibration.o(.bss)
    Gyro_Parameter                           0x200003f8   Data          24  filter.o(.bss)
    Accel_Parameter                          0x20000410   Data          24  filter.o(.bss)
    gyro_filter_buf_bug                      0x20000428   Data          72  filter.o(.bss)
    gyro_filter_buf                          0x20000470   Data          72  filter.o(.bss)
    accel_filter_buf                         0x200004b8   Data          72  filter.o(.bss)
    Data_X_MAG                               0x20000500   Data          12  filter.o(.bss)
    Data_Y_MAG                               0x2000050c   Data          12  filter.o(.bss)
    Data_Z_MAG                               0x20000518   Data          12  filter.o(.bss)
    gyro_filter                              0x20000524   Data          16  filter.o(.bss)
    accel_filter                             0x20000534   Data          16  filter.o(.bss)
    mag_filter                               0x20000544   Data          16  filter.o(.bss)
    gyro_filter_bug                          0x20000554   Data          16  filter.o(.bss)
    pid_temperature                          0x20000564   Data         112  pid.o(.bss)
    __initial_sp                             0x200015d8   Data           0  startup_stm32f411xe.o(STACK)



==============================================================================

Memory Map of the image

  Image Entry point : 0x08000199

  Load Region LR_IROM1 (Base: 0x08000000, Size: 0x00004980, Max: 0x00060000, ABSOLUTE)

    Execution Region ER_IROM1 (Exec base: 0x08000000, Load base: 0x08000000, Size: 0x00004930, Max: 0x00060000, ABSOLUTE)

    Exec Addr    Load Addr    Size         Type   Attr      Idx    E Section Name        Object

    0x08000000   0x08000000   0x00000198   Data   RO            3    RESET               startup_stm32f411xe.o
    0x08000198   0x08000198   0x00000000   Code   RO         5244  * .ARM.Collect$$$$00000000  mc_w.l(entry.o)
    0x08000198   0x08000198   0x00000004   Code   RO         5618    .ARM.Collect$$$$00000001  mc_w.l(entry2.o)
    0x0800019c   0x0800019c   0x00000004   Code   RO         5621    .ARM.Collect$$$$00000004  mc_w.l(entry5.o)
    0x080001a0   0x080001a0   0x00000000   Code   RO         5623    .ARM.Collect$$$$00000008  mc_w.l(entry7b.o)
    0x080001a0   0x080001a0   0x00000000   Code   RO         5625    .ARM.Collect$$$$0000000A  mc_w.l(entry8b.o)
    0x080001a0   0x080001a0   0x00000008   Code   RO         5626    .ARM.Collect$$$$0000000B  mc_w.l(entry9a.o)
    0x080001a8   0x080001a8   0x00000000   Code   RO         5628    .ARM.Collect$$$$0000000D  mc_w.l(entry10a.o)
    0x080001a8   0x080001a8   0x00000000   Code   RO         5630    .ARM.Collect$$$$0000000F  mc_w.l(entry11a.o)
    0x080001a8   0x080001a8   0x00000004   Code   RO         5619    .ARM.Collect$$$$00002712  mc_w.l(entry2.o)
    0x080001ac   0x080001ac   0x00000024   Code   RO            4    .text               startup_stm32f411xe.o
    0x080001d0   0x080001d0   0x00000062   Code   RO         5247    .text               mc_w.l(uldiv.o)
    0x08000232   0x08000232   0x00000024   Code   RO         5251    .text               mc_w.l(memseta.o)
    0x08000256   0x08000256   0x0000014e   Code   RO         5546    .text               mf_w.l(dadd.o)
    0x080003a4   0x080003a4   0x000000e4   Code   RO         5548    .text               mf_w.l(dmul.o)
    0x08000488   0x08000488   0x000000de   Code   RO         5550    .text               mf_w.l(ddiv.o)
    0x08000566   0x08000566   0x00000022   Code   RO         5552    .text               mf_w.l(dflti.o)
    0x08000588   0x08000588   0x00000026   Code   RO         5556    .text               mf_w.l(f2d.o)
    0x080005ae   0x080005ae   0x00000038   Code   RO         5558    .text               mf_w.l(d2f.o)
    0x080005e6   0x080005e6   0x0000002c   Code   RO         5633    .text               mc_w.l(uidiv.o)
    0x08000612   0x08000612   0x0000001e   Code   RO         5635    .text               mc_w.l(llshl.o)
    0x08000630   0x08000630   0x00000020   Code   RO         5637    .text               mc_w.l(llushr.o)
    0x08000650   0x08000650   0x00000024   Code   RO         5639    .text               mc_w.l(llsshr.o)
    0x08000674   0x08000674   0x00000000   Code   RO         5650    .text               mc_w.l(iusefp.o)
    0x08000674   0x08000674   0x0000006e   Code   RO         5651    .text               mf_w.l(fepilogue.o)
    0x080006e2   0x080006e2   0x000000ba   Code   RO         5653    .text               mf_w.l(depilogue.o)
    0x0800079c   0x0800079c   0x00000030   Code   RO         5659    .text               mf_w.l(dfixul.o)
    0x080007cc   0x080007cc   0x00000030   Code   RO         5663    .text               mf_w.l(cdrcmple.o)
    0x080007fc   0x080007fc   0x00000024   Code   RO         5665    .text               mc_w.l(init.o)
    0x08000820   0x08000820   0x00000208   Code   RO         4438    i.BMI088_Calibration_Write  calibration.o
    0x08000a28   0x08000a28   0x0000019c   Code   RO         4544    i.BMI088_Filter     filter.o
    0x08000bc4   0x08000bc4   0x00000124   Code   RO         3649    i.BMI088_Init       bsp_bmi088.o
    0x08000ce8   0x08000ce8   0x00000064   Code   RO         4141    i.BMI088_Read_Reg   bsp_spi.o
    0x08000d4c   0x08000d4c   0x0000004c   Code   RO         4142    i.BMI088_Write_Reg  bsp_spi.o
    0x08000d98   0x08000d98   0x000000dc   Code   RO         3650    i.BMI088_original_data_read  bsp_bmi088.o
    0x08000e74   0x08000e74   0x000000c0   Code   RO         3651    i.BMI088_temp_data_read  bsp_bmi088.o
    0x08000f34   0x08000f34   0x00000002   Code   RO         3519    i.BusFault_Handler  stm32f4xx_it.o
    0x08000f36   0x08000f36   0x00000002   PAD
    0x08000f38   0x08000f38   0x0000003c   Code   RO         4545    i.Butterworth_Parameter_Init  filter.o
    0x08000f74   0x08000f74   0x0000000c   Code   RO         3520    i.DMA1_Stream5_IRQHandler  stm32f4xx_it.o
    0x08000f80   0x08000f80   0x0000000c   Code   RO         3521    i.DMA1_Stream6_IRQHandler  stm32f4xx_it.o
    0x08000f8c   0x08000f8c   0x00000028   Code   RO          983    i.DMA_CalcBaseAndBitshift  stm32f4xx_hal_dma.o
    0x08000fb4   0x08000fb4   0x00000054   Code   RO          984    i.DMA_CheckFifoParam  stm32f4xx_hal_dma.o
    0x08001008   0x08001008   0x00000018   Code   RO         4385    i.Data_Not_Ready    status_task.o
    0x08001020   0x08001020   0x00000030   Code   RO         4386    i.Data_Ready        status_task.o
    0x08001050   0x08001050   0x00000002   Code   RO         3522    i.DebugMon_Handler  stm32f4xx_it.o
    0x08001052   0x08001052   0x00000004   Code   RO         3034    i.Error_Handler     main.o
    0x08001056   0x08001056   0x00000002   PAD
    0x08001058   0x08001058   0x00000050   Code   RO          750    i.FLASH_Erase_Sector  stm32f4xx_hal_flash_ex.o
    0x080010a8   0x080010a8   0x00000054   Code   RO          751    i.FLASH_FlushCaches  stm32f4xx_hal_flash_ex.o
    0x080010fc   0x080010fc   0x00000028   Code   RO          752    i.FLASH_MassErase   stm32f4xx_hal_flash_ex.o
    0x08001124   0x08001124   0x00000020   Code   RO          632    i.FLASH_Program_Byte  stm32f4xx_hal_flash.o
    0x08001144   0x08001144   0x0000002c   Code   RO          633    i.FLASH_Program_DoubleWord  stm32f4xx_hal_flash.o
    0x08001170   0x08001170   0x00000024   Code   RO          634    i.FLASH_Program_HalfWord  stm32f4xx_hal_flash.o
    0x08001194   0x08001194   0x00000024   Code   RO          635    i.FLASH_Program_Word  stm32f4xx_hal_flash.o
    0x080011b8   0x080011b8   0x0000007c   Code   RO          636    i.FLASH_SetErrorCode  stm32f4xx_hal_flash.o
    0x08001234   0x08001234   0x00000050   Code   RO          637    i.FLASH_WaitForLastOperation  stm32f4xx_hal_flash.o
    0x08001284   0x08001284   0x00000008   Code   RO         4439    i.Flash_Read_BmiVal  calibration.o
    0x0800128c   0x0800128c   0x0000002a   Code   RO         4440    i.Flash_Write_Float1  calibration.o
    0x080012b6   0x080012b6   0x00000092   Code   RO          986    i.HAL_DMA_Abort     stm32f4xx_hal_dma.o
    0x08001348   0x08001348   0x00000024   Code   RO          987    i.HAL_DMA_Abort_IT  stm32f4xx_hal_dma.o
    0x0800136c   0x0800136c   0x000001a0   Code   RO          991    i.HAL_DMA_IRQHandler  stm32f4xx_hal_dma.o
    0x0800150c   0x0800150c   0x000000d4   Code   RO          992    i.HAL_DMA_Init      stm32f4xx_hal_dma.o
    0x080015e0   0x080015e0   0x00000024   Code   RO         1447    i.HAL_Delay         stm32f4xx_hal.o
    0x08001604   0x08001604   0x00000098   Code   RO          755    i.HAL_FLASHEx_Erase  stm32f4xx_hal_flash_ex.o
    0x0800169c   0x0800169c   0x00000014   Code   RO          641    i.HAL_FLASH_Lock    stm32f4xx_hal_flash.o
    0x080016b0   0x080016b0   0x0000007c   Code   RO          646    i.HAL_FLASH_Program  stm32f4xx_hal_flash.o
    0x0800172c   0x0800172c   0x0000002c   Code   RO          648    i.HAL_FLASH_Unlock  stm32f4xx_hal_flash.o
    0x08001758   0x08001758   0x000001e0   Code   RO          879    i.HAL_GPIO_Init     stm32f4xx_hal_gpio.o
    0x08001938   0x08001938   0x0000000a   Code   RO          883    i.HAL_GPIO_WritePin  stm32f4xx_hal_gpio.o
    0x08001942   0x08001942   0x00000002   PAD
    0x08001944   0x08001944   0x0000000c   Code   RO         1453    i.HAL_GetTick       stm32f4xx_hal.o
    0x08001950   0x08001950   0x00000010   Code   RO         1459    i.HAL_IncTick       stm32f4xx_hal.o
    0x08001960   0x08001960   0x00000034   Code   RO         1460    i.HAL_Init          stm32f4xx_hal.o
    0x08001994   0x08001994   0x00000040   Code   RO         1461    i.HAL_InitTick      stm32f4xx_hal.o
    0x080019d4   0x080019d4   0x00000030   Code   RO         3625    i.HAL_MspInit       stm32f4xx_hal_msp.o
    0x08001a04   0x08001a04   0x0000001a   Code   RO         1295    i.HAL_NVIC_EnableIRQ  stm32f4xx_hal_cortex.o
    0x08001a1e   0x08001a1e   0x00000002   PAD
    0x08001a20   0x08001a20   0x00000040   Code   RO         1301    i.HAL_NVIC_SetPriority  stm32f4xx_hal_cortex.o
    0x08001a60   0x08001a60   0x00000024   Code   RO         1302    i.HAL_NVIC_SetPriorityGrouping  stm32f4xx_hal_cortex.o
    0x08001a84   0x08001a84   0x00000134   Code   RO          471    i.HAL_RCC_ClockConfig  stm32f4xx_hal_rcc.o
    0x08001bb8   0x08001bb8   0x00000020   Code   RO          478    i.HAL_RCC_GetPCLK1Freq  stm32f4xx_hal_rcc.o
    0x08001bd8   0x08001bd8   0x00000020   Code   RO          479    i.HAL_RCC_GetPCLK2Freq  stm32f4xx_hal_rcc.o
    0x08001bf8   0x08001bf8   0x0000004c   Code   RO          480    i.HAL_RCC_GetSysClockFreq  stm32f4xx_hal_rcc.o
    0x08001c44   0x08001c44   0x0000036c   Code   RO          483    i.HAL_RCC_OscConfig  stm32f4xx_hal_rcc.o
    0x08001fb0   0x08001fb0   0x000000bc   Code   RO          155    i.HAL_SPI_Init      stm32f4xx_hal_spi.o
    0x0800206c   0x0800206c   0x00000084   Code   RO         3352    i.HAL_SPI_MspInit   spi.o
    0x080020f0   0x080020f0   0x000001f0   Code   RO          164    i.HAL_SPI_TransmitReceive  stm32f4xx_hal_spi.o
    0x080022e0   0x080022e0   0x00000028   Code   RO         1306    i.HAL_SYSTICK_Config  stm32f4xx_hal_cortex.o
    0x08002308   0x08002308   0x00000002   Code   RO         2404    i.HAL_TIMEx_BreakCallback  stm32f4xx_hal_tim_ex.o
    0x0800230a   0x0800230a   0x00000002   Code   RO         2405    i.HAL_TIMEx_CommutCallback  stm32f4xx_hal_tim_ex.o
    0x0800230c   0x0800230c   0x0000007c   Code   RO         2423    i.HAL_TIMEx_MasterConfigSynchronization  stm32f4xx_hal_tim_ex.o
    0x08002388   0x08002388   0x0000006c   Code   RO         1705    i.HAL_TIM_Base_Start_IT  stm32f4xx_hal_tim.o
    0x080023f4   0x080023f4   0x00000002   Code   RO         1734    i.HAL_TIM_IC_CaptureCallback  stm32f4xx_hal_tim.o
    0x080023f6   0x080023f6   0x00000130   Code   RO         1748    i.HAL_TIM_IRQHandler  stm32f4xx_hal_tim.o
    0x08002526   0x08002526   0x00000002   PAD
    0x08002528   0x08002528   0x00000050   Code   RO         3395    i.HAL_TIM_MspPostInit  tim.o
    0x08002578   0x08002578   0x00000002   Code   RO         1751    i.HAL_TIM_OC_DelayElapsedCallback  stm32f4xx_hal_tim.o
    0x0800257a   0x0800257a   0x000000cc   Code   RO         1772    i.HAL_TIM_PWM_ConfigChannel  stm32f4xx_hal_tim.o
    0x08002646   0x08002646   0x0000005a   Code   RO         1775    i.HAL_TIM_PWM_Init  stm32f4xx_hal_tim.o
    0x080026a0   0x080026a0   0x00000028   Code   RO         3397    i.HAL_TIM_PWM_MspInit  tim.o
    0x080026c8   0x080026c8   0x00000002   Code   RO         1778    i.HAL_TIM_PWM_PulseFinishedCallback  stm32f4xx_hal_tim.o
    0x080026ca   0x080026ca   0x00000002   PAD
    0x080026cc   0x080026cc   0x000000b0   Code   RO         1780    i.HAL_TIM_PWM_Start  stm32f4xx_hal_tim.o
    0x0800277c   0x0800277c   0x00000002   Code   RO         3035    i.HAL_TIM_PeriodElapsedCallback  main.o
    0x0800277e   0x0800277e   0x00000002   Code   RO         1791    i.HAL_TIM_TriggerCallback  stm32f4xx_hal_tim.o
    0x08002780   0x08002780   0x00000002   Code   RO         2683    i.HAL_UARTEx_RxEventCallback  stm32f4xx_hal_uart.o
    0x08002782   0x08002782   0x00000002   PAD
    0x08002784   0x08002784   0x00000018   Code   RO         3036    i.HAL_UART_ErrorCallback  main.o
    0x0800279c   0x0800279c   0x00000270   Code   RO         2700    i.HAL_UART_IRQHandler  stm32f4xx_hal_uart.o
    0x08002a0c   0x08002a0c   0x00000064   Code   RO         2701    i.HAL_UART_Init     stm32f4xx_hal_uart.o
    0x08002a70   0x08002a70   0x0000017c   Code   RO         3466    i.HAL_UART_MspInit  usart.o
    0x08002bec   0x08002bec   0x00000002   Code   RO         2707    i.HAL_UART_RxCpltCallback  stm32f4xx_hal_uart.o
    0x08002bee   0x08002bee   0x000000a0   Code   RO         2709    i.HAL_UART_Transmit  stm32f4xx_hal_uart.o
    0x08002c8e   0x08002c8e   0x00000002   PAD
    0x08002c90   0x08002c90   0x00000018   Code   RO         3037    i.HAL_UART_TxCpltCallback  main.o
    0x08002ca8   0x08002ca8   0x00000002   Code   RO         3523    i.HardFault_Handler  stm32f4xx_it.o
    0x08002caa   0x08002caa   0x00000002   PAD
    0x08002cac   0x08002cac   0x00000028   Code   RO         4441    i.InsertMax         calibration.o
    0x08002cd4   0x08002cd4   0x00000028   Code   RO         4442    i.InsertMin         calibration.o
    0x08002cfc   0x08002cfc   0x00000056   Code   RO         4548    i.LPButterworth     filter.o
    0x08002d52   0x08002d52   0x00000002   PAD
    0x08002d54   0x08002d54   0x00000098   Code   RO         3294    i.MX_GPIO_Init      gpio.o
    0x08002dec   0x08002dec   0x00000048   Code   RO         3353    i.MX_SPI3_Init      spi.o
    0x08002e34   0x08002e34   0x00000080   Code   RO         3400    i.MX_TIM3_Init      tim.o
    0x08002eb4   0x08002eb4   0x00000038   Code   RO         3468    i.MX_USART2_UART_Init  usart.o
    0x08002eec   0x08002eec   0x00000002   Code   RO         3524    i.MemManage_Handler  stm32f4xx_it.o
    0x08002eee   0x08002eee   0x00000002   Code   RO         3525    i.NMI_Handler       stm32f4xx_it.o
    0x08002ef0   0x08002ef0   0x00000018   Code   RO         4769    i.PID_struct_init   pid.o
    0x08002f08   0x08002f08   0x00000002   Code   RO         3526    i.PendSV_Handler    stm32f4xx_it.o
    0x08002f0a   0x08002f0a   0x00000002   PAD
    0x08002f0c   0x08002f0c   0x0000006c   Code   RO          193    i.SPI_EndRxTxTransaction  stm32f4xx_hal_spi.o
    0x08002f78   0x08002f78   0x00000020   Code   RO         4143    i.SPI_Read_Write_Byte  bsp_spi.o
    0x08002f98   0x08002f98   0x000000b8   Code   RO          198    i.SPI_WaitFlagStateUntilTimeout  stm32f4xx_hal_spi.o
    0x08003050   0x08003050   0x00000002   Code   RO         3527    i.SVC_Handler       stm32f4xx_it.o
    0x08003052   0x08003052   0x00000002   PAD
    0x08003054   0x08003054   0x000000a8   Code   RO         4549    i.Set_Cutoff_Frequency  filter.o
    0x080030fc   0x080030fc   0x00000004   Code   RO         3528    i.SysTick_Handler   stm32f4xx_it.o
    0x08003100   0x08003100   0x00000090   Code   RO         3038    i.SystemClock_Config  main.o
    0x08003190   0x08003190   0x00000010   Code   RO           14    i.SystemInit        system_stm32f4xx.o
    0x080031a0   0x080031a0   0x0000001c   Code   RO         3529    i.TIM1_UP_TIM10_IRQHandler  stm32f4xx_it.o
    0x080031bc   0x080031bc   0x000000a4   Code   RO         1793    i.TIM_Base_SetConfig  stm32f4xx_hal_tim.o
    0x08003260   0x08003260   0x0000001a   Code   RO         1794    i.TIM_CCxChannelCmd  stm32f4xx_hal_tim.o
    0x0800327a   0x0800327a   0x00000002   PAD
    0x0800327c   0x0800327c   0x00000050   Code   RO         1806    i.TIM_OC1_SetConfig  stm32f4xx_hal_tim.o
    0x080032cc   0x080032cc   0x00000058   Code   RO         1807    i.TIM_OC2_SetConfig  stm32f4xx_hal_tim.o
    0x08003324   0x08003324   0x00000058   Code   RO         1808    i.TIM_OC3_SetConfig  stm32f4xx_hal_tim.o
    0x0800337c   0x0800337c   0x00000044   Code   RO         1809    i.TIM_OC4_SetConfig  stm32f4xx_hal_tim.o
    0x080033c0   0x080033c0   0x00000010   Code   RO         2714    i.UART_DMAAbortOnError  stm32f4xx_hal_uart.o
    0x080033d0   0x080033d0   0x0000004e   Code   RO         2724    i.UART_EndRxTransfer  stm32f4xx_hal_uart.o
    0x0800341e   0x0800341e   0x000000c2   Code   RO         2726    i.UART_Receive_IT   stm32f4xx_hal_uart.o
    0x080034e0   0x080034e0   0x0000010c   Code   RO         2727    i.UART_SetConfig    stm32f4xx_hal_uart.o
    0x080035ec   0x080035ec   0x00000072   Code   RO         2730    i.UART_WaitOnFlagUntilTimeout  stm32f4xx_hal_uart.o
    0x0800365e   0x0800365e   0x00000002   PAD
    0x08003660   0x08003660   0x0000000c   Code   RO         3530    i.USART2_IRQHandler  stm32f4xx_it.o
    0x0800366c   0x0800366c   0x0000000c   Code   RO         3531    i.USART6_IRQHandler  stm32f4xx_it.o
    0x08003678   0x08003678   0x00000002   Code   RO         3532    i.UsageFault_Handler  stm32f4xx_it.o
    0x0800367a   0x0800367a   0x00000002   PAD
    0x0800367c   0x0800367c   0x00000020   Code   RO         5490    i.__0printf         mc_w.l(printfa.o)
    0x0800369c   0x0800369c   0x00000026   Code   RO         5596    i.__ARM_fpclassifyf  m_wm.l(fpclassifyf.o)
    0x080036c2   0x080036c2   0x00000020   Code   RO         1308    i.__NVIC_SetPriority  stm32f4xx_hal_cortex.o
    0x080036e2   0x080036e2   0x00000002   PAD
    0x080036e4   0x080036e4   0x00000150   Code   RO         5196    i.__hardfp_cosf     m_wm.l(cosf.o)
    0x08003834   0x08003834   0x0000017c   Code   RO         5208    i.__hardfp_tanf     m_wm.l(tanf.o)
    0x080039b0   0x080039b0   0x00000006   Code   RO         5599    i.__mathlib_flt_infnan  m_wm.l(funder.o)
    0x080039b6   0x080039b6   0x00000002   PAD
    0x080039b8   0x080039b8   0x00000010   Code   RO         5601    i.__mathlib_flt_invalid  m_wm.l(funder.o)
    0x080039c8   0x080039c8   0x00000010   Code   RO         5604    i.__mathlib_flt_underflow  m_wm.l(funder.o)
    0x080039d8   0x080039d8   0x00000154   Code   RO         5615    i.__mathlib_rredf2  m_wm.l(rredf.o)
    0x08003b2c   0x08003b2c   0x0000000e   Code   RO         5669    i.__scatterload_copy  mc_w.l(handlers.o)
    0x08003b3a   0x08003b3a   0x00000002   Code   RO         5670    i.__scatterload_null  mc_w.l(handlers.o)
    0x08003b3c   0x08003b3c   0x0000000e   Code   RO         5671    i.__scatterload_zeroinit  mc_w.l(handlers.o)
    0x08003b4a   0x08003b4a   0x00000002   PAD
    0x08003b4c   0x08003b4c   0x0000000c   Code   RO         5645    i.__set_errno       mc_w.l(errno.o)
    0x08003b58   0x08003b58   0x00000184   Code   RO         5497    i._fp_digits        mc_w.l(printfa.o)
    0x08003cdc   0x08003cdc   0x000006dc   Code   RO         5498    i._printf_core      mc_w.l(printfa.o)
    0x080043b8   0x080043b8   0x00000024   Code   RO         5499    i._printf_post_padding  mc_w.l(printfa.o)
    0x080043dc   0x080043dc   0x0000002e   Code   RO         5500    i._printf_pre_padding  mc_w.l(printfa.o)
    0x0800440a   0x0800440a   0x00000030   Code   RO         4770    i.abs_limit         pid.o
    0x0800443a   0x0800443a   0x00000002   PAD
    0x0800443c   0x0800443c   0x00000050   Code   RO         4387    i.finish_LED        status_task.o
    0x0800448c   0x0800448c   0x0000002a   Code   RO         4443    i.flash_erase_sector7  calibration.o
    0x080044b6   0x080044b6   0x00000002   PAD
    0x080044b8   0x080044b8   0x00000018   Code   RO         3039    i.fputc             main.o
    0x080044d0   0x080044d0   0x0000011c   Code   RO         3040    i.main              main.o
    0x080045ec   0x080045ec   0x000001e8   Code   RO         4771    i.pid_calc          pid.o
    0x080047d4   0x080047d4   0x0000000e   Code   RO         4772    i.pid_param_init    pid.o
    0x080047e2   0x080047e2   0x00000006   Code   RO         4773    i.pid_reset         pid.o
    0x080047e8   0x080047e8   0x000000dc   Code   RO         4388    i.status_task       status_task.o
    0x080048c4   0x080048c4   0x00000010   Data   RO           15    .constdata          system_stm32f4xx.o
    0x080048d4   0x080048d4   0x00000008   Data   RO           16    .constdata          system_stm32f4xx.o
    0x080048dc   0x080048dc   0x00000008   Data   RO          998    .constdata          stm32f4xx_hal_dma.o
    0x080048e4   0x080048e4   0x0000000c   Data   RO         3653    .constdata          bsp_bmi088.o
    0x080048f0   0x080048f0   0x00000020   Data   RO         5616    .constdata          m_wm.l(rredf.o)
    0x08004910   0x08004910   0x00000020   Data   RO         5667    Region$$Table       anon$$obj.o


    Execution Region RW_IRAM1 (Exec base: 0x20000000, Load base: 0x08004930, Size: 0x000015d8, Max: 0x00020000, ABSOLUTE)

    Exec Addr    Load Addr    Size         Type   Attr      Idx    E Section Name        Object

    0x20000000   0x08004930   0x00000004   Data   RW           17    .data               system_stm32f4xx.o
    0x20000004   0x08004934   0x0000000c   Data   RW         1467    .data               stm32f4xx_hal.o
    0x20000010   0x08004940   0x0000000c   Data   RW         3654    .data               bsp_bmi088.o
    0x2000001c   0x0800494c   0x00000004   Data   RW         3655    .data               bsp_bmi088.o
    0x20000020   0x08004950   0x00000001   Data   RW         3993    .data               bsp_imu.o
    0x20000021   0x08004951   0x00000003   PAD
    0x20000024   0x08004954   0x00000008   Data   RW         4183    .data               bsp_uart.o
    0x2000002c   0x0800495c   0x00000004   Data   RW         4389    .data               status_task.o
    0x20000030   0x08004960   0x00000018   Data   RW         4551    .data               filter.o
    0x20000048   0x08004978   0x00000004   Data   RW         5632    .data               mc_w.l(stdout.o)
    0x2000004c   0x0800497c   0x00000004   Data   RW         5646    .data               mc_w.l(errno.o)
    0x20000050        -       0x00000020   Zero   RW          649    .bss                stm32f4xx_hal_flash.o
    0x20000070        -       0x00000058   Zero   RW         3354    .bss                spi.o
    0x200000c8        -       0x000000d8   Zero   RW         3401    .bss                tim.o
    0x200001a0        -       0x00000198   Zero   RW         3470    .bss                usart.o
    0x20000338        -       0x00000012   Zero   RW         3652    .bss                bsp_bmi088.o
    0x2000034a   0x08004980   0x00000002   PAD
    0x2000034c        -       0x0000005c   Zero   RW         4237    .bss                bmi088_read.o
    0x200003a8        -       0x00000050   Zero   RW         4444    .bss                calibration.o
    0x200003f8        -       0x0000016c   Zero   RW         4550    .bss                filter.o
    0x20000564        -       0x00000070   Zero   RW         4790    .bss                pid.o
    0x200005d4   0x08004980   0x00000004   PAD
    0x200005d8        -       0x00001000   Zero   RW            1    STACK               startup_stm32f411xe.o


==============================================================================

Image component sizes


      Code (inc. data)   RO Data    RW Data    ZI Data      Debug   Object Name

         0          0          0          0         92       2695   bmi088_read.o
       704         82         12         16         18       4468   bsp_bmi088.o
         0          0          0          0          0       1788   bsp_iic.o
         0          0          0          1          0       2815   bsp_imu.o
       208         14          0          0          0       2795   bsp_spi.o
         0          0          0          8          0        720   bsp_uart.o
       692         42          0          0         80       7503   calibration.o
       726         58          0         24        364       4610   filter.o
       152         12          0          0          0        951   gpio.o
       506         80          0          0          0     414107   main.o
       580         14          0          0        112       5745   pid.o
       204         22          0          0         88       1741   spi.o
        36          8        408          0       4096        840   startup_stm32f411xe.o
       372         70          0          4          0       2491   status_task.o
       180         28          0         12          0       9325   stm32f4xx_hal.o
       198         14          0          0          0      33855   stm32f4xx_hal_cortex.o
       934         16          8          0          0       5667   stm32f4xx_hal_dma.o
       540         66          0          0         32       6682   stm32f4xx_hal_flash.o
       356         24          0          0          0       4194   stm32f4xx_hal_flash_ex.o
       490         34          0          0          0       2192   stm32f4xx_hal_gpio.o
        48          6          0          0          0        874   stm32f4xx_hal_msp.o
      1324         74          0          0          0       5224   stm32f4xx_hal_rcc.o
       976         14          0          0          0       4937   stm32f4xx_hal_spi.o
      1404         88          0          0          0      12336   stm32f4xx_hal_tim.o
       128         20          0          0          0       2513   stm32f4xx_hal_tim_ex.o
      1558         16          0          0          0       9521   stm32f4xx_hal_uart.o
        96         34          0          0          0       6681   stm32f4xx_it.o
        16          4         24          4          0     436135   system_stm32f4xx.o
       248         30          0          0        216       2400   tim.o
       436         36          0          0        408       2234   usart.o

    ----------------------------------------------------------------------
     13148        906        484         72       5512     998039   Object Totals
         0          0         32          0          0          0   (incl. Generated)
        36          0          0          3          6          0   (incl. Padding)

    ----------------------------------------------------------------------

      Code (inc. data)   RO Data    RW Data    ZI Data      Debug   Library Member Name

       336         56          0          0          0        136   cosf.o
        38          0          0          0          0        116   fpclassifyf.o
        38         12          0          0          0        348   funder.o
       340         24         32          0          0        160   rredf.o
       380         58          0          0          0        200   tanf.o
         0          0          0          0          0          0   entry.o
         0          0          0          0          0          0   entry10a.o
         0          0          0          0          0          0   entry11a.o
         8          4          0          0          0          0   entry2.o
         4          0          0          0          0          0   entry5.o
         0          0          0          0          0          0   entry7b.o
         0          0          0          0          0          0   entry8b.o
         8          4          0          0          0          0   entry9a.o
        12          6          0          4          0         68   errno.o
        30          0          0          0          0          0   handlers.o
        36          8          0          0          0         68   init.o
         0          0          0          0          0          0   iusefp.o
        30          0          0          0          0         68   llshl.o
        36          0          0          0          0         68   llsshr.o
        32          0          0          0          0         68   llushr.o
        36          0          0          0          0        108   memseta.o
      2258         90          0          0          0        452   printfa.o
         0          0          0          4          0          0   stdout.o
        44          0          0          0          0         80   uidiv.o
        98          0          0          0          0         92   uldiv.o
        48          0          0          0          0         68   cdrcmple.o
        56          0          0          0          0         88   d2f.o
       334          0          0          0          0        148   dadd.o
       222          0          0          0          0        100   ddiv.o
       186          0          0          0          0        176   depilogue.o
        48          0          0          0          0         68   dfixul.o
        34          0          0          0          0         76   dflti.o
       228          0          0          0          0         96   dmul.o
        38          0          0          0          0         68   f2d.o
       110          0          0          0          0        168   fepilogue.o

    ----------------------------------------------------------------------
      5072        262         32          8          0       3088   Library Totals
         4          0          0          0          0          0   (incl. Padding)

    ----------------------------------------------------------------------

      Code (inc. data)   RO Data    RW Data    ZI Data      Debug   Library Name

      1132        150         32          0          0        960   m_wm.l
      2632        112          0          8          0       1072   mc_w.l
      1304          0          0          0          0       1056   mf_w.l

    ----------------------------------------------------------------------
      5072        262         32          8          0       3088   Library Totals

    ----------------------------------------------------------------------

==============================================================================


      Code (inc. data)   RO Data    RW Data    ZI Data      Debug   

     18220       1168        516         80       5512     988591   Grand Totals
     18220       1168        516         80       5512     988591   ELF Image Totals
     18220       1168        516         80          0          0   ROM Totals

==============================================================================

    Total RO  Size (Code + RO Data)                18736 (  18.30kB)
    Total RW  Size (RW Data + ZI Data)              5592 (   5.46kB)
    Total ROM Size (Code + RO Data + RW Data)      18816 (  18.38kB)

==============================================================================

