Component: ARM Compiler 5.06 update 5 (build 528) Tool: armlink [4d35e2]

==============================================================================

Section Cross References

    startup_stm32f411xe.o(RESET) refers to startup_stm32f411xe.o(STACK) for __initial_sp
    startup_stm32f411xe.o(RESET) refers to startup_stm32f411xe.o(.text) for Reset_Handler
    startup_stm32f411xe.o(RESET) refers to stm32f4xx_it.o(i.NMI_Handler) for NMI_Handler
    startup_stm32f411xe.o(RESET) refers to stm32f4xx_it.o(i.HardFault_Handler) for HardFault_Handler
    startup_stm32f411xe.o(RESET) refers to stm32f4xx_it.o(i.MemManage_Handler) for MemManage_Handler
    startup_stm32f411xe.o(RESET) refers to stm32f4xx_it.o(i.BusFault_Handler) for BusFault_Handler
    startup_stm32f411xe.o(RESET) refers to stm32f4xx_it.o(i.UsageFault_Handler) for UsageFault_Handler
    startup_stm32f411xe.o(RESET) refers to stm32f4xx_it.o(i.SVC_Handler) for SVC_Handler
    startup_stm32f411xe.o(RESET) refers to stm32f4xx_it.o(i.DebugMon_Handler) for DebugMon_Handler
    startup_stm32f411xe.o(RESET) refers to stm32f4xx_it.o(i.PendSV_Handler) for PendSV_Handler
    startup_stm32f411xe.o(RESET) refers to stm32f4xx_it.o(i.SysTick_Handler) for SysTick_Handler
    startup_stm32f411xe.o(RESET) refers to stm32f4xx_it.o(i.DMA1_Stream5_IRQHandler) for DMA1_Stream5_IRQHandler
    startup_stm32f411xe.o(RESET) refers to stm32f4xx_it.o(i.DMA1_Stream6_IRQHandler) for DMA1_Stream6_IRQHandler
    startup_stm32f411xe.o(RESET) refers to stm32f4xx_it.o(i.TIM1_UP_TIM10_IRQHandler) for TIM1_UP_TIM10_IRQHandler
    startup_stm32f411xe.o(RESET) refers to stm32f4xx_it.o(i.USART2_IRQHandler) for USART2_IRQHandler
    startup_stm32f411xe.o(RESET) refers to stm32f4xx_it.o(i.USART6_IRQHandler) for USART6_IRQHandler
    startup_stm32f411xe.o(.text) refers to system_stm32f4xx.o(i.SystemInit) for SystemInit
    startup_stm32f411xe.o(.text) refers to entry.o(.ARM.Collect$$$$00000000) for __main
    system_stm32f4xx.o(i.SystemCoreClockUpdate) refers to system_stm32f4xx.o(.data) for .data
    system_stm32f4xx.o(i.SystemCoreClockUpdate) refers to system_stm32f4xx.o(.constdata) for .constdata
    stm32f4xx_hal_spi.o(i.HAL_SPI_Abort) refers to stm32f4xx_hal_dma.o(i.HAL_DMA_Abort) for HAL_DMA_Abort
    stm32f4xx_hal_spi.o(i.HAL_SPI_Abort) refers to system_stm32f4xx.o(.data) for SystemCoreClock
    stm32f4xx_hal_spi.o(i.HAL_SPI_Abort) refers to stm32f4xx_hal_spi.o(i.SPI_AbortTx_ISR) for SPI_AbortTx_ISR
    stm32f4xx_hal_spi.o(i.HAL_SPI_Abort) refers to stm32f4xx_hal_spi.o(i.SPI_AbortRx_ISR) for SPI_AbortRx_ISR
    stm32f4xx_hal_spi.o(i.HAL_SPI_Abort_IT) refers to stm32f4xx_hal_dma.o(i.HAL_DMA_Abort_IT) for HAL_DMA_Abort_IT
    stm32f4xx_hal_spi.o(i.HAL_SPI_Abort_IT) refers to stm32f4xx_hal_spi.o(i.HAL_SPI_AbortCpltCallback) for HAL_SPI_AbortCpltCallback
    stm32f4xx_hal_spi.o(i.HAL_SPI_Abort_IT) refers to system_stm32f4xx.o(.data) for SystemCoreClock
    stm32f4xx_hal_spi.o(i.HAL_SPI_Abort_IT) refers to stm32f4xx_hal_spi.o(i.SPI_AbortTx_ISR) for SPI_AbortTx_ISR
    stm32f4xx_hal_spi.o(i.HAL_SPI_Abort_IT) refers to stm32f4xx_hal_spi.o(i.SPI_AbortRx_ISR) for SPI_AbortRx_ISR
    stm32f4xx_hal_spi.o(i.HAL_SPI_Abort_IT) refers to stm32f4xx_hal_spi.o(i.SPI_DMATxAbortCallback) for SPI_DMATxAbortCallback
    stm32f4xx_hal_spi.o(i.HAL_SPI_Abort_IT) refers to stm32f4xx_hal_spi.o(i.SPI_DMARxAbortCallback) for SPI_DMARxAbortCallback
    stm32f4xx_hal_spi.o(i.HAL_SPI_DMAStop) refers to stm32f4xx_hal_dma.o(i.HAL_DMA_Abort) for HAL_DMA_Abort
    stm32f4xx_hal_spi.o(i.HAL_SPI_DeInit) refers to spi.o(i.HAL_SPI_MspDeInit) for HAL_SPI_MspDeInit
    stm32f4xx_hal_spi.o(i.HAL_SPI_IRQHandler) refers to stm32f4xx_hal_dma.o(i.HAL_DMA_Abort_IT) for HAL_DMA_Abort_IT
    stm32f4xx_hal_spi.o(i.HAL_SPI_IRQHandler) refers to stm32f4xx_hal_spi.o(i.HAL_SPI_ErrorCallback) for HAL_SPI_ErrorCallback
    stm32f4xx_hal_spi.o(i.HAL_SPI_IRQHandler) refers to stm32f4xx_hal_spi.o(i.SPI_DMAAbortOnError) for SPI_DMAAbortOnError
    stm32f4xx_hal_spi.o(i.HAL_SPI_Init) refers to spi.o(i.HAL_SPI_MspInit) for HAL_SPI_MspInit
    stm32f4xx_hal_spi.o(i.HAL_SPI_Receive) refers to stm32f4xx_hal.o(i.HAL_GetTick) for HAL_GetTick
    stm32f4xx_hal_spi.o(i.HAL_SPI_Receive) refers to stm32f4xx_hal_spi.o(i.HAL_SPI_TransmitReceive) for HAL_SPI_TransmitReceive
    stm32f4xx_hal_spi.o(i.HAL_SPI_Receive) refers to stm32f4xx_hal_spi.o(i.SPI_EndRxTransaction) for SPI_EndRxTransaction
    stm32f4xx_hal_spi.o(i.HAL_SPI_Receive_DMA) refers to stm32f4xx_hal_spi.o(i.HAL_SPI_TransmitReceive_DMA) for HAL_SPI_TransmitReceive_DMA
    stm32f4xx_hal_spi.o(i.HAL_SPI_Receive_DMA) refers to stm32f4xx_hal_dma.o(i.HAL_DMA_Start_IT) for HAL_DMA_Start_IT
    stm32f4xx_hal_spi.o(i.HAL_SPI_Receive_DMA) refers to stm32f4xx_hal_spi.o(i.SPI_DMAHalfReceiveCplt) for SPI_DMAHalfReceiveCplt
    stm32f4xx_hal_spi.o(i.HAL_SPI_Receive_DMA) refers to stm32f4xx_hal_spi.o(i.SPI_DMAReceiveCplt) for SPI_DMAReceiveCplt
[...]
    i.IMU_AHRS_Calcu_task                    0x0800365c   Section        0  bsp_imu.o(i.IMU_AHRS_Calcu_task)
    i.IMU_AHRSupdate_task                    0x08003748   Section        0  imu_ahrsupdate.o(i.IMU_AHRSupdate_task)
    i.IMU_QuaternionEKF_F_Linearization_P_Fading 0x08003758   Section        0  quaternionekf.o(i.IMU_QuaternionEKF_F_Linearization_P_Fading)
    IMU_QuaternionEKF_F_Linearization_P_Fading 0x08003759   Thumb Code   332  quaternionekf.o(i.IMU_QuaternionEKF_F_Linearization_P_Fading)
    i.IMU_QuaternionEKF_Init                 0x080038b0   Section        0  quaternionekf.o(i.IMU_QuaternionEKF_Init)
    i.IMU_QuaternionEKF_Observe              0x0800398c   Section        0  quaternionekf.o(i.IMU_QuaternionEKF_Observe)
    IMU_QuaternionEKF_Observe                0x0800398d   Thumb Code    42  quaternionekf.o(i.IMU_QuaternionEKF_Observe)
    i.IMU_QuaternionEKF_SetH                 0x080039c0   Section        0  quaternionekf.o(i.IMU_QuaternionEKF_SetH)
    IMU_QuaternionEKF_SetH                   0x080039c1   Thumb Code   188  quaternionekf.o(i.IMU_QuaternionEKF_SetH)
    i.IMU_QuaternionEKF_Update_Chip          0x08003a84   Section        0  quaternionekf.o(i.IMU_QuaternionEKF_Update_Chip)
    i.IMU_QuaternionEKF_xhatUpdate           0x08003e38   Section        0  quaternionekf.o(i.IMU_QuaternionEKF_xhatUpdate)
    IMU_QuaternionEKF_xhatUpdate             0x08003e39   Thumb Code   912  quaternionekf.o(i.IMU_QuaternionEKF_xhatUpdate)
    i.IMU_Values_Convert                     0x080041f0   Section        0  bsp_imu.o(i.IMU_Values_Convert)
    i.Kalman_Filter_Init                     0x080042c0   Section        0  kalman_filter.o(i.Kalman_Filter_Init)
    i.Kalman_Filter_Measure                  0x080046a8   Section        0  kalman_filter.o(i.Kalman_Filter_Measure)
    i.Kalman_Filter_P_Update                 0x080046f0   Section        0  kalman_filter.o(i.Kalman_Filter_P_Update)
    i.Kalman_Filter_PminusUpdate             0x0800475a   Section        0  kalman_filter.o(i.Kalman_Filter_PminusUpdate)
    i.Kalman_Filter_SetK                     0x080047c6   Section        0  kalman_filter.o(i.Kalman_Filter_SetK)
    i.Kalman_Filter_Update                   0x08004894   Section        0  kalman_filter.o(i.Kalman_Filter_Update)
    i.Kalman_Filter_xhatMinusUpdate          0x0800497c   Section        0  kalman_filter.o(i.Kalman_Filter_xhatMinusUpdate)
    i.Kalman_Filter_xhatUpdate               0x080049f0   Section        0  kalman_filter.o(i.Kalman_Filter_xhatUpdate)
    i.Kalman_init                            0x08004a74   Section        0  kalmanfilter.o(i.Kalman_init)
    i.LPButterworth                          0x08004ac4   Section        0  filter.o(i.LPButterworth)
    i.MX_DMA_Init                            0x08004b1c   Section        0  dma.o(i.MX_DMA_Init)
    i.MX_GPIO_Init                           0x08004b58   Section        0  gpio.o(i.MX_GPIO_Init)
    i.MX_SPI3_Init                           0x08004bf0   Section        0  spi.o(i.MX_SPI3_Init)
    i.MX_TIM10_Init                          0x08004c38   Section        0  tim.o(i.MX_TIM10_Init)
    i.MX_TIM1_Init                           0x08004c70   Section        0  tim.o(i.MX_TIM1_Init)
    i.MX_TIM3_Init                           0x08004cd8   Section        0  tim.o(i.MX_TIM3_Init)
    i.MX_USART1_UART_Init                    0x08004d58   Section        0  usart.o(i.MX_USART1_UART_Init)
    i.MX_USART2_UART_Init                    0x08004d90   Section        0  usart.o(i.MX_USART2_UART_Init)
    i.MX_USART6_UART_Init                    0x08004dc8   Section        0  usart.o(i.MX_USART6_UART_Init)
    i.MemManage_Handler                      0x08004e00   Section        0  stm32f4xx_it.o(i.MemManage_Handler)
    i.NMI_Handler                            0x08004e02   Section        0  stm32f4xx_it.o(i.NMI_Handler)
    i.PID_struct_init                        0x08004e04   Section        0  pid.o(i.PID_struct_init)
    i.PendSV_Handler                         0x08004e1c   Section        0  stm32f4xx_it.o(i.PendSV_Handler)
    i.SPI_EndRxTxTransaction                 0x08004e20   Section        0  stm32f4xx_hal_spi.o(i.SPI_EndRxTxTransaction)
    SPI_EndRxTxTransaction                   0x08004e21   Thumb Code    98  stm32f4xx_hal_spi.o(i.SPI_EndRxTxTransaction)
    i.SPI_Read_Write_Byte                    0x08004e8c   Section        0  bsp_spi.o(i.SPI_Read_Write_Byte)
    i.SPI_WaitFlagStateUntilTimeout          0x08004eac   Section        0  stm32f4xx_hal_spi.o(i.SPI_WaitFlagStateUntilTimeout)
    SPI_WaitFlagStateUntilTimeout            0x08004ead   Thumb Code   180  stm32f4xx_hal_spi.o(i.SPI_WaitFlagStateUntilTimeout)
    i.SVC_Handler                            0x08004f64   Section        0  stm32f4xx_it.o(i.SVC_Handler)
    i.Set_Cutoff_Frequency                   0x08004f68   Section        0  filter.o(i.Set_Cutoff_Frequency)
    i.SysTick_Handler                        0x08005010   Section        0  stm32f4xx_it.o(i.SysTick_Handler)
    i.SystemClock_Config                     0x08005014   Section        0  main.o(i.SystemClock_Config)
    i.SystemInit                             0x080050a4   Section        0  system_stm32f4xx.o(i.SystemInit)
    i.TIM1_UP_TIM10_IRQHandler               0x080050b4   Section        0  stm32f4xx_it.o(i.TIM1_UP_TIM10_IRQHandler)
    i.TIM_Base_SetConfig                     0x080050d0   Section        0  stm32f4xx_hal_tim.o(i.TIM_Base_SetConfig)
    i.TIM_CCxChannelCmd                      0x08005174   Section        0  stm32f4xx_hal_tim.o(i.TIM_CCxChannelCmd)
    i.TIM_ETR_SetConfig                      0x0800518e   Section        0  stm32f4xx_hal_tim.o(i.TIM_ETR_SetConfig)
    i.TIM_ITRx_SetConfig                     0x080051a2   Section        0  stm32f4xx_hal_tim.o(i.TIM_ITRx_SetConfig)
    TIM_ITRx_SetConfig                       0x080051a3   Thumb Code    16  stm32f4xx_hal_tim.o(i.TIM_ITRx_SetConfig)
    i.TIM_OC1_SetConfig                      0x080051b4   Section        0  stm32f4xx_hal_tim.o(i.TIM_OC1_SetConfig)
    TIM_OC1_SetConfig                        0x080051b5   Thumb Code    74  stm32f4xx_hal_tim.o(i.TIM_OC1_SetConfig)
    i.TIM_OC2_SetConfig                      0x08005204   Section        0  stm32f4xx_hal_tim.o(i.TIM_OC2_SetConfig)
    i.TIM_OC3_SetConfig                      0x0800525c   Section        0  stm32f4xx_hal_tim.o(i.TIM_OC3_SetConfig)
    TIM_OC3_SetConfig                        0x0800525d   Thumb Code    82  stm32f4xx_hal_tim.o(i.TIM_OC3_SetConfig)
    i.TIM_OC4_SetConfig                      0x080052b4   Section        0  stm32f4xx_hal_tim.o(i.TIM_OC4_SetConfig)
    TIM_OC4_SetConfig                        0x080052b5   Thumb Code    64  stm32f4xx_hal_tim.o(i.TIM_OC4_SetConfig)
    i.TIM_TI1_ConfigInputStage               0x080052f8   Section        0  stm32f4xx_hal_tim.o(i.TIM_TI1_ConfigInputStage)
    TIM_TI1_ConfigInputStage                 0x080052f9   Thumb Code    34  stm32f4xx_hal_tim.o(i.TIM_TI1_ConfigInputStage)
    i.TIM_TI2_ConfigInputStage               0x0800531a   Section        0  stm32f4xx_hal_tim.o(i.TIM_TI2_ConfigInputStage)
    TIM_TI2_ConfigInputStage                 0x0800531b   Thumb Code    36  stm32f4xx_hal_tim.o(i.TIM_TI2_ConfigInputStage)
    i.UART_DMAAbortOnError                   0x0800533e   Section        0  stm32f4xx_hal_uart.o(i.UART_DMAAbortOnError)
    UART_DMAAbortOnError                     0x0800533f   Thumb Code    16  stm32f4xx_hal_uart.o(i.UART_DMAAbortOnError)
    i.UART_DMAError                          0x0800534e   Section        0  stm32f4xx_hal_uart.o(i.UART_DMAError)
    UART_DMAError                            0x0800534f   Thumb Code    74  stm32f4xx_hal_uart.o(i.UART_DMAError)
    i.UART_DMATransmitCplt                   0x08005398   Section        0  stm32f4xx_hal_uart.o(i.UART_DMATransmitCplt)
    UART_DMATransmitCplt                     0x08005399   Thumb Code    66  stm32f4xx_hal_uart.o(i.UART_DMATransmitCplt)
    i.UART_DMATxHalfCplt                     0x080053da   Section        0  stm32f4xx_hal_uart.o(i.UART_DMATxHalfCplt)
    UART_DMATxHalfCplt                       0x080053db   Thumb Code    10  stm32f4xx_hal_uart.o(i.UART_DMATxHalfCplt)
    i.UART_EndRxTransfer                     0x080053e4   Section        0  stm32f4xx_hal_uart.o(i.UART_EndRxTransfer)
    UART_EndRxTransfer                       0x080053e5   Thumb Code    78  stm32f4xx_hal_uart.o(i.UART_EndRxTransfer)
    i.UART_EndTxTransfer                     0x08005432   Section        0  stm32f4xx_hal_uart.o(i.UART_EndTxTransfer)
    UART_EndTxTransfer                       0x08005433   Thumb Code    28  stm32f4xx_hal_uart.o(i.UART_EndTxTransfer)
    i.UART_Receive_IT                        0x0800544e   Section        0  stm32f4xx_hal_uart.o(i.UART_Receive_IT)
    UART_Receive_IT                          0x0800544f   Thumb Code   194  stm32f4xx_hal_uart.o(i.UART_Receive_IT)
    i.UART_SetConfig                         0x08005510   Section        0  stm32f4xx_hal_uart.o(i.UART_SetConfig)
    UART_SetConfig                           0x08005511   Thumb Code   258  stm32f4xx_hal_uart.o(i.UART_SetConfig)
    i.USART2_IRQHandler                      0x0800561c   Section        0  stm32f4xx_it.o(i.USART2_IRQHandler)
    i.USART6_IRQHandler                      0x08005628   Section        0  stm32f4xx_it.o(i.USART6_IRQHandler)
    i.Uart2_Dma_Printf                       0x08005634   Section        0  bsp_uart.o(i.Uart2_Dma_Printf)
    i.UsageFault_Handler                     0x08005680   Section        0  stm32f4xx_it.o(i.UsageFault_Handler)
    i.__0vsnprintf                           0x08005684   Section        0  printfa.o(i.__0vsnprintf)
    i.__ARM_fpclassifyf                      0x080056b0   Section        0  fpclassifyf.o(i.__ARM_fpclassifyf)
    i.__NVIC_SetPriority                     0x080056d6   Section        0  stm32f4xx_hal_cortex.o(i.__NVIC_SetPriority)
    __NVIC_SetPriority                       0x080056d7   Thumb Code    32  stm32f4xx_hal_cortex.o(i.__NVIC_SetPriority)
    i.__hardfp_acosf                         0x080056f8   Section        0  acosf.o(i.__hardfp_acosf)
    i.__hardfp_asinf                         0x08005810   Section        0  asinf.o(i.__hardfp_asinf)
    i.__hardfp_atan2f                        0x0800593c   Section        0  atan2f.o(i.__hardfp_atan2f)
    i.__hardfp_cosf                          0x08005b8c   Section        0  cosf.o(i.__hardfp_cosf)
    i.__hardfp_tanf                          0x08005cdc   Section        0  tanf.o(i.__hardfp_tanf)
    i.__mathlib_flt_infnan                   0x08005e58   Section        0  funder.o(i.__mathlib_flt_infnan)
    i.__mathlib_flt_infnan2                  0x08005e5e   Section        0  funder.o(i.__mathlib_flt_infnan2)
    i.__mathlib_flt_invalid                  0x08005e64   Section        0  funder.o(i.__mathlib_flt_invalid)
    i.__mathlib_flt_underflow                0x08005e74   Section        0  funder.o(i.__mathlib_flt_underflow)
    i.__mathlib_rredf2                       0x08005e84   Section        0  rredf.o(i.__mathlib_rredf2)
    i.__scatterload_copy                     0x08005fd8   Section       14  handlers.o(i.__scatterload_copy)
    i.__scatterload_null                     0x08005fe6   Section        2  handlers.o(i.__scatterload_null)
    i.__scatterload_zeroinit                 0x08005fe8   Section       14  handlers.o(i.__scatterload_zeroinit)
    i.__set_errno                            0x08005ff8   Section        0  errno.o(i.__set_errno)
    i._fp_digits                             0x08006004   Section        0  printfa.o(i._fp_digits)
    _fp_digits                               0x08006005   Thumb Code   366  printfa.o(i._fp_digits)
    i._printf_core                           0x08006188   Section        0  printfa.o(i._printf_core)
    _printf_core                             0x08006189   Thumb Code  1744  printfa.o(i._printf_core)
    i._printf_post_padding                   0x08006864   Section        0  printfa.o(i._printf_post_padding)
    _printf_post_padding                     0x08006865   Thumb Code    36  printfa.o(i._printf_post_padding)
    i._printf_pre_padding                    0x08006888   Section        0  printfa.o(i._printf_pre_padding)
    _printf_pre_padding                      0x08006889   Thumb Code    46  printfa.o(i._printf_pre_padding)
    i._snputc                                0x080068b6   Section        0  printfa.o(i._snputc)
    _snputc                                  0x080068b7   Thumb Code    22  printfa.o(i._snputc)
    i.abs_limit                              0x080068cc   Section        0  pid.o(i.abs_limit)
    i.invSqrt                                0x080068fc   Section        0  quaternionekf.o(i.invSqrt)
    invSqrt                                  0x080068fd   Thumb Code    40  quaternionekf.o(i.invSqrt)
    i.main                                   0x08006928   Section        0  main.o(i.main)
    i.malloc                                 0x08006a44   Section        0  malloc.o(i.malloc)
    i.pid_calc                               0x08006ab0   Section        0  pid.o(i.pid_calc)
    i.pid_param_init                         0x08006c98   Section        0  pid.o(i.pid_param_init)
    pid_param_init                           0x08006c99   Thumb Code    14  pid.o(i.pid_param_init)
    i.pid_reset                              0x08006ca6   Section        0  pid.o(i.pid_reset)
    pid_reset                                0x08006ca7   Thumb Code     6  pid.o(i.pid_reset)
    i.sqrtf                                  0x08006cac   Section        0  sqrtf_full.o(i.sqrtf)
    i.status_task                            0x08006cec   Section        0  status_task.o(i.status_task)
    .constdata                               0x08006db8   Section       16  system_stm32f4xx.o(.constdata)
    .constdata                               0x08006dc8   Section        8  system_stm32f4xx.o(.constdata)
    .constdata                               0x08006dd0   Section        8  stm32f4xx_hal_dma.o(.constdata)
    flagBitshiftOffset                       0x08006dd0   Data           8  stm32f4xx_hal_dma.o(.constdata)
    .constdata                               0x08006dd8   Section       12  bsp_bmi088.o(.constdata)
    .constdata                               0x08006de4   Section      144  quaternionekf.o(.constdata)
    .constdata                               0x08006e74   Section       32  rredf.o(.constdata)
    twooverpi                                0x08006e74   Data          32  rredf.o(.constdata)
    .data                                    0x20000000   Section        4  system_stm32f4xx.o(.data)
    .data                                    0x20000004   Section       12  stm32f4xx_hal.o(.data)
    .data                                    0x20000010   Section       16  bsp_bmi088.o(.data)
    .data                                    0x20000020   Section       64  bsp_dwt.o(.data)
    CPU_FREQ_Hz                              0x20000020   Data           4  bsp_dwt.o(.data)
    CPU_FREQ_Hz_ms                           0x20000024   Data           4  bsp_dwt.o(.data)
    CPU_FREQ_Hz_us                           0x20000028   Data           4  bsp_dwt.o(.data)
    CYCCNT_RountCount                        0x2000002c   Data           4  bsp_dwt.o(.data)
    CYCCNT_LAST                              0x20000030   Data           4  bsp_dwt.o(.data)
    CNT_TEMP1                                0x20000038   Data           8  bsp_dwt.o(.data)
    CNT_TEMP2                                0x20000040   Data           8  bsp_dwt.o(.data)
    CNT_TEMP3                                0x20000048   Data           8  bsp_dwt.o(.data)
    .data                                    0x20000060   Section      120  bsp_imu.o(.data)
    gx                                       0x200000b4   Data           4  bsp_imu.o(.data)
    gy                                       0x200000b8   Data           4  bsp_imu.o(.data)
    gz                                       0x200000bc   Data           4  bsp_imu.o(.data)
    ax                                       0x200000c0   Data           4  bsp_imu.o(.data)
    ay                                       0x200000c4   Data           4  bsp_imu.o(.data)
    az                                       0x200000c8   Data           4  bsp_imu.o(.data)
    mx                                       0x200000cc   Data           4  bsp_imu.o(.data)
    my                                       0x200000d0   Data           4  bsp_imu.o(.data)
    mz                                       0x200000d4   Data           4  bsp_imu.o(.data)
    .data                                    0x200000d8   Section        1  bsp_imu.o(.data)
    .data                                    0x200000dc   Section        8  bsp_uart.o(.data)
    .data                                    0x200000e4   Section        4  status_task.o(.data)
    .data                                    0x200000e8   Section       24  filter.o(.data)
    .data                                    0x20000100   Section        4  kalman_filter.o(.data)
    .data                                    0x20000104   Section      380  kalmanfilter.o(.data)
    .data                                    0x20000280   Section      228  quaternionekf.o(.data)
    halfgxdt                                 0x20000280   Data           4  quaternionekf.o(.data)
    halfgydt                                 0x20000284   Data           4  quaternionekf.o(.data)
    halfgzdt                                 0x20000288   Data           4  quaternionekf.o(.data)
    accelInvNorm                             0x2000028c   Data           4  quaternionekf.o(.data)
    q0                                       0x20000290   Data           4  quaternionekf.o(.data)
    q1                                       0x20000294   Data           4  quaternionekf.o(.data)
    q2                                       0x20000298   Data           4  quaternionekf.o(.data)
    q3                                       0x2000029c   Data           4  quaternionekf.o(.data)
    qInvNorm                                 0x200002a0   Data           4  quaternionekf.o(.data)
    doubleq0                                 0x200002a4   Data           4  quaternionekf.o(.data)
    doubleq1                                 0x200002a8   Data           4  quaternionekf.o(.data)
    doubleq2                                 0x200002ac   Data           4  quaternionekf.o(.data)
    doubleq3                                 0x200002b0   Data           4  quaternionekf.o(.data)
    q0                                       0x200002b4   Data           4  quaternionekf.o(.data)
    q1                                       0x200002b8   Data           4  quaternionekf.o(.data)
    q2                                       0x200002bc   Data           4  quaternionekf.o(.data)
    q3                                       0x200002c0   Data           4  quaternionekf.o(.data)
    .data                                    0x20000364   Section        4  mvars.o(.data)
    .data                                    0x20000368   Section        4  mvars.o(.data)
    .data                                    0x2000036c   Section        4  errno.o(.data)
    _errno                                   0x2000036c   Data           4  errno.o(.data)
    .bss                                     0x20000370   Section       88  spi.o(.bss)
    .bss                                     0x200003c8   Section      216  tim.o(.bss)
    .bss                                     0x200004a0   Section      408  usart.o(.bss)
    .bss                                     0x20000638   Section       18  bsp_bmi088.o(.bss)
    .bss                                     0x2000064c   Section      208  bsp_imu.o(.bss)
    .bss                                     0x2000071c   Section      256  bsp_uart.o(.bss)
    .bss                                     0x2000081c   Section       80  bmi088_read.o(.bss)
    .bss                                     0x2000086c   Section       80  calibration.o(.bss)
    .bss                                     0x200008bc   Section      364  filter.o(.bss)
    .bss                                     0x20000a28   Section      312  kalmanfilter.o(.bss)
    .bss                                     0x20000b60   Section      112  pid.o(.bss)
    .bss                                     0x20000bd0   Section      624  quaternionekf.o(.bss)
    HEAP                                     0x20000e40   Section     8192  startup_stm32f411xe.o(HEAP)
    STACK                                    0x20002e40   Section     4096  startup_stm32f411xe.o(STACK)

    Global Symbols

    Symbol Name                              Value     Ov Type        Size  Object(Section)

    BuildAttributes$$THM_ISAv4$E$P$D$K$B$S$7EM$VFPi3$EXTD16$VFPS$VFMA$PE$A:L22UL41UL21$X:L11$S22US41US21$IEEE1$IW$USESV6$~STKCKD$USESV7$~SHL$OTIME$ROPI$IEEEX$EBA8$MICROLIB$REQ8$PRES8$EABIv2 0x00000000   Number         0  anon$$obj.o ABSOLUTE
    __ARM_use_no_argv                        0x00000000   Number         0  main.o ABSOLUTE
    __cpp_initialize__aeabi_                  - Undefined Weak Reference
    __cxa_finalize                            - Undefined Weak Reference
    _clock_init                               - Undefined Weak Reference
    _microlib_exit                            - Undefined Weak Reference
    __Vectors_Size                           0x00000198   Number         0  startup_stm32f411xe.o ABSOLUTE
    __Vectors                                0x08000000   Data           4  startup_stm32f411xe.o(RESET)
    __Vectors_End                            0x08000198   Data           0  startup_stm32f411xe.o(RESET)
    __main                                   0x08000199   Thumb Code     0  entry.o(.ARM.Collect$$$$00000000)
    _main_stk                                0x08000199   Thumb Code     0  entry2.o(.ARM.Collect$$$$00000001)
    _main_scatterload                        0x0800019d   Thumb Code     0  entry5.o(.ARM.Collect$$$$00000004)
    __main_after_scatterload                 0x080001a1   Thumb Code     0  entry5.o(.ARM.Collect$$$$00000004)
    _main_clock                              0x080001a1   Thumb Code     0  entry7b.o(.ARM.Collect$$$$00000008)
    _main_cpp_init                           0x080001a1   Thumb Code     0  entry8b.o(.ARM.Collect$$$$0000000A)
    _main_init                               0x080001a1   Thumb Code     0  entry9a.o(.ARM.Collect$$$$0000000B)
    __rt_final_cpp                           0x080001a9   Thumb Code     0  entry10a.o(.ARM.Collect$$$$0000000D)
    __rt_final_exit                          0x080001a9   Thumb Code     0  entry11a.o(.ARM.Collect$$$$0000000F)
    Reset_Handler                            0x080001ad   Thumb Code     8  startup_stm32f411xe.o(.text)
    ADC_IRQHandler                           0x080001c7   Thumb Code     0  startup_stm32f411xe.o(.text)
    DMA1_Stream0_IRQHandler                  0x080001c7   Thumb Code     0  startup_stm32f411xe.o(.text)
    DMA1_Stream1_IRQHandler                  0x080001c7   Thumb Code     0  startup_stm32f411xe.o(.text)
    DMA1_Stream2_IRQHandler                  0x080001c7   Thumb Code     0  startup_stm32f411xe.o(.text)
    DMA1_Stream3_IRQHandler                  0x080001c7   Thumb Code     0  startup_stm32f411xe.o(.text)
    DMA1_Stream4_IRQHandler                  0x080001c7   Thumb Code     0  startup_stm32f411xe.o(.text)
    DMA1_Stream7_IRQHandler                  0x080001c7   Thumb Code     0  startup_stm32f411xe.o(.text)
    DMA2_Stream0_IRQHandler                  0x080001c7   Thumb Code     0  startup_stm32f411xe.o(.text)
    DMA2_Stream1_IRQHandler                  0x080001c7   Thumb Code     0  startup_stm32f411xe.o(.text)
    DMA2_Stream2_IRQHandler                  0x080001c7   Thumb Code     0  startup_stm32f411xe.o(.text)
    DMA2_Stream3_IRQHandler                  0x080001c7   Thumb Code     0  startup_stm32f411xe.o(.text)
    DMA2_Stream4_IRQHandler                  0x080001c7   Thumb Code     0  startup_stm32f411xe.o(.text)
    DMA2_Stream5_IRQHandler                  0x080001c7   Thumb Code     0  startup_stm32f411xe.o(.text)
    DMA2_Stream6_IRQHandler                  0x080001c7   Thumb Code     0  startup_stm32f411xe.o(.text)
    DMA2_Stream7_IRQHandler                  0x080001c7   Thumb Code     0  startup_stm32f411xe.o(.text)
    EXTI0_IRQHandler                         0x080001c7   Thumb Code     0  startup_stm32f411xe.o(.text)
    EXTI15_10_IRQHandler                     0x080001c7   Thumb Code     0  startup_stm32f411xe.o(.text)
    EXTI1_IRQHandler                         0x080001c7   Thumb Code     0  startup_stm32f411xe.o(.text)
    EXTI2_IRQHandler                         0x080001c7   Thumb Code     0  startup_stm32f411xe.o(.text)
    EXTI3_IRQHandler                         0x080001c7   Thumb Code     0  startup_stm32f411xe.o(.text)
    EXTI4_IRQHandler                         0x080001c7   Thumb Code     0  startup_stm32f411xe.o(.text)
    EXTI9_5_IRQHandler                       0x080001c7   Thumb Code     0  startup_stm32f411xe.o(.text)
    FLASH_IRQHandler                         0x080001c7   Thumb Code     0  startup_stm32f411xe.o(.text)
    FPU_IRQHandler                           0x080001c7   Thumb Code     0  startup_stm32f411xe.o(.text)
    I2C1_ER_IRQHandler                       0x080001c7   Thumb Code     0  startup_stm32f411xe.o(.text)
    I2C1_EV_IRQHandler                       0x080001c7   Thumb Code     0  startup_stm32f411xe.o(.text)
    I2C2_ER_IRQHandler                       0x080001c7   Thumb Code     0  startup_stm32f411xe.o(.text)
    I2C2_EV_IRQHandler                       0x080001c7   Thumb Code     0  startup_stm32f411xe.o(.text)
    I2C3_ER_IRQHandler                       0x080001c7   Thumb Code     0  startup_stm32f411xe.o(.text)
    I2C3_EV_IRQHandler                       0x080001c7   Thumb Code     0  startup_stm32f411xe.o(.text)
    OTG_FS_IRQHandler                        0x080001c7   Thumb Code     0  startup_stm32f411xe.o(.text)
    OTG_FS_WKUP_IRQHandler                   0x080001c7   Thumb Code     0  startup_stm32f411xe.o(.text)
    PVD_IRQHandler                           0x080001c7   Thumb Code     0  startup_stm32f411xe.o(.text)
    RCC_IRQHandler                           0x080001c7   Thumb Code     0  startup_stm32f411xe.o(.text)
    RTC_Alarm_IRQHandler                     0x080001c7   Thumb Code     0  startup_stm32f411xe.o(.text)
    RTC_WKUP_IRQHandler                      0x080001c7   Thumb Code     0  startup_stm32f411xe.o(.text)
    SDIO_IRQHandler                          0x080001c7   Thumb Code     0  startup_stm32f411xe.o(.text)
    SPI1_IRQHandler                          0x080001c7   Thumb Code     0  startup_stm32f411xe.o(.text)
    SPI2_IRQHandler                          0x080001c7   Thumb Code     0  startup_stm32f411xe.o(.text)
    SPI3_IRQHandler                          0x080001c7   Thumb Code     0  startup_stm32f411xe.o(.text)
    SPI4_IRQHandler                          0x080001c7   Thumb Code     0  startup_stm32f411xe.o(.text)
    SPI5_IRQHandler                          0x080001c7   Thumb Code     0  startup_stm32f411xe.o(.text)
    TAMP_STAMP_IRQHandler                    0x080001c7   Thumb Code     0  startup_stm32f411xe.o(.text)
    TIM1_BRK_TIM9_IRQHandler                 0x080001c7   Thumb Code     0  startup_stm32f411xe.o(.text)
    TIM1_CC_IRQHandler                       0x080001c7   Thumb Code     0  startup_stm32f411xe.o(.text)
    TIM1_TRG_COM_TIM11_IRQHandler            0x080001c7   Thumb Code     0  startup_stm32f411xe.o(.text)
    TIM2_IRQHandler                          0x080001c7   Thumb Code     0  startup_stm32f411xe.o(.text)
    TIM3_IRQHandler                          0x080001c7   Thumb Code     0  startup_stm32f411xe.o(.text)
    TIM4_IRQHandler                          0x080001c7   Thumb Code     0  startup_stm32f411xe.o(.text)
    TIM5_IRQHandler                          0x080001c7   Thumb Code     0  startup_stm32f411xe.o(.text)
    USART1_IRQHandler                        0x080001c7   Thumb Code     0  startup_stm32f411xe.o(.text)
    WWDG_IRQHandler                          0x080001c7   Thumb Code     0  startup_stm32f411xe.o(.text)
    arm_mat_add_f32                          0x080001d1   Thumb Code   264  arm_mat_add_f32.o(.text)
    arm_mat_init_f32                         0x080002d9   Thumb Code     8  arm_mat_init_f32.o(.text)
    arm_mat_inverse_f32                      0x080002e1   Thumb Code  1328  arm_mat_inverse_f32.o(.text)
    arm_mat_mult_f32                         0x08000811   Thumb Code   312  arm_mat_mult_f32.o(.text)
    arm_mat_sub_f32                          0x0800094d   Thumb Code   264  arm_mat_sub_f32.o(.text)
    arm_mat_trans_f32                        0x08000a55   Thumb Code   276  arm_mat_trans_f32.o(.text)
    __aeabi_uldivmod                         0x08000b69   Thumb Code    98  uldiv.o(.text)
    __aeabi_memcpy                           0x08000bcb   Thumb Code    36  memcpya.o(.text)
    __aeabi_memcpy4                          0x08000bcb   Thumb Code     0  memcpya.o(.text)
    __aeabi_memcpy8                          0x08000bcb   Thumb Code     0  memcpya.o(.text)
    __aeabi_memset                           0x08000bef   Thumb Code    14  memseta.o(.text)
    __aeabi_memset4                          0x08000bef   Thumb Code     0  memseta.o(.text)
    __aeabi_memset8                          0x08000bef   Thumb Code     0  memseta.o(.text)
    __aeabi_memclr                           0x08000bfd   Thumb Code     4  memseta.o(.text)
    __aeabi_memclr4                          0x08000bfd   Thumb Code     0  memseta.o(.text)
    __aeabi_memclr8                          0x08000bfd   Thumb Code     0  memseta.o(.text)
    _memset$wrapper                          0x08000c01   Thumb Code    18  memseta.o(.text)
    strlen                                   0x08000c13   Thumb Code    14  strlen.o(.text)
    __aeabi_dadd                             0x08000c21   Thumb Code   322  dadd.o(.text)
    __aeabi_dsub                             0x08000d63   Thumb Code     6  dadd.o(.text)
    __aeabi_drsub                            0x08000d69   Thumb Code     6  dadd.o(.text)
    __aeabi_dmul                             0x08000d6f   Thumb Code   228  dmul.o(.text)
    __aeabi_ddiv                             0x08000e53   Thumb Code   222  ddiv.o(.text)
    __aeabi_i2d                              0x08000f31   Thumb Code    34  dflti.o(.text)
    __aeabi_f2d                              0x08000f53   Thumb Code    38  f2d.o(.text)
    __aeabi_d2f                              0x08000f79   Thumb Code    56  d2f.o(.text)
    __aeabi_uidiv                            0x08000fb1   Thumb Code     0  uidiv.o(.text)
    __aeabi_uidivmod                         0x08000fb1   Thumb Code    44  uidiv.o(.text)
    __aeabi_llsl                             0x08000fdd   Thumb Code    30  llshl.o(.text)
    _ll_shift_l                              0x08000fdd   Thumb Code     0  llshl.o(.text)
    __aeabi_llsr                             0x08000ffb   Thumb Code    32  llushr.o(.text)
    _ll_ushift_r                             0x08000ffb   Thumb Code     0  llushr.o(.text)
    __aeabi_lasr                             0x0800101b   Thumb Code    36  llsshr.o(.text)
    _ll_sshift_r                             0x0800101b   Thumb Code     0  llsshr.o(.text)
    __I$use$fp                               0x0800103f   Thumb Code     0  iusefp.o(.text)
    _float_round                             0x0800103f   Thumb Code    18  fepilogue.o(.text)
    _float_epilogue                          0x08001051   Thumb Code    92  fepilogue.o(.text)
    _double_round                            0x080010ad   Thumb Code    30  depilogue.o(.text)
    _double_epilogue                         0x080010cb   Thumb Code   156  depilogue.o(.text)
    __aeabi_d2ulz                            0x08001167   Thumb Code    48  dfixul.o(.text)
    __aeabi_cdrcmple                         0x08001199   Thumb Code    48  cdrcmple.o(.text)
    __scatterload                            0x080011c9   Thumb Code    28  init.o(.text)
    __scatterload_rt2                        0x080011c9   Thumb Code     0  init.o(.text)
    __decompress                             0x080011ed   Thumb Code     0  __dczerorl2.o(.text)
    __decompress1                            0x080011ed   Thumb Code    86  __dczerorl2.o(.text)
    BMI088_Calibration_Read                  0x08001245   Thumb Code    22  calibration.o(i.BMI088_Calibration_Read)
    BMI088_Filter                            0x0800126d   Thumb Code   374  filter.o(i.BMI088_Filter)
    BMI088_Init                              0x08001409   Thumb Code   256  bsp_bmi088.o(i.BMI088_Init)
    BMI088_Read_Reg                          0x0800152d   Thumb Code    94  bsp_spi.o(i.BMI088_Read_Reg)
    BMI088_Write_Reg                         0x08001591   Thumb Code    72  bsp_spi.o(i.BMI088_Write_Reg)
    BMI088_original_data_read                0x080015dd   Thumb Code   210  bsp_bmi088.o(i.BMI088_original_data_read)
    BMI088_temp_data_read                    0x080016b9   Thumb Code   196  bsp_bmi088.o(i.BMI088_temp_data_read)
    BMI_Read                                 0x080017a5   Thumb Code    18  bmi088_read.o(i.BMI_Read)
    BusFault_Handler                         0x080017b7   Thumb Code     2  stm32f4xx_it.o(i.BusFault_Handler)
    Butterworth_Parameter_Init               0x080017b9   Thumb Code    48  filter.o(i.Butterworth_Parameter_Init)
    CreateKalman1Filter                      0x080017f5   Thumb Code    42  kalmanfilter.o(i.CreateKalman1Filter)
    CreateKalman2Filter                      0x08001825   Thumb Code   226  kalmanfilter.o(i.CreateKalman2Filter)
    DMA1_Stream5_IRQHandler                  0x08001909   Thumb Code     6  stm32f4xx_it.o(i.DMA1_Stream5_IRQHandler)
    DMA1_Stream6_IRQHandler                  0x08001915   Thumb Code     6  stm32f4xx_it.o(i.DMA1_Stream6_IRQHandler)
    DWT_GetDeltaT                            0x080019ed   Thumb Code    60  bsp_dwt.o(i.DWT_GetDeltaT)
    DWT_Init                                 0x08001a31   Thumb Code    54  bsp_dwt.o(i.DWT_Init)
    Data_Not_Ready                           0x08001a79   Thumb Code    16  status_task.o(i.Data_Not_Ready)
    Data_Ready                               0x08001a91   Thumb Code    30  status_task.o(i.Data_Ready)
    DebugMon_Handler                         0x08001abd   Thumb Code     2  stm32f4xx_it.o(i.DebugMon_Handler)
    Error_Handler                            0x08001abf   Thumb Code     4  main.o(i.Error_Handler)
    HAL_DMA_Abort                            0x08001ac3   Thumb Code   146  stm32f4xx_hal_dma.o(i.HAL_DMA_Abort)
    HAL_DMA_Abort_IT                         0x08001b55   Thumb Code    36  stm32f4xx_hal_dma.o(i.HAL_DMA_Abort_IT)
    HAL_DMA_IRQHandler                       0x08001b79   Thumb Code   412  stm32f4xx_hal_dma.o(i.HAL_DMA_IRQHandler)
    HAL_DMA_Init                             0x08001d19   Thumb Code   206  stm32f4xx_hal_dma.o(i.HAL_DMA_Init)
    HAL_DMA_Start_IT                         0x08001ded   Thumb Code   110  stm32f4xx_hal_dma.o(i.HAL_DMA_Start_IT)
    HAL_Delay                                0x08001e5d   Thumb Code    32  stm32f4xx_hal.o(i.HAL_Delay)
    HAL_GPIO_Init                            0x08001e81   Thumb Code   446  stm32f4xx_hal_gpio.o(i.HAL_GPIO_Init)
    HAL_GPIO_WritePin                        0x08002061   Thumb Code    10  stm32f4xx_hal_gpio.o(i.HAL_GPIO_WritePin)
    HAL_GetTick                              0x0800206d   Thumb Code     6  stm32f4xx_hal.o(i.HAL_GetTick)
    HAL_IncTick                              0x08002079   Thumb Code    12  stm32f4xx_hal.o(i.HAL_IncTick)
    HAL_Init                                 0x08002089   Thumb Code    48  stm32f4xx_hal.o(i.HAL_Init)
    HAL_InitTick                             0x080020bd   Thumb Code    54  stm32f4xx_hal.o(i.HAL_InitTick)
    HAL_MspInit                              0x080020fd   Thumb Code    42  stm32f4xx_hal_msp.o(i.HAL_MspInit)
    HAL_NVIC_EnableIRQ                       0x0800212d   Thumb Code    26  stm32f4xx_hal_cortex.o(i.HAL_NVIC_EnableIRQ)
    HAL_NVIC_SetPriority                     0x08002149   Thumb Code    60  stm32f4xx_hal_cortex.o(i.HAL_NVIC_SetPriority)
    HAL_NVIC_SetPriorityGrouping             0x08002189   Thumb Code    26  stm32f4xx_hal_cortex.o(i.HAL_NVIC_SetPriorityGrouping)
    HAL_RCC_ClockConfig                      0x080021ad   Thumb Code   288  stm32f4xx_hal_rcc.o(i.HAL_RCC_ClockConfig)
    HAL_RCC_GetPCLK1Freq                     0x080022e1   Thumb Code    20  stm32f4xx_hal_rcc.o(i.HAL_RCC_GetPCLK1Freq)
    HAL_RCC_GetPCLK2Freq                     0x08002301   Thumb Code    20  stm32f4xx_hal_rcc.o(i.HAL_RCC_GetPCLK2Freq)
    HAL_RCC_GetSysClockFreq                  0x08002321   Thumb Code    66  stm32f4xx_hal_rcc.o(i.HAL_RCC_GetSysClockFreq)
    HAL_RCC_OscConfig                        0x0800236d   Thumb Code   856  stm32f4xx_hal_rcc.o(i.HAL_RCC_OscConfig)
    HAL_SPI_Init                             0x080026d9   Thumb Code   188  stm32f4xx_hal_spi.o(i.HAL_SPI_Init)
    HAL_SPI_MspInit                          0x08002795   Thumb Code   118  spi.o(i.HAL_SPI_MspInit)
    HAL_SPI_TransmitReceive                  0x08002819   Thumb Code   496  stm32f4xx_hal_spi.o(i.HAL_SPI_TransmitReceive)
    HAL_SYSTICK_Config                       0x08002a09   Thumb Code    40  stm32f4xx_hal_cortex.o(i.HAL_SYSTICK_Config)
    HAL_TIMEx_BreakCallback                  0x08002a31   Thumb Code     2  stm32f4xx_hal_tim_ex.o(i.HAL_TIMEx_BreakCallback)
    HAL_TIMEx_CommutCallback                 0x08002a33   Thumb Code     2  stm32f4xx_hal_tim_ex.o(i.HAL_TIMEx_CommutCallback)
    HAL_TIMEx_MasterConfigSynchronization    0x08002a35   Thumb Code   104  stm32f4xx_hal_tim_ex.o(i.HAL_TIMEx_MasterConfigSynchronization)
    HAL_TIM_Base_Init                        0x08002ab1   Thumb Code    90  stm32f4xx_hal_tim.o(i.HAL_TIM_Base_Init)
    HAL_TIM_Base_MspInit                     0x08002b0d   Thumb Code    72  tim.o(i.HAL_TIM_Base_MspInit)
    HAL_TIM_Base_Start_IT                    0x08002b61   Thumb Code    88  stm32f4xx_hal_tim.o(i.HAL_TIM_Base_Start_IT)
    HAL_TIM_ConfigClockSource                0x08002bcd   Thumb Code   220  stm32f4xx_hal_tim.o(i.HAL_TIM_ConfigClockSource)
    HAL_TIM_IC_CaptureCallback               0x08002ca9   Thumb Code     2  stm32f4xx_hal_tim.o(i.HAL_TIM_IC_CaptureCallback)
    HAL_TIM_IRQHandler                       0x08002cab   Thumb Code   304  stm32f4xx_hal_tim.o(i.HAL_TIM_IRQHandler)
    HAL_TIM_MspPostInit                      0x08002ddd   Thumb Code    68  tim.o(i.HAL_TIM_MspPostInit)
    HAL_TIM_OC_DelayElapsedCallback          0x08002e2d   Thumb Code     2  stm32f4xx_hal_tim.o(i.HAL_TIM_OC_DelayElapsedCallback)
    HAL_TIM_PWM_ConfigChannel                0x08002e2f   Thumb Code   204  stm32f4xx_hal_tim.o(i.HAL_TIM_PWM_ConfigChannel)
    HAL_TIM_PWM_Init                         0x08002efb   Thumb Code    90  stm32f4xx_hal_tim.o(i.HAL_TIM_PWM_Init)
    HAL_TIM_PWM_MspInit                      0x08002f55   Thumb Code    30  tim.o(i.HAL_TIM_PWM_MspInit)
    HAL_TIM_PWM_PulseFinishedCallback        0x08002f7d   Thumb Code     2  stm32f4xx_hal_tim.o(i.HAL_TIM_PWM_PulseFinishedCallback)
    HAL_TIM_PWM_Start                        0x08002f81   Thumb Code   156  stm32f4xx_hal_tim.o(i.HAL_TIM_PWM_Start)
    HAL_TIM_PeriodElapsedCallback            0x08003031   Thumb Code    32  main.o(i.HAL_TIM_PeriodElapsedCallback)
    HAL_TIM_TriggerCallback                  0x08003059   Thumb Code     2  stm32f4xx_hal_tim.o(i.HAL_TIM_TriggerCallback)
    HAL_UARTEx_RxEventCallback               0x0800305b   Thumb Code     2  stm32f4xx_hal_uart.o(i.HAL_UARTEx_RxEventCallback)
    HAL_UART_ErrorCallback                   0x0800305d   Thumb Code    16  main.o(i.HAL_UART_ErrorCallback)
    HAL_UART_IRQHandler                      0x08003075   Thumb Code   618  stm32f4xx_hal_uart.o(i.HAL_UART_IRQHandler)
    HAL_UART_Init                            0x080032e5   Thumb Code   100  stm32f4xx_hal_uart.o(i.HAL_UART_Init)
    HAL_UART_MspInit                         0x08003349   Thumb Code   352  usart.o(i.HAL_UART_MspInit)
    HAL_UART_RxCpltCallback                  0x080034c5   Thumb Code     2  stm32f4xx_hal_uart.o(i.HAL_UART_RxCpltCallback)
    HAL_UART_Transmit_DMA                    0x080034c9   Thumb Code   106  stm32f4xx_hal_uart.o(i.HAL_UART_Transmit_DMA)
    HAL_UART_TxCpltCallback                  0x08003541   Thumb Code    16  main.o(i.HAL_UART_TxCpltCallback)
    HAL_UART_TxHalfCpltCallback              0x08003559   Thumb Code     2  stm32f4xx_hal_uart.o(i.HAL_UART_TxHalfCpltCallback)
    HardFault_Handler                        0x08003659   Thumb Code     2  stm32f4xx_it.o(i.HardFault_Handler)
    IMU_AHRS_Calcu_task                      0x0800365d   Thumb Code   208  bsp_imu.o(i.IMU_AHRS_Calcu_task)
    IMU_AHRSupdate_task                      0x08003749   Thumb Code    14  imu_ahrsupdate.o(i.IMU_AHRSupdate_task)
    IMU_QuaternionEKF_Init                   0x080038b1   Thumb Code   178  quaternionekf.o(i.IMU_QuaternionEKF_Init)
    IMU_QuaternionEKF_Update_Chip            0x08003a85   Thumb Code   896  quaternionekf.o(i.IMU_QuaternionEKF_Update_Chip)
    IMU_Values_Convert                       0x080041f1   Thumb Code   182  bsp_imu.o(i.IMU_Values_Convert)
    Kalman_Filter_Init                       0x080042c1   Thumb Code   994  kalman_filter.o(i.Kalman_Filter_Init)
    Kalman_Filter_Measure                    0x080046a9   Thumb Code    66  kalman_filter.o(i.Kalman_Filter_Measure)
    Kalman_Filter_P_Update                   0x080046f1   Thumb Code   106  kalman_filter.o(i.Kalman_Filter_P_Update)
    Kalman_Filter_PminusUpdate               0x0800475b   Thumb Code   108  kalman_filter.o(i.Kalman_Filter_PminusUpdate)
    Kalman_Filter_SetK                       0x080047c7   Thumb Code   204  kalman_filter.o(i.Kalman_Filter_SetK)
    Kalman_Filter_Update                     0x08004895   Thumb Code   228  kalman_filter.o(i.Kalman_Filter_Update)
    Kalman_Filter_xhatMinusUpdate            0x0800497d   Thumb Code   116  kalman_filter.o(i.Kalman_Filter_xhatMinusUpdate)
    Kalman_Filter_xhatUpdate                 0x080049f1   Thumb Code   132  kalman_filter.o(i.Kalman_Filter_xhatUpdate)
    Kalman_init                              0x08004a75   Thumb Code    58  kalmanfilter.o(i.Kalman_init)
    LPButterworth                            0x08004ac5   Thumb Code    86  filter.o(i.LPButterworth)
    MX_DMA_Init                              0x08004b1d   Thumb Code    56  dma.o(i.MX_DMA_Init)
    MX_GPIO_Init                             0x08004b59   Thumb Code   140  gpio.o(i.MX_GPIO_Init)
    MX_SPI3_Init                             0x08004bf1   Thumb Code    64  spi.o(i.MX_SPI3_Init)
    MX_TIM10_Init                            0x08004c39   Thumb Code    46  tim.o(i.MX_TIM10_Init)
    MX_TIM1_Init                             0x08004c71   Thumb Code    96  tim.o(i.MX_TIM1_Init)
    MX_TIM3_Init                             0x08004cd9   Thumb Code   120  tim.o(i.MX_TIM3_Init)
    MX_USART1_UART_Init                      0x08004d59   Thumb Code    48  usart.o(i.MX_USART1_UART_Init)
    MX_USART2_UART_Init                      0x08004d91   Thumb Code    48  usart.o(i.MX_USART2_UART_Init)
    MX_USART6_UART_Init                      0x08004dc9   Thumb Code    48  usart.o(i.MX_USART6_UART_Init)
    MemManage_Handler                        0x08004e01   Thumb Code     2  stm32f4xx_it.o(i.MemManage_Handler)
    NMI_Handler                              0x08004e03   Thumb Code     2  stm32f4xx_it.o(i.NMI_Handler)
    PID_struct_init                          0x08004e05   Thumb Code    16  pid.o(i.PID_struct_init)
    PendSV_Handler                           0x08004e1d   Thumb Code     2  stm32f4xx_it.o(i.PendSV_Handler)
    SPI_Read_Write_Byte                      0x08004e8d   Thumb Code    28  bsp_spi.o(i.SPI_Read_Write_Byte)
    SVC_Handler                              0x08004f65   Thumb Code     2  stm32f4xx_it.o(i.SVC_Handler)
    Set_Cutoff_Frequency                     0x08004f69   Thumb Code   160  filter.o(i.Set_Cutoff_Frequency)
    SysTick_Handler                          0x08005011   Thumb Code     4  stm32f4xx_it.o(i.SysTick_Handler)
    SystemClock_Config                       0x08005015   Thumb Code   136  main.o(i.SystemClock_Config)
    SystemInit                               0x080050a5   Thumb Code    12  system_stm32f4xx.o(i.SystemInit)
    TIM1_UP_TIM10_IRQHandler                 0x080050b5   Thumb Code    18  stm32f4xx_it.o(i.TIM1_UP_TIM10_IRQHandler)
    TIM_Base_SetConfig                       0x080050d1   Thumb Code   136  stm32f4xx_hal_tim.o(i.TIM_Base_SetConfig)
    TIM_CCxChannelCmd                        0x08005175   Thumb Code    26  stm32f4xx_hal_tim.o(i.TIM_CCxChannelCmd)
    TIM_ETR_SetConfig                        0x0800518f   Thumb Code    20  stm32f4xx_hal_tim.o(i.TIM_ETR_SetConfig)
    TIM_OC2_SetConfig                        0x08005205   Thumb Code    84  stm32f4xx_hal_tim.o(i.TIM_OC2_SetConfig)
    USART2_IRQHandler                        0x0800561d   Thumb Code     6  stm32f4xx_it.o(i.USART2_IRQHandler)
    USART6_IRQHandler                        0x08005629   Thumb Code     6  stm32f4xx_it.o(i.USART6_IRQHandler)
    Uart2_Dma_Printf                         0x08005635   Thumb Code    64  bsp_uart.o(i.Uart2_Dma_Printf)
    UsageFault_Handler                       0x08005681   Thumb Code     2  stm32f4xx_it.o(i.UsageFault_Handler)
    __0vsnprintf                             0x08005685   Thumb Code    40  printfa.o(i.__0vsnprintf)
    __1vsnprintf                             0x08005685   Thumb Code     0  printfa.o(i.__0vsnprintf)
    __2vsnprintf                             0x08005685   Thumb Code     0  printfa.o(i.__0vsnprintf)
    __c89vsnprintf                           0x08005685   Thumb Code     0  printfa.o(i.__0vsnprintf)
    vsnprintf                                0x08005685   Thumb Code     0  printfa.o(i.__0vsnprintf)
    __ARM_fpclassifyf                        0x080056b1   Thumb Code    38  fpclassifyf.o(i.__ARM_fpclassifyf)
    __hardfp_acosf                           0x080056f9   Thumb Code   234  acosf.o(i.__hardfp_acosf)
    __hardfp_asinf                           0x08005811   Thumb Code   258  asinf.o(i.__hardfp_asinf)
    __hardfp_atan2f                          0x0800593d   Thumb Code   502  atan2f.o(i.__hardfp_atan2f)
    __hardfp_cosf                            0x08005b8d   Thumb Code   280  cosf.o(i.__hardfp_cosf)
    __hardfp_tanf                            0x08005cdd   Thumb Code   322  tanf.o(i.__hardfp_tanf)
    __mathlib_flt_infnan                     0x08005e59   Thumb Code     6  funder.o(i.__mathlib_flt_infnan)
    __mathlib_flt_infnan2                    0x08005e5f   Thumb Code     6  funder.o(i.__mathlib_flt_infnan2)
    __mathlib_flt_invalid                    0x08005e65   Thumb Code    10  funder.o(i.__mathlib_flt_invalid)
    __mathlib_flt_underflow                  0x08005e75   Thumb Code    10  funder.o(i.__mathlib_flt_underflow)
    __mathlib_rredf2                         0x08005e85   Thumb Code   316  rredf.o(i.__mathlib_rredf2)
    __scatterload_copy                       0x08005fd9   Thumb Code    14  handlers.o(i.__scatterload_copy)
    __scatterload_null                       0x08005fe7   Thumb Code     2  handlers.o(i.__scatterload_null)
    __scatterload_zeroinit                   0x08005fe9   Thumb Code    14  handlers.o(i.__scatterload_zeroinit)
    __set_errno                              0x08005ff9   Thumb Code     6  errno.o(i.__set_errno)
    abs_limit                                0x080068cd   Thumb Code    48  pid.o(i.abs_limit)
    main                                     0x08006929   Thumb Code   228  main.o(i.main)
    malloc                                   0x08006a45   Thumb Code    92  malloc.o(i.malloc)
    pid_calc                                 0x08006ab1   Thumb Code   482  pid.o(i.pid_calc)
    sqrtf                                    0x08006cad   Thumb Code    62  sqrtf_full.o(i.sqrtf)
    status_task                              0x08006ced   Thumb Code   182  status_task.o(i.status_task)
    AHBPrescTable                            0x08006db8   Data          16  system_stm32f4xx.o(.constdata)
    APBPrescTable                            0x08006dc8   Data           8  system_stm32f4xx.o(.constdata)
    IMU_QuaternionEKF_F                      0x08006de4   Data         144  quaternionekf.o(.constdata)
    Region$$Table$$Base                      0x08006e94   Number         0  anon$$obj.o(Region$$Table)
    Region$$Table$$Limit                     0x08006eb4   Number         0  anon$$obj.o(Region$$Table)
    SystemCoreClock                          0x20000000   Data           4  system_stm32f4xx.o(.data)
    uwTickFreq                               0x20000004   Data           1  stm32f4xx_hal.o(.data)
    uwTickPrio                               0x20000008   Data           4  stm32f4xx_hal.o(.data)
    uwTick                                   0x2000000c   Data           4  stm32f4xx_hal.o(.data)
    calibration_temperature                  0x20000010   Data           4  bsp_bmi088.o(.data)
    Temperature                              0x20000014   Data           4  bsp_bmi088.o(.data)
    current                                  0x20000018   Data           4  bsp_bmi088.o(.data)
    err                                      0x2000001c   Data           4  bsp_bmi088.o(.data)
    SysTime                                  0x20000050   Data           8  bsp_dwt.o(.data)
    CYCCNT64                                 0x20000058   Data           8  bsp_dwt.o(.data)
    BMI088_AccelScale                        0x20000060   Data           4  bsp_imu.o(.data)
    q0                                       0x20000064   Data           4  bsp_imu.o(.data)
    q1                                       0x20000068   Data           4  bsp_imu.o(.data)
    q2                                       0x2000006c   Data           4  bsp_imu.o(.data)
    q3                                       0x20000070   Data           4  bsp_imu.o(.data)
    halfT                                    0x20000074   Data           4  bsp_imu.o(.data)
    Kp                                       0x20000078   Data           4  bsp_imu.o(.data)
    Ki                                       0x2000007c   Data           4  bsp_imu.o(.data)
    INS_DWT_Count                            0x20000080   Data           4  bsp_imu.o(.data)
    dt                                       0x20000084   Data           4  bsp_imu.o(.data)
    t                                        0x20000088   Data           4  bsp_imu.o(.data)
    exInt                                    0x2000008c   Data           4  bsp_imu.o(.data)
    eyInt                                    0x20000090   Data           4  bsp_imu.o(.data)
    ezInt                                    0x20000094   Data           4  bsp_imu.o(.data)
    ahrs_count                               0x20000098   Data           4  bsp_imu.o(.data)
    ahrs_norm                                0x2000009c   Data           4  bsp_imu.o(.data)
    ez_test                                  0x200000a0   Data           4  bsp_imu.o(.data)
    norm_test                                0x200000a4   Data           4  bsp_imu.o(.data)
    last_time                                0x200000a8   Data           4  bsp_imu.o(.data)
    d_time                                   0x200000ac   Data           4  bsp_imu.o(.data)
    time                                     0x200000b0   Data           4  bsp_imu.o(.data)
    imu_mode                                 0x200000d8   Data           1  bsp_imu.o(.data)
    dma_busy                                 0x200000dc   Data           1  bsp_uart.o(.data)
    timestamp                                0x200000e0   Data           4  bsp_uart.o(.data)
    Data_Ready_Flag                          0x200000e4   Data           1  status_task.o(.data)
    led_dir                                  0x200000e5   Data           1  status_task.o(.data)
    led_pwm                                  0x200000e6   Data           2  status_task.o(.data)
    Bandstop_Filter_Parameter_30_98          0x200000e8   Data          24  filter.o(.data)
    sizeof_float                             0x20000100   Data           2  kalman_filter.o(.data)
    sizeof_double                            0x20000102   Data           2  kalman_filter.o(.data)
    average                                  0x20000104   Data           4  kalmanfilter.o(.data)
    buf                                      0x20000108   Data           4  kalmanfilter.o(.data)
    R                                        0x2000010c   Data           4  kalmanfilter.o(.data)
    result                                   0x20000110   Data           4  kalmanfilter.o(.data)
    yaw_angle                                0x20000114   Data           4  kalmanfilter.o(.data)
    kalman2_yaw_param                        0x20000118   Data         180  kalmanfilter.o(.data)
    kalman2_pitch_param                      0x200001cc   Data         180  kalmanfilter.o(.data)
    Q0                                       0x200002c4   Data           4  quaternionekf.o(.data)
    Q1                                       0x200002c8   Data           4  quaternionekf.o(.data)
    Q2                                       0x200002cc   Data           4  quaternionekf.o(.data)
    Q3                                       0x200002d0   Data           4  quaternionekf.o(.data)
    IMU_QuaternionEKF_P                      0x200002d4   Data         144  quaternionekf.o(.data)
    __microlib_freelist                      0x20000364   Data           4  mvars.o(.data)
    __microlib_freelist_initialised          0x20000368   Data           4  mvars.o(.data)
    hspi3                                    0x20000370   Data          88  spi.o(.bss)
    htim1                                    0x200003c8   Data          72  tim.o(.bss)
    htim3                                    0x20000410   Data          72  tim.o(.bss)
    htim10                                   0x20000458   Data          72  tim.o(.bss)
    huart1                                   0x200004a0   Data          72  usart.o(.bss)
    huart2                                   0x200004e8   Data          72  usart.o(.bss)
    huart6                                   0x20000530   Data          72  usart.o(.bss)
    hdma_usart2_tx                           0x20000578   Data          96  usart.o(.bss)
    hdma_usart2_rx                           0x200005d8   Data          96  usart.o(.bss)
    imu_org_data                             0x20000638   Data          18  bsp_bmi088.o(.bss)
    imu_real_data                            0x2000064c   Data          80  bsp_imu.o(.bss)
    INS                                      0x2000069c   Data         128  bsp_imu.o(.bss)
    dma_printf_buffer                        0x2000071c   Data         256  bsp_uart.o(.bss)
    imu_output_data                          0x2000081c   Data          80  bmi088_read.o(.bss)
    Bias                                     0x2000086c   Data          80  calibration.o(.bss)
    Gyro_Parameter                           0x200008bc   Data          24  filter.o(.bss)
    Accel_Parameter                          0x200008d4   Data          24  filter.o(.bss)
    gyro_filter_buf_bug                      0x200008ec   Data          72  filter.o(.bss)
    gyro_filter_buf                          0x20000934   Data          72  filter.o(.bss)
    accel_filter_buf                         0x2000097c   Data          72  filter.o(.bss)
    Data_X_MAG                               0x200009c4   Data          12  filter.o(.bss)
    Data_Y_MAG                               0x200009d0   Data          12  filter.o(.bss)
    Data_Z_MAG                               0x200009dc   Data          12  filter.o(.bss)
    gyro_filter                              0x200009e8   Data          16  filter.o(.bss)
    accel_filter                             0x200009f8   Data          16  filter.o(.bss)
    mag_filter                               0x20000a08   Data          16  filter.o(.bss)
    gyro_filter_bug                          0x20000a18   Data          16  filter.o(.bss)
    kalman_gyro_z                            0x20000a28   Data          48  kalmanfilter.o(.bss)
    kalman_gyro_z_stop                       0x20000a58   Data          48  kalmanfilter.o(.bss)
    kalman2_pitch_filter                     0x20000a88   Data         108  kalmanfilter.o(.bss)
    kalman2_yaw_filter                       0x20000af4   Data         108  kalmanfilter.o(.bss)
    pid_temperature                          0x20000b60   Data         112  pid.o(.bss)
    QEKF_INS                                 0x20000bd0   Data         480  quaternionekf.o(.bss)
    IMU_QuaternionEKF_K                      0x20000db0   Data          72  quaternionekf.o(.bss)
    IMU_QuaternionEKF_H                      0x20000df8   Data          72  quaternionekf.o(.bss)
    __heap_base                              0x20000e40   Data           0  startup_stm32f411xe.o(HEAP)
    __heap_limit                             0x20002e40   Data           0  startup_stm32f411xe.o(HEAP)
    __initial_sp                             0x20003e40   Data           0  startup_stm32f411xe.o(STACK)



==============================================================================

Memory Map of the image

  Image Entry point : 0x08000199

  Load Region LR_IROM1 (Base: 0x08000000, Size: 0x00007224, Max: 0x00060000, ABSOLUTE, COMPRESSED[0x00006f1c])

    Execution Region ER_IROM1 (Exec base: 0x08000000, Load base: 0x08000000, Size: 0x00006eb4, Max: 0x00060000, ABSOLUTE)

    Exec Addr    Load Addr    Size         Type   Attr      Idx    E Section Name        Object

    0x08000000   0x08000000   0x00000198   Data   RO            3    RESET               startup_stm32f411xe.o
    0x08000198   0x08000198   0x00000000   Code   RO         5051  * .ARM.Collect$$$$00000000  mc_w.l(entry.o)
    0x08000198   0x08000198   0x00000004   Code   RO         5192    .ARM.Collect$$$$00000001  mc_w.l(entry2.o)
    0x0800019c   0x0800019c   0x00000004   Code   RO         5195    .ARM.Collect$$$$00000004  mc_w.l(entry5.o)
    0x080001a0   0x080001a0   0x00000000   Code   RO         5197    .ARM.Collect$$$$00000008  mc_w.l(entry7b.o)
    0x080001a0   0x080001a0   0x00000000   Code   RO         5199    .ARM.Collect$$$$0000000A  mc_w.l(entry8b.o)
    0x080001a0   0x080001a0   0x00000008   Code   RO         5200    .ARM.Collect$$$$0000000B  mc_w.l(entry9a.o)
    0x080001a8   0x080001a8   0x00000000   Code   RO         5202    .ARM.Collect$$$$0000000D  mc_w.l(entry10a.o)
    0x080001a8   0x080001a8   0x00000000   Code   RO         5204    .ARM.Collect$$$$0000000F  mc_w.l(entry11a.o)
    0x080001a8   0x080001a8   0x00000004   Code   RO         5193    .ARM.Collect$$$$00002712  mc_w.l(entry2.o)
    0x080001ac   0x080001ac   0x00000024   Code   RO            4    .text               startup_stm32f411xe.o
    0x080001d0   0x080001d0   0x00000108   Code   RO         4730    .text               arm_cortexM4lf_math.lib(arm_mat_add_f32.o)
    0x080002d8   0x080002d8   0x00000008   Code   RO         4776    .text               arm_cortexM4lf_math.lib(arm_mat_init_f32.o)
    0x080002e0   0x080002e0   0x00000530   Code   RO         4800    .text               arm_cortexM4lf_math.lib(arm_mat_inverse_f32.o)
    0x08000810   0x08000810   0x0000013c   Code   RO         4824    .text               arm_cortexM4lf_math.lib(arm_mat_mult_f32.o)
    0x0800094c   0x0800094c   0x00000108   Code   RO         4848    .text               arm_cortexM4lf_math.lib(arm_mat_sub_f32.o)
    0x08000a54   0x08000a54   0x00000114   Code   RO         4872    .text               arm_cortexM4lf_math.lib(arm_mat_trans_f32.o)
    0x08000b68   0x08000b68   0x00000062   Code   RO         5054    .text               mc_w.l(uldiv.o)
    0x08000bca   0x08000bca   0x00000024   Code   RO         5056    .text               mc_w.l(memcpya.o)
    0x08000bee   0x08000bee   0x00000024   Code   RO         5058    .text               mc_w.l(memseta.o)
    0x08000c12   0x08000c12   0x0000000e   Code   RO         5060    .text               mc_w.l(strlen.o)
    0x08000c20   0x08000c20   0x0000014e   Code   RO         5120    .text               mf_w.l(dadd.o)
    0x08000d6e   0x08000d6e   0x000000e4   Code   RO         5122    .text               mf_w.l(dmul.o)
    0x08000e52   0x08000e52   0x000000de   Code   RO         5124    .text               mf_w.l(ddiv.o)
    0x08000f30   0x08000f30   0x00000022   Code   RO         5126    .text               mf_w.l(dflti.o)
    0x08000f52   0x08000f52   0x00000026   Code   RO         5130    .text               mf_w.l(f2d.o)
    0x08000f78   0x08000f78   0x00000038   Code   RO         5132    .text               mf_w.l(d2f.o)
    0x08000fb0   0x08000fb0   0x0000002c   Code   RO         5207    .text               mc_w.l(uidiv.o)
    0x08000fdc   0x08000fdc   0x0000001e   Code   RO         5209    .text               mc_w.l(llshl.o)
    0x08000ffa   0x08000ffa   0x00000020   Code   RO         5211    .text               mc_w.l(llushr.o)
    0x0800101a   0x0800101a   0x00000024   Code   RO         5213    .text               mc_w.l(llsshr.o)
    0x0800103e   0x0800103e   0x00000000   Code   RO         5224    .text               mc_w.l(iusefp.o)
    0x0800103e   0x0800103e   0x0000006e   Code   RO         5225    .text               mf_w.l(fepilogue.o)
    0x080010ac   0x080010ac   0x000000ba   Code   RO         5227    .text               mf_w.l(depilogue.o)
    0x08001166   0x08001166   0x00000030   Code   RO         5233    .text               mf_w.l(dfixul.o)
    0x08001196   0x08001196   0x00000002   PAD
    0x08001198   0x08001198   0x00000030   Code   RO         5237    .text               mf_w.l(cdrcmple.o)
    0x080011c8   0x080011c8   0x00000024   Code   RO         5239    .text               mc_w.l(init.o)
    0x080011ec   0x080011ec   0x00000056   Code   RO         5249    .text               mc_w.l(__dczerorl2.o)
    0x08001242   0x08001242   0x00000002   PAD
    0x08001244   0x08001244   0x00000028   Code   RO         4251    i.BMI088_Calibration_Read  calibration.o
    0x0800126c   0x0800126c   0x0000019c   Code   RO         4351    i.BMI088_Filter     filter.o
    0x08001408   0x08001408   0x00000124   Code   RO         3558    i.BMI088_Init       bsp_bmi088.o
    0x0800152c   0x0800152c   0x00000064   Code   RO         3980    i.BMI088_Read_Reg   bsp_spi.o
    0x08001590   0x08001590   0x0000004c   Code   RO         3981    i.BMI088_Write_Reg  bsp_spi.o
    0x080015dc   0x080015dc   0x000000dc   Code   RO         3559    i.BMI088_original_data_read  bsp_bmi088.o
    0x080016b8   0x080016b8   0x000000ec   Code   RO         3560    i.BMI088_temp_data_read  bsp_bmi088.o
    0x080017a4   0x080017a4   0x00000012   Code   RO         4072    i.BMI_Read          bmi088_read.o
    0x080017b6   0x080017b6   0x00000002   Code   RO         3428    i.BusFault_Handler  stm32f4xx_it.o
    0x080017b8   0x080017b8   0x0000003c   Code   RO         4352    i.Butterworth_Parameter_Init  filter.o
    0x080017f4   0x080017f4   0x00000030   Code   RO         4495    i.CreateKalman1Filter  kalmanfilter.o
    0x08001824   0x08001824   0x000000e2   Code   RO         4496    i.CreateKalman2Filter  kalmanfilter.o
    0x08001906   0x08001906   0x00000002   PAD
    0x08001908   0x08001908   0x0000000c   Code   RO         3429    i.DMA1_Stream5_IRQHandler  stm32f4xx_it.o
    0x08001914   0x08001914   0x0000000c   Code   RO         3430    i.DMA1_Stream6_IRQHandler  stm32f4xx_it.o
    0x08001920   0x08001920   0x00000028   Code   RO          983    i.DMA_CalcBaseAndBitshift  stm32f4xx_hal_dma.o
    0x08001948   0x08001948   0x00000054   Code   RO          984    i.DMA_CheckFifoParam  stm32f4xx_hal_dma.o
    0x0800199c   0x0800199c   0x00000028   Code   RO          985    i.DMA_SetConfig     stm32f4xx_hal_dma.o
    0x080019c4   0x080019c4   0x00000028   Code   RO         3653    i.DWT_CNT_Update    bsp_dwt.o
    0x080019ec   0x080019ec   0x00000044   Code   RO         3655    i.DWT_GetDeltaT     bsp_dwt.o
    0x08001a30   0x08001a30   0x00000048   Code   RO         3660    i.DWT_Init          bsp_dwt.o
    0x08001a78   0x08001a78   0x00000018   Code   RO         4205    i.Data_Not_Ready    status_task.o
    0x08001a90   0x08001a90   0x0000002c   Code   RO         4206    i.Data_Ready        status_task.o
    0x08001abc   0x08001abc   0x00000002   Code   RO         3431    i.DebugMon_Handler  stm32f4xx_it.o
    0x08001abe   0x08001abe   0x00000004   Code   RO         3034    i.Error_Handler     main.o
    0x08001ac2   0x08001ac2   0x00000092   Code   RO          986    i.HAL_DMA_Abort     stm32f4xx_hal_dma.o
    0x08001b54   0x08001b54   0x00000024   Code   RO          987    i.HAL_DMA_Abort_IT  stm32f4xx_hal_dma.o
    0x08001b78   0x08001b78   0x000001a0   Code   RO          991    i.HAL_DMA_IRQHandler  stm32f4xx_hal_dma.o
    0x08001d18   0x08001d18   0x000000d4   Code   RO          992    i.HAL_DMA_Init      stm32f4xx_hal_dma.o
    0x08001dec   0x08001dec   0x0000006e   Code   RO          996    i.HAL_DMA_Start_IT  stm32f4xx_hal_dma.o
    0x08001e5a   0x08001e5a   0x00000002   PAD
    0x08001e5c   0x08001e5c   0x00000024   Code   RO         1447    i.HAL_Delay         stm32f4xx_hal.o
    0x08001e80   0x08001e80   0x000001e0   Code   RO          879    i.HAL_GPIO_Init     stm32f4xx_hal_gpio.o
    0x08002060   0x08002060   0x0000000a   Code   RO          883    i.HAL_GPIO_WritePin  stm32f4xx_hal_gpio.o
    0x0800206a   0x0800206a   0x00000002   PAD
    0x0800206c   0x0800206c   0x0000000c   Code   RO         1453    i.HAL_GetTick       stm32f4xx_hal.o
    0x08002078   0x08002078   0x00000010   Code   RO         1459    i.HAL_IncTick       stm32f4xx_hal.o
    0x08002088   0x08002088   0x00000034   Code   RO         1460    i.HAL_Init          stm32f4xx_hal.o
    0x080020bc   0x080020bc   0x00000040   Code   RO         1461    i.HAL_InitTick      stm32f4xx_hal.o
    0x080020fc   0x080020fc   0x00000030   Code   RO         3534    i.HAL_MspInit       stm32f4xx_hal_msp.o
    0x0800212c   0x0800212c   0x0000001a   Code   RO         1295    i.HAL_NVIC_EnableIRQ  stm32f4xx_hal_cortex.o
    0x08002146   0x08002146   0x00000002   PAD
    0x08002148   0x08002148   0x00000040   Code   RO         1301    i.HAL_NVIC_SetPriority  stm32f4xx_hal_cortex.o
    0x08002188   0x08002188   0x00000024   Code   RO         1302    i.HAL_NVIC_SetPriorityGrouping  stm32f4xx_hal_cortex.o
    0x080021ac   0x080021ac   0x00000134   Code   RO          471    i.HAL_RCC_ClockConfig  stm32f4xx_hal_rcc.o
    0x080022e0   0x080022e0   0x00000020   Code   RO          478    i.HAL_RCC_GetPCLK1Freq  stm32f4xx_hal_rcc.o
    0x08002300   0x08002300   0x00000020   Code   RO          479    i.HAL_RCC_GetPCLK2Freq  stm32f4xx_hal_rcc.o
    0x08002320   0x08002320   0x0000004c   Code   RO          480    i.HAL_RCC_GetSysClockFreq  stm32f4xx_hal_rcc.o
    0x0800236c   0x0800236c   0x0000036c   Code   RO          483    i.HAL_RCC_OscConfig  stm32f4xx_hal_rcc.o
    0x080026d8   0x080026d8   0x000000bc   Code   RO          155    i.HAL_SPI_Init      stm32f4xx_hal_spi.o
    0x08002794   0x08002794   0x00000084   Code   RO         3261    i.HAL_SPI_MspInit   spi.o
    0x08002818   0x08002818   0x000001f0   Code   RO          164    i.HAL_SPI_TransmitReceive  stm32f4xx_hal_spi.o
    0x08002a08   0x08002a08   0x00000028   Code   RO         1306    i.HAL_SYSTICK_Config  stm32f4xx_hal_cortex.o
    0x08002a30   0x08002a30   0x00000002   Code   RO         2404    i.HAL_TIMEx_BreakCallback  stm32f4xx_hal_tim_ex.o
    0x08002a32   0x08002a32   0x00000002   Code   RO         2405    i.HAL_TIMEx_CommutCallback  stm32f4xx_hal_tim_ex.o
    0x08002a34   0x08002a34   0x0000007c   Code   RO         2423    i.HAL_TIMEx_MasterConfigSynchronization  stm32f4xx_hal_tim_ex.o
    0x08002ab0   0x08002ab0   0x0000005a   Code   RO         1700    i.HAL_TIM_Base_Init  stm32f4xx_hal_tim.o
    0x08002b0a   0x08002b0a   0x00000002   PAD
    0x08002b0c   0x08002b0c   0x00000054   Code   RO         3303    i.HAL_TIM_Base_MspInit  tim.o
    0x08002b60   0x08002b60   0x0000006c   Code   RO         1705    i.HAL_TIM_Base_Start_IT  stm32f4xx_hal_tim.o
    0x08002bcc   0x08002bcc   0x000000dc   Code   RO         1709    i.HAL_TIM_ConfigClockSource  stm32f4xx_hal_tim.o
    0x08002ca8   0x08002ca8   0x00000002   Code   RO         1734    i.HAL_TIM_IC_CaptureCallback  stm32f4xx_hal_tim.o
    0x08002caa   0x08002caa   0x00000130   Code   RO         1748    i.HAL_TIM_IRQHandler  stm32f4xx_hal_tim.o
    0x08002dda   0x08002dda   0x00000002   PAD
    0x08002ddc   0x08002ddc   0x00000050   Code   RO         3304    i.HAL_TIM_MspPostInit  tim.o
    0x08002e2c   0x08002e2c   0x00000002   Code   RO         1751    i.HAL_TIM_OC_DelayElapsedCallback  stm32f4xx_hal_tim.o
    0x08002e2e   0x08002e2e   0x000000cc   Code   RO         1772    i.HAL_TIM_PWM_ConfigChannel  stm32f4xx_hal_tim.o
    0x08002efa   0x08002efa   0x0000005a   Code   RO         1775    i.HAL_TIM_PWM_Init  stm32f4xx_hal_tim.o
    0x08002f54   0x08002f54   0x00000028   Code   RO         3306    i.HAL_TIM_PWM_MspInit  tim.o
    0x08002f7c   0x08002f7c   0x00000002   Code   RO         1778    i.HAL_TIM_PWM_PulseFinishedCallback  stm32f4xx_hal_tim.o
    0x08002f7e   0x08002f7e   0x00000002   PAD
    0x08002f80   0x08002f80   0x000000b0   Code   RO         1780    i.HAL_TIM_PWM_Start  stm32f4xx_hal_tim.o
    0x08003030   0x08003030   0x00000028   Code   RO         3035    i.HAL_TIM_PeriodElapsedCallback  main.o
    0x08003058   0x08003058   0x00000002   Code   RO         1791    i.HAL_TIM_TriggerCallback  stm32f4xx_hal_tim.o
    0x0800305a   0x0800305a   0x00000002   Code   RO         2683    i.HAL_UARTEx_RxEventCallback  stm32f4xx_hal_uart.o
    0x0800305c   0x0800305c   0x00000018   Code   RO         3036    i.HAL_UART_ErrorCallback  main.o
    0x08003074   0x08003074   0x00000270   Code   RO         2700    i.HAL_UART_IRQHandler  stm32f4xx_hal_uart.o
    0x080032e4   0x080032e4   0x00000064   Code   RO         2701    i.HAL_UART_Init     stm32f4xx_hal_uart.o
    0x08003348   0x08003348   0x0000017c   Code   RO         3375    i.HAL_UART_MspInit  usart.o
    0x080034c4   0x080034c4   0x00000002   Code   RO         2707    i.HAL_UART_RxCpltCallback  stm32f4xx_hal_uart.o
    0x080034c6   0x080034c6   0x00000002   PAD
    0x080034c8   0x080034c8   0x00000078   Code   RO         2710    i.HAL_UART_Transmit_DMA  stm32f4xx_hal_uart.o
    0x08003540   0x08003540   0x00000018   Code   RO         3037    i.HAL_UART_TxCpltCallback  main.o
    0x08003558   0x08003558   0x00000002   Code   RO         2713    i.HAL_UART_TxHalfCpltCallback  stm32f4xx_hal_uart.o
    0x0800355a   0x0800355a   0x00000002   PAD
    0x0800355c   0x0800355c   0x000000fc   Code   RO         4418    i.H_K_R_Adjustment  kalman_filter.o
    0x08003658   0x08003658   0x00000002   Code   RO         3432    i.HardFault_Handler  stm32f4xx_it.o
    0x0800365a   0x0800365a   0x00000002   PAD
    0x0800365c   0x0800365c   0x000000ec   Code   RO         3847    i.IMU_AHRS_Calcu_task  bsp_imu.o
    0x08003748   0x08003748   0x0000000e   Code   RO         4138    i.IMU_AHRSupdate_task  imu_ahrsupdate.o
    0x08003756   0x08003756   0x00000002   PAD
    0x08003758   0x08003758   0x00000158   Code   RO         4653    i.IMU_QuaternionEKF_F_Linearization_P_Fading  quaternionekf.o
    0x080038b0   0x080038b0   0x000000dc   Code   RO         4654    i.IMU_QuaternionEKF_Init  quaternionekf.o
    0x0800398c   0x0800398c   0x00000034   Code   RO         4655    i.IMU_QuaternionEKF_Observe  quaternionekf.o
    0x080039c0   0x080039c0   0x000000c4   Code   RO         4656    i.IMU_QuaternionEKF_SetH  quaternionekf.o
    0x08003a84   0x08003a84   0x000003b4   Code   RO         4658    i.IMU_QuaternionEKF_Update_Chip  quaternionekf.o
    0x08003e38   0x08003e38   0x000003b8   Code   RO         4659    i.IMU_QuaternionEKF_xhatUpdate  quaternionekf.o
    0x080041f0   0x080041f0   0x000000d0   Code   RO         3848    i.IMU_Values_Convert  bsp_imu.o
    0x080042c0   0x080042c0   0x000003e8   Code   RO         4419    i.Kalman_Filter_Init  kalman_filter.o
    0x080046a8   0x080046a8   0x00000048   Code   RO         4420    i.Kalman_Filter_Measure  kalman_filter.o
    0x080046f0   0x080046f0   0x0000006a   Code   RO         4421    i.Kalman_Filter_P_Update  kalman_filter.o
    0x0800475a   0x0800475a   0x0000006c   Code   RO         4422    i.Kalman_Filter_PminusUpdate  kalman_filter.o
    0x080047c6   0x080047c6   0x000000cc   Code   RO         4423    i.Kalman_Filter_SetK  kalman_filter.o
    0x08004892   0x08004892   0x00000002   PAD
    0x08004894   0x08004894   0x000000e8   Code   RO         4424    i.Kalman_Filter_Update  kalman_filter.o
    0x0800497c   0x0800497c   0x00000074   Code   RO         4425    i.Kalman_Filter_xhatMinusUpdate  kalman_filter.o
    0x080049f0   0x080049f0   0x00000084   Code   RO         4426    i.Kalman_Filter_xhatUpdate  kalman_filter.o
    0x08004a74   0x08004a74   0x00000050   Code   RO         4500    i.Kalman_init       kalmanfilter.o
    0x08004ac4   0x08004ac4   0x00000056   Code   RO         4355    i.LPButterworth     filter.o
    0x08004b1a   0x08004b1a   0x00000002   PAD
    0x08004b1c   0x08004b1c   0x0000003c   Code   RO         3236    i.MX_DMA_Init       dma.o
    0x08004b58   0x08004b58   0x00000098   Code   RO         3212    i.MX_GPIO_Init      gpio.o
    0x08004bf0   0x08004bf0   0x00000048   Code   RO         3262    i.MX_SPI3_Init      spi.o
    0x08004c38   0x08004c38   0x00000038   Code   RO         3307    i.MX_TIM10_Init     tim.o
    0x08004c70   0x08004c70   0x00000068   Code   RO         3308    i.MX_TIM1_Init      tim.o
    0x08004cd8   0x08004cd8   0x00000080   Code   RO         3309    i.MX_TIM3_Init      tim.o
    0x08004d58   0x08004d58   0x00000038   Code   RO         3376    i.MX_USART1_UART_Init  usart.o
    0x08004d90   0x08004d90   0x00000038   Code   RO         3377    i.MX_USART2_UART_Init  usart.o
    0x08004dc8   0x08004dc8   0x00000038   Code   RO         3378    i.MX_USART6_UART_Init  usart.o
    0x08004e00   0x08004e00   0x00000002   Code   RO         3433    i.MemManage_Handler  stm32f4xx_it.o
    0x08004e02   0x08004e02   0x00000002   Code   RO         3434    i.NMI_Handler       stm32f4xx_it.o
    0x08004e04   0x08004e04   0x00000018   Code   RO         4576    i.PID_struct_init   pid.o
    0x08004e1c   0x08004e1c   0x00000002   Code   RO         3435    i.PendSV_Handler    stm32f4xx_it.o
    0x08004e1e   0x08004e1e   0x00000002   PAD
    0x08004e20   0x08004e20   0x0000006c   Code   RO          193    i.SPI_EndRxTxTransaction  stm32f4xx_hal_spi.o
    0x08004e8c   0x08004e8c   0x00000020   Code   RO         3982    i.SPI_Read_Write_Byte  bsp_spi.o
    0x08004eac   0x08004eac   0x000000b8   Code   RO          198    i.SPI_WaitFlagStateUntilTimeout  stm32f4xx_hal_spi.o
    0x08004f64   0x08004f64   0x00000002   Code   RO         3436    i.SVC_Handler       stm32f4xx_it.o
    0x08004f66   0x08004f66   0x00000002   PAD
    0x08004f68   0x08004f68   0x000000a8   Code   RO         4356    i.Set_Cutoff_Frequency  filter.o
    0x08005010   0x08005010   0x00000004   Code   RO         3437    i.SysTick_Handler   stm32f4xx_it.o
    0x08005014   0x08005014   0x00000090   Code   RO         3038    i.SystemClock_Config  main.o
    0x080050a4   0x080050a4   0x00000010   Code   RO           14    i.SystemInit        system_stm32f4xx.o
    0x080050b4   0x080050b4   0x0000001c   Code   RO         3438    i.TIM1_UP_TIM10_IRQHandler  stm32f4xx_it.o
    0x080050d0   0x080050d0   0x000000a4   Code   RO         1793    i.TIM_Base_SetConfig  stm32f4xx_hal_tim.o
    0x08005174   0x08005174   0x0000001a   Code   RO         1794    i.TIM_CCxChannelCmd  stm32f4xx_hal_tim.o
    0x0800518e   0x0800518e   0x00000014   Code   RO         1804    i.TIM_ETR_SetConfig  stm32f4xx_hal_tim.o
    0x080051a2   0x080051a2   0x00000010   Code   RO         1805    i.TIM_ITRx_SetConfig  stm32f4xx_hal_tim.o
    0x080051b2   0x080051b2   0x00000002   PAD
    0x080051b4   0x080051b4   0x00000050   Code   RO         1806    i.TIM_OC1_SetConfig  stm32f4xx_hal_tim.o
    0x08005204   0x08005204   0x00000058   Code   RO         1807    i.TIM_OC2_SetConfig  stm32f4xx_hal_tim.o
    0x0800525c   0x0800525c   0x00000058   Code   RO         1808    i.TIM_OC3_SetConfig  stm32f4xx_hal_tim.o
    0x080052b4   0x080052b4   0x00000044   Code   RO         1809    i.TIM_OC4_SetConfig  stm32f4xx_hal_tim.o
    0x080052f8   0x080052f8   0x00000022   Code   RO         1811    i.TIM_TI1_ConfigInputStage  stm32f4xx_hal_tim.o
    0x0800531a   0x0800531a   0x00000024   Code   RO         1813    i.TIM_TI2_ConfigInputStage  stm32f4xx_hal_tim.o
    0x0800533e   0x0800533e   0x00000010   Code   RO         2714    i.UART_DMAAbortOnError  stm32f4xx_hal_uart.o
    0x0800534e   0x0800534e   0x0000004a   Code   RO         2715    i.UART_DMAError     stm32f4xx_hal_uart.o
    0x08005398   0x08005398   0x00000042   Code   RO         2720    i.UART_DMATransmitCplt  stm32f4xx_hal_uart.o
    0x080053da   0x080053da   0x0000000a   Code   RO         2722    i.UART_DMATxHalfCplt  stm32f4xx_hal_uart.o
    0x080053e4   0x080053e4   0x0000004e   Code   RO         2724    i.UART_EndRxTransfer  stm32f4xx_hal_uart.o
    0x08005432   0x08005432   0x0000001c   Code   RO         2725    i.UART_EndTxTransfer  stm32f4xx_hal_uart.o
    0x0800544e   0x0800544e   0x000000c2   Code   RO         2726    i.UART_Receive_IT   stm32f4xx_hal_uart.o
    0x08005510   0x08005510   0x0000010c   Code   RO         2727    i.UART_SetConfig    stm32f4xx_hal_uart.o
    0x0800561c   0x0800561c   0x0000000c   Code   RO         3439    i.USART2_IRQHandler  stm32f4xx_it.o
    0x08005628   0x08005628   0x0000000c   Code   RO         3440    i.USART6_IRQHandler  stm32f4xx_it.o
    0x08005634   0x08005634   0x0000004c   Code   RO         4017    i.Uart2_Dma_Printf  bsp_uart.o
    0x08005680   0x08005680   0x00000002   Code   RO         3441    i.UsageFault_Handler  stm32f4xx_it.o
    0x08005682   0x08005682   0x00000002   PAD
    0x08005684   0x08005684   0x0000002c   Code   RO         5070    i.__0vsnprintf      mc_w.l(printfa.o)
    0x080056b0   0x080056b0   0x00000026   Code   RO         5170    i.__ARM_fpclassifyf  m_wm.l(fpclassifyf.o)
    0x080056d6   0x080056d6   0x00000020   Code   RO         1308    i.__NVIC_SetPriority  stm32f4xx_hal_cortex.o
    0x080056f6   0x080056f6   0x00000002   PAD
    0x080056f8   0x080056f8   0x00000118   Code   RO         4941    i.__hardfp_acosf    m_wm.l(acosf.o)
    0x08005810   0x08005810   0x0000012c   Code   RO         4967    i.__hardfp_asinf    m_wm.l(asinf.o)
    0x0800593c   0x0800593c   0x00000250   Code   RO         4991    i.__hardfp_atan2f   m_wm.l(atan2f.o)
    0x08005b8c   0x08005b8c   0x00000150   Code   RO         5003    i.__hardfp_cosf     m_wm.l(cosf.o)
    0x08005cdc   0x08005cdc   0x0000017c   Code   RO         5015    i.__hardfp_tanf     m_wm.l(tanf.o)
    0x08005e58   0x08005e58   0x00000006   Code   RO         5173    i.__mathlib_flt_infnan  m_wm.l(funder.o)
    0x08005e5e   0x08005e5e   0x00000006   Code   RO         5174    i.__mathlib_flt_infnan2  m_wm.l(funder.o)
    0x08005e64   0x08005e64   0x00000010   Code   RO         5175    i.__mathlib_flt_invalid  m_wm.l(funder.o)
    0x08005e74   0x08005e74   0x00000010   Code   RO         5178    i.__mathlib_flt_underflow  m_wm.l(funder.o)
    0x08005e84   0x08005e84   0x00000154   Code   RO         5189    i.__mathlib_rredf2  m_wm.l(rredf.o)
    0x08005fd8   0x08005fd8   0x0000000e   Code   RO         5243    i.__scatterload_copy  mc_w.l(handlers.o)
    0x08005fe6   0x08005fe6   0x00000002   Code   RO         5244    i.__scatterload_null  mc_w.l(handlers.o)
    0x08005fe8   0x08005fe8   0x0000000e   Code   RO         5245    i.__scatterload_zeroinit  mc_w.l(handlers.o)
    0x08005ff6   0x08005ff6   0x00000002   PAD
    0x08005ff8   0x08005ff8   0x0000000c   Code   RO         5219    i.__set_errno       mc_w.l(errno.o)
    0x08006004   0x08006004   0x00000184   Code   RO         5072    i._fp_digits        mc_w.l(printfa.o)
    0x08006188   0x08006188   0x000006dc   Code   RO         5073    i._printf_core      mc_w.l(printfa.o)
    0x08006864   0x08006864   0x00000024   Code   RO         5074    i._printf_post_padding  mc_w.l(printfa.o)
    0x08006888   0x08006888   0x0000002e   Code   RO         5075    i._printf_pre_padding  mc_w.l(printfa.o)
    0x080068b6   0x080068b6   0x00000016   Code   RO         5076    i._snputc           mc_w.l(printfa.o)
    0x080068cc   0x080068cc   0x00000030   Code   RO         4577    i.abs_limit         pid.o
    0x080068fc   0x080068fc   0x0000002c   Code   RO         4660    i.invSqrt           quaternionekf.o
    0x08006928   0x08006928   0x0000011c   Code   RO         3040    i.main              main.o
    0x08006a44   0x08006a44   0x0000006c   Code   RO         5093    i.malloc            mc_w.l(malloc.o)
    0x08006ab0   0x08006ab0   0x000001e8   Code   RO         4578    i.pid_calc          pid.o
    0x08006c98   0x08006c98   0x0000000e   Code   RO         4579    i.pid_param_init    pid.o
    0x08006ca6   0x08006ca6   0x00000006   Code   RO         4580    i.pid_reset         pid.o
    0x08006cac   0x08006cac   0x0000003e   Code   RO         5035    i.sqrtf             m_wm.l(sqrtf_full.o)
    0x08006cea   0x08006cea   0x00000002   PAD
    0x08006cec   0x08006cec   0x000000cc   Code   RO         4207    i.status_task       status_task.o
    0x08006db8   0x08006db8   0x00000010   Data   RO           15    .constdata          system_stm32f4xx.o
    0x08006dc8   0x08006dc8   0x00000008   Data   RO           16    .constdata          system_stm32f4xx.o
    0x08006dd0   0x08006dd0   0x00000008   Data   RO          998    .constdata          stm32f4xx_hal_dma.o
    0x08006dd8   0x08006dd8   0x0000000c   Data   RO         3562    .constdata          bsp_bmi088.o
    0x08006de4   0x08006de4   0x00000090   Data   RO         4662    .constdata          quaternionekf.o
    0x08006e74   0x08006e74   0x00000020   Data   RO         5190    .constdata          m_wm.l(rredf.o)
    0x08006e94   0x08006e94   0x00000020   Data   RO         5241    Region$$Table       anon$$obj.o


    Execution Region RW_IRAM1 (Exec base: 0x20000000, Load base: 0x08006eb4, Size: 0x00003e40, Max: 0x00020000, ABSOLUTE, COMPRESSED[0x00000068])

    Exec Addr    Load Addr    Size         Type   Attr      Idx    E Section Name        Object

    0x20000000   COMPRESSED   0x00000004   Data   RW           17    .data               system_stm32f4xx.o
    0x20000004   COMPRESSED   0x0000000c   Data   RW         1467    .data               stm32f4xx_hal.o
    0x20000010   COMPRESSED   0x00000010   Data   RW         3563    .data               bsp_bmi088.o
    0x20000020   COMPRESSED   0x00000040   Data   RW         3662    .data               bsp_dwt.o
    0x20000060   COMPRESSED   0x00000078   Data   RW         3853    .data               bsp_imu.o
    0x200000d8   COMPRESSED   0x00000001   Data   RW         3856    .data               bsp_imu.o
    0x200000d9   COMPRESSED   0x00000003   PAD
    0x200000dc   COMPRESSED   0x00000008   Data   RW         4019    .data               bsp_uart.o
    0x200000e4   COMPRESSED   0x00000004   Data   RW         4208    .data               status_task.o
    0x200000e8   COMPRESSED   0x00000018   Data   RW         4358    .data               filter.o
    0x20000100   COMPRESSED   0x00000004   Data   RW         4427    .data               kalman_filter.o
    0x20000104   COMPRESSED   0x0000017c   Data   RW         4507    .data               kalmanfilter.o
    0x20000280   COMPRESSED   0x000000e4   Data   RW         4663    .data               quaternionekf.o
    0x20000364   COMPRESSED   0x00000004   Data   RW         5215    .data               mc_w.l(mvars.o)
    0x20000368   COMPRESSED   0x00000004   Data   RW         5216    .data               mc_w.l(mvars.o)
    0x2000036c   COMPRESSED   0x00000004   Data   RW         5220    .data               mc_w.l(errno.o)
    0x20000370        -       0x00000058   Zero   RW         3263    .bss                spi.o
    0x200003c8        -       0x000000d8   Zero   RW         3310    .bss                tim.o
    0x200004a0        -       0x00000198   Zero   RW         3379    .bss                usart.o
    0x20000638        -       0x00000012   Zero   RW         3561    .bss                bsp_bmi088.o
    0x2000064a   COMPRESSED   0x00000002   PAD
    0x2000064c        -       0x000000d0   Zero   RW         3849    .bss                bsp_imu.o
    0x2000071c        -       0x00000100   Zero   RW         4018    .bss                bsp_uart.o
    0x2000081c        -       0x00000050   Zero   RW         4073    .bss                bmi088_read.o
    0x2000086c        -       0x00000050   Zero   RW         4257    .bss                calibration.o
    0x200008bc        -       0x0000016c   Zero   RW         4357    .bss                filter.o
    0x20000a28        -       0x00000138   Zero   RW         4505    .bss                kalmanfilter.o
    0x20000b60        -       0x00000070   Zero   RW         4597    .bss                pid.o
    0x20000bd0        -       0x00000270   Zero   RW         4661    .bss                quaternionekf.o
    0x20000e40        -       0x00002000   Zero   RW            2    HEAP                startup_stm32f411xe.o
    0x20002e40        -       0x00001000   Zero   RW            1    STACK               startup_stm32f411xe.o


==============================================================================

Image component sizes


      Code (inc. data)   RO Data    RW Data    ZI Data      Debug   Object Name

        18          0          0          0         80       2960   bmi088_read.o
       748         86         12         16         18       5048   bsp_bmi088.o
       180         36          0         64          0       3314   bsp_dwt.o
       444         54          0        121        208       4038   bsp_imu.o
       208         14          0          0          0       2275   bsp_spi.o
        76         12          0          8        256       1970   bsp_uart.o
        40         18          0          0         80       3511   calibration.o
        60          4          0          0          0        826   dma.o
       726         58          0         24        364       4698   filter.o
       152         12          0          0          0        983   gpio.o
        14          0          0          0          0        534   imu_ahrsupdate.o
      2222         20          0          4          0       9123   kalman_filter.o
       354         28          0        380        312       5536   kalmanfilter.o
       520         88          0          0          0      21634   main.o
       580         14          0          0        112       5857   pid.o
      2756        168        144        228        624      10370   quaternionekf.o
       204         22          0          0         88       1793   spi.o
        36          8        408          0      12288        848   startup_stm32f411xe.o
       272         44          0          4          0       1978   status_task.o
       180         28          0         12          0       9441   stm32f4xx_hal.o
       198         14          0          0          0      33943   stm32f4xx_hal_cortex.o
      1084         16          8          0          0       7538   stm32f4xx_hal_dma.o
       490         34          0          0          0       2228   stm32f4xx_hal_gpio.o
        48          6          0          0          0        902   stm32f4xx_hal_msp.o
      1324         74          0          0          0       5308   stm32f4xx_hal_rcc.o
       976         14          0          0          0       5009   stm32f4xx_hal_spi.o
      1820         88          0          0          0      16780   stm32f4xx_hal_tim.o
       128         20          0          0          0       2569   stm32f4xx_hal_tim_ex.o
      1584         30          0          0          0      11423   stm32f4xx_hal_uart.o
        96         34          0          0          0       6885   stm32f4xx_it.o
        16          4         24          4          0     427771   system_stm32f4xx.o
       492         60          0          0        216       4370   tim.o
       548         52          0          0        408       3434   usart.o

    ----------------------------------------------------------------------
     18630       1160        628        868      15056     624897   Object Totals
         0          0         32          0          0          0   (incl. Generated)
        36          0          0          3          2          0   (incl. Padding)

    ----------------------------------------------------------------------

      Code (inc. data)   RO Data    RW Data    ZI Data      Debug   Library Member Name

       264          0          0          0          0      18250   arm_mat_add_f32.o
         8          0          0          0          0        999   arm_mat_init_f32.o
      1328          4          0          0          0       4782   arm_mat_inverse_f32.o
       316          4          0          0          0       2375   arm_mat_mult_f32.o
       264          0          0          0          0       1826   arm_mat_sub_f32.o
       276          0          0          0          0       2240   arm_mat_trans_f32.o
       280         46          0          0          0        176   acosf.o
       300         42          0          0          0        176   asinf.o
       592         90          0          0          0        184   atan2f.o
       336         56          0          0          0        136   cosf.o
        38          0          0          0          0        116   fpclassifyf.o
        44         12          0          0          0        464   funder.o
       340         24         32          0          0        160   rredf.o
        62          0          0          0          0        136   sqrtf_full.o
       380         58          0          0          0        200   tanf.o
        86          0          0          0          0          0   __dczerorl2.o
         0          0          0          0          0          0   entry.o
         0          0          0          0          0          0   entry10a.o
         0          0          0          0          0          0   entry11a.o
         8          4          0          0          0          0   entry2.o
         4          0          0          0          0          0   entry5.o
         0          0          0          0          0          0   entry7b.o
         0          0          0          0          0          0   entry8b.o
         8          4          0          0          0          0   entry9a.o
        12          6          0          4          0         68   errno.o
        30          0          0          0          0          0   handlers.o
        36          8          0          0          0         68   init.o
         0          0          0          0          0          0   iusefp.o
        30          0          0          0          0         68   llshl.o
        36          0          0          0          0         68   llsshr.o
        32          0          0          0          0         68   llushr.o
       108         16          0          0          0         84   malloc.o
        36          0          0          0          0         68   memcpya.o
        36          0          0          0          0        108   memseta.o
         0          0          0          8          0          0   mvars.o
      2292         84          0          0          0        516   printfa.o
        14          0          0          0          0         68   strlen.o
        44          0          0          0          0         80   uidiv.o
        98          0          0          0          0         92   uldiv.o
        48          0          0          0          0         68   cdrcmple.o
        56          0          0          0          0         88   d2f.o
       334          0          0          0          0        148   dadd.o
       222          0          0          0          0        100   ddiv.o
       186          0          0          0          0        176   depilogue.o
        48          0          0          0          0         68   dfixul.o
        34          0          0          0          0         76   dflti.o
       228          0          0          0          0         96   dmul.o
        38          0          0          0          0         68   f2d.o
       110          0          0          0          0        168   fepilogue.o

    ----------------------------------------------------------------------
      9050        458         32         12          0      34632   Library Totals
         8          0          0          0          0          0   (incl. Padding)

    ----------------------------------------------------------------------

      Code (inc. data)   RO Data    RW Data    ZI Data      Debug   Library Name

      2456          8          0          0          0      30472   arm_cortexM4lf_math.lib
      2372        328         32          0          0       1748   m_wm.l
      2910        122          0         12          0       1356   mc_w.l
      1304          0          0          0          0       1056   mf_w.l

    ----------------------------------------------------------------------
      9050        458         32         12          0      34632   Library Totals

    ----------------------------------------------------------------------

==============================================================================


      Code (inc. data)   RO Data    RW Data    ZI Data      Debug   

     27680       1618        660        880      15056     643165   Grand Totals
     27680       1618        660        104      15056     643165   ELF Image Totals (compressed)
     27680       1618        660        104          0          0   ROM Totals

==============================================================================

    Total RO  Size (Code + RO Data)                28340 (  27.68kB)
    Total RW  Size (RW Data + ZI Data)             15936 (  15.56kB)
    Total ROM Size (Code + RO Data + RW Data)      28444 (  27.78kB)

==============================================================================

